Heap Summary:
Partition of a set of 754264 objects. Total size = 54001808 bytes.
 Index  Count   %     Size   % Cumulative  % Kind (class / dict of class)
     0 754264 100 54001808 100  54001808 100 tuplePartition of a set of 249418 objects. Total size = 35142189 bytes.
 Index  Count   %     Size   % Cumulative  % Kind (class / dict of class)
     1 249418 100 35142189 100  89143997 254 strPartition of a set of 51058 objects. Total size = 20443008 bytes.
 Index  Count   %     Size   % Cumulative  % Kind (class / dict of class)
     2  51058 100 20443008 100 109587005 536 types.CodeTypePartition of a set of 324 objects. Total size = 20294802 bytes.
 Index  Count   %     Size   % Cumulative  % Kind (class / dict of class)
     3    324 100 20294802 100 129881807 640 numpy.ndarrayPartition of a set of 104542 objects. Total size = 8859871 bytes.
 Index  Count   %     Size   % Cumulative  % Kind (class / dict of class)
     4 104542 100  8859871 100 138741678 1566 bytesPartition of a set of 48233 objects. Total size = 7717280 bytes.
 Index  Count   %     Size   % Cumulative  % Kind (class / dict of class)
     5  48233 100  7717280 100 146458958 1898 functionPartition of a set of 5578 objects. Total size = 7389888 bytes.
 Index  Count   %     Size   % Cumulative  % Kind (class / dict of class)
     6   5578 100  7389888 100 153848846 2082 typePartition of a set of 14925 objects. Total size = 6099632 bytes.
 Index  Count   %     Size   % Cumulative  % Kind (class / dict of class)
     7  14925 100  6099632 100 159948478 2622 listPartition of a set of 13997 objects. Total size = 4679808 bytes.
 Index  Count   %     Size   % Cumulative  % Kind (class / dict of class)
     8  13997 100  4679808 100 164628286 3518 dict (no owner)Partition of a set of 2544 objects. Total size = 2578496 bytes.
 Index  Count   %     Size   % Cumulative  % Kind (class / dict of class)
     9   2544 100  2578496 100 167206782 6485 dict of modulePartition of a set of 5433 objects. Total size = 2082552 bytes.
 Index  Count   %     Size   % Cumulative  % Kind (class / dict of class)
    10   5433 100  2082552 100 169289334 8129 dict of typePartition of a set of 1967 objects. Total size = 1651112 bytes.
 Index  Count   %     Size   % Cumulative  % Kind (class / dict of class)
    11   1967 100  1651112 100 170940446 10353 setPartition of a set of 46588 objects. Total size = 1347648 bytes.
 Index  Count   %     Size   % Cumulative  % Kind (class / dict of class)
    12  46588 100  1347648 100 172288094 12784 intPartition of a set of 11986 objects. Total size = 958880 bytes.
 Index  Count   %     Size   % Cumulative  % Kind (class / dict of class)
    13  11986 100   958880 100 173246974 18068 weakref.ReferenceTypePartition of a set of 805 objects. Total size = 898072 bytes.
 Index  Count   %     Size   % Cumulative  % Kind (class / dict of class)
    14    805 100   898072 100 174145046 19391 collections.OrderedDictPartition of a set of 558 objects. Total size = 891696 bytes.
 Index  Count   %     Size   % Cumulative  % Kind (class / dict of class)
    15    558 100   891696 100 175036742 19630 abc.ABCMetaPartition of a set of 10507 objects. Total size = 672448 bytes.
 Index  Count   %     Size   % Cumulative  % Kind (class / dict of class)
    16  10507 100   672448 100 175709190 26130 inspect.ParameterPartition of a set of 4482 objects. Total size = 658032 bytes.
 Index  Count   %     Size   % Cumulative  % Kind (class / dict of class)
    17   4482 100   658032 100 176367222 26802 dict of functionPartition of a set of 13648 objects. Total size = 655104 bytes.
 Index  Count   %     Size   % Cumulative  % Kind (class / dict of class)
    18  13648 100   655104 100 177022326 27022 tracemalloc.TracebackPartition of a set of 10335 objects. Total size = 578760 bytes.
 Index  Count   %     Size   % Cumulative  % Kind (class / dict of class)
    19  10335 100   578760 100 177601086 30686 tracemalloc.StatisticPartition of a set of 7447 objects. Total size = 536184 bytes.
 Index  Count   %     Size   % Cumulative  % Kind (class / dict of class)
    20   7447 100   536184 100 178137270 33223 types.BuiltinMethodTypePartition of a set of 10465 objects. Total size = 418600 bytes.
 Index  Count   %     Size   % Cumulative  % Kind (class / dict of class)
    21  10465 100   418600 100 178555870 42655 types.CellTypePartition of a set of 1239 objects. Total size = 402280 bytes.
 Index  Count   %     Size   % Cumulative  % Kind (class / dict of class)
    22   1239 100   402280 100 178958150 44486 frozensetPartition of a set of 236 objects. Total size = 402144 bytes.
 Index  Count   %     Size   % Cumulative  % Kind (class / dict of class)
    23    236 100   402144 100 179360294 44601 dash.development.base_component.ComponentMetaPartition of a set of 2537 objects. Total size = 365328 bytes.
 Index  Count   %     Size   % Cumulative  % Kind (class / dict of class)
    24   2537 100   365328 100 179725622 49196 dict of _frozen_importlib.ModuleSpecPartition of a set of 5586 objects. Total size = 357504 bytes.
 Index  Count   %     Size   % Cumulative  % Kind (class / dict of class)
    25   5586 100   357504 100 180083126 50372 types.GetSetDescriptorTypePartition of a set of 13381 objects. Total size = 321144 bytes.
 Index  Count   %     Size   % Cumulative  % Kind (class / dict of class)
    26  13381 100   321144 100 180404270 56176 floatPartition of a set of 558 objects. Total size = 258136 bytes.
 Index  Count   %     Size   % Cumulative  % Kind (class / dict of class)
    27    558 100   258136 100 180662406 69987 dict of abc.ABCMetaPartition of a set of 3114 objects. Total size = 249120 bytes.
 Index  Count   %     Size   % Cumulative  % Kind (class / dict of class)
    28   3114 100   249120 100 180911526 72620 propertyPartition of a set of 3313 objects. Total size = 238536 bytes.
 Index  Count   %     Size   % Cumulative  % Kind (class / dict of class)
    29   3313 100   238536 100 181150062 75942 tracemalloc.StatisticDiffPartition of a set of 3140 objects. Total size = 226080 bytes.
 Index  Count   %     Size   % Cumulative  % Kind (class / dict of class)
    30   3140 100   226080 100 181376142 80227 types.WrapperDescriptorTypePartition of a set of 131 objects. Total size = 223224 bytes.
 Index  Count   %     Size   % Cumulative  % Kind (class / dict of class)
    31    131 100   223224 100 181599366 81353 enum.EnumTypePartition of a set of 3015 objects. Total size = 217080 bytes.
 Index  Count   %     Size   % Cumulative  % Kind (class / dict of class)
    32   3015 100   217080 100 181816446 83756 types.MethodDescriptorTypePartition of a set of 517 objects. Total size = 206996 bytes.
 Index  Count   %     Size   % Cumulative  % Kind (class / dict of class)
    33    517 100   206996 100 182023442 87936 re.PatternPartition of a set of 2255 objects. Total size = 198440 bytes.
 Index  Count   %     Size   % Cumulative  % Kind (class / dict of class)
    34   2255 100   198440 100 182221882 91827 dict of _frozen_importlib_external.SourceFileLoaderPartition of a set of 889 objects. Total size = 184912 bytes.
 Index  Count   %     Size   % Cumulative  % Kind (class / dict of class)
    35    889 100   184912 100 182406794 98645 _cython_3_0_10.cython_function_or_methodPartition of a set of 2544 objects. Total size = 183168 bytes.
 Index  Count   %     Size   % Cumulative  % Kind (class / dict of class)
    36   2544 100   183168 100 182589962 99684 modulePartition of a set of 106 objects. Total size = 180624 bytes.
 Index  Count   %     Size   % Cumulative  % Kind (class / dict of class)
    37    106 100   180624 100 182770586 101188 traitlets.traitlets.MetaHasTraitsPartition of a set of 16 objects. Total size = 178816 bytes.
 Index  Count   %     Size   % Cumulative  % Kind (class / dict of class)
    38     16 100   178816 100 182949402 102312 _io.BufferedWriterPartition of a set of 878 objects. Total size = 162168 bytes.
 Index  Count   %     Size   % Cumulative  % Kind (class / dict of class)
    39    878 100   162168 100 183111570 112915 dict of classmethodPartition of a set of 771 objects. Total size = 160368 bytes.
 Index  Count   %     Size   % Cumulative  % Kind (class / dict of class)
    40    771 100   160368 100 183271938 114282 _cython_3_0_9.cython_function_or_methodPartition of a set of 131 objects. Total size = 158928 bytes.
 Index  Count   %     Size   % Cumulative  % Kind (class / dict of class)
    41    131 100   158928 100 183430866 115418 dict of enum.EnumTypePartition of a set of 2797 objects. Total size = 134256 bytes.
 Index  Count   %     Size   % Cumulative  % Kind (class / dict of class)
    42   2797 100   134256 100 183565122 136728 builtins.PyCapsulePartition of a set of 1957 objects. Total size = 125248 bytes.
 Index  Count   %     Size   % Cumulative  % Kind (class / dict of class)
    43   1957 100   125248 100 183690370 146661 types.MethodTypePartition of a set of 2537 objects. Total size = 121776 bytes.
 Index  Count   %     Size   % Cumulative  % Kind (class / dict of class)
    44   2537 100   121776 100 183812146 150943 _frozen_importlib.ModuleSpecPartition of a set of 537 objects. Total size = 120288 bytes.
 Index  Count   %     Size   % Cumulative  % Kind (class / dict of class)
    45    537 100   120288 100 183932434 152910 builtins.fused_cython_functionPartition of a set of 69 objects. Total size = 117576 bytes.
 Index  Count   %     Size   % Cumulative  % Kind (class / dict of class)
    46     69 100   117576 100 184050010 156537 jinja2.nodes.NodeTypePartition of a set of 608 objects. Total size = 111960 bytes.
 Index  Count   %     Size   % Cumulative  % Kind (class / dict of class)
    47    608 100   111960 100 184161970 164489 dict of staticmethodPartition of a set of 3443 objects. Total size = 110176 bytes.
 Index  Count   %     Size   % Cumulative  % Kind (class / dict of class)
    48   3443 100   110176 100 184272146 167253 numpy.float64Partition of a set of 236 objects. Total size = 109872 bytes.
 Index  Count   %     Size   % Cumulative  % Kind (class / dict of class)
    49    236 100   109872 100 184382018 167815 dict of
                                                dash.development.base_component.ComponentMetaPartition of a set of 2255 objects. Total size = 108240 bytes.
 Index  Count   %     Size   % Cumulative  % Kind (class / dict of class)
    50   2255 100   108240 100 184490258 170446 _frozen_importlib_external.SourceFileLoaderPartition of a set of 378 objects. Total size = 93744 bytes.
 Index  Count   %     Size   % Cumulative  % Kind (class / dict of class)
    51    378 100    93744 100 184584002 196902 numpy.ufuncPartition of a set of 689 objects. Total size = 89456 bytes.
 Index  Count   %     Size   % Cumulative  % Kind (class / dict of class)
    52    689 100    89456 100 184673458 206441 dict of _cython_3_0_10.cython_function_or_methodPartition of a set of 641 objects. Total size = 82048 bytes.
 Index  Count   %     Size   % Cumulative  % Kind (class / dict of class)
    53    641 100    82048 100 184755506 225180 dict of typing._GenericAliasPartition of a set of 268 objects. Total size = 81472 bytes.
 Index  Count   %     Size   % Cumulative  % Kind (class / dict of class)
    54    268 100    81472 100 184836978 226872 dict of PIL.ExifTags.BasePartition of a set of 267 objects. Total size = 81168 bytes.
 Index  Count   %     Size   % Cumulative  % Kind (class / dict of class)
    55    267 100    81168 100 184918146 227821 dict of scipy.io.wavfile.WAVE_FORMATPartition of a set of 106 objects. Total size = 79648 bytes.
 Index  Count   %     Size   % Cumulative  % Kind (class / dict of class)
    56    106 100    79648 100 184997794 232269 dict of traitlets.traitlets.MetaHasTraitsPartition of a set of 47 objects. Total size = 73944 bytes.
 Index  Count   %     Size   % Cumulative  % Kind (class / dict of class)
    57     47 100    73944 100 185071738 250286 typing._ProtocolMetaPartition of a set of 572 objects. Total size = 73216 bytes.
 Index  Count   %     Size   % Cumulative  % Kind (class / dict of class)
    58    572 100    73216 100 185144954 252875 dict of typing._UnionGenericAliasPartition of a set of 1085 objects. Total size = 69440 bytes.
 Index  Count   %     Size   % Cumulative  % Kind (class / dict of class)
    59   1085 100    69440 100 185214394 266726 types.MemberDescriptorTypePartition of a set of 220 objects. Total size = 66880 bytes.
 Index  Count   %     Size   % Cumulative  % Kind (class / dict of class)
    60    220 100    66880 100 185281274 277035 dict of typing.TypeVarPartition of a set of 5 objects. Total size = 66376 bytes.
 Index  Count   %     Size   % Cumulative  % Kind (class / dict of class)
    61      5 100    66376 100 185347650 279239 _io.BufferedReaderPartition of a set of 319 objects. Total size = 66352 bytes.
 Index  Count   %     Size   % Cumulative  % Kind (class / dict of class)
    62    319 100    66352 100 185414002 279440 _cython_3_0_8.cython_function_or_methodPartition of a set of 455 objects. Total size = 58240 bytes.
 Index  Count   %     Size   % Cumulative  % Kind (class / dict of class)
    63    455 100    58240 100 185472242 318462 dict of matplotlib.font_manager.FontEntryPartition of a set of 265 objects. Total size = 55120 bytes.
 Index  Count   %     Size   % Cumulative  % Kind (class / dict of class)
    64    265 100    55120 100 185527362 336588 _cython_3_0_6.cython_function_or_methodPartition of a set of 848 objects. Total size = 54272 bytes.
 Index  Count   %     Size   % Cumulative  % Kind (class / dict of class)
    65    848 100    54272 100 185581634 341947 _abc._abc_dataPartition of a set of 335 objects. Total size = 48240 bytes.
 Index  Count   %     Size   % Cumulative  % Kind (class / dict of class)
    66    335 100    48240 100 185629874 384805 dict of enum.propertyPartition of a set of 849 objects. Total size = 47544 bytes.
 Index  Count   %     Size   % Cumulative  % Kind (class / dict of class)
    67    849 100    47544 100 185677418 390538 functools._lru_list_elemPartition of a set of 233 objects. Total size = 46600 bytes.
 Index  Count   %     Size   % Cumulative  % Kind (class / dict of class)
    68    233 100    46600 100 185724018 398549 builtins.cython_function_or_methodPartition of a set of 28 objects. Total size = 46440 bytes.
 Index  Count   %     Size   % Cumulative  % Kind (class / dict of class)
    69     28 100    46440 100 185770458 400023 _ctypes.PyCSimpleTypePartition of a set of 444 objects. Total size = 46176 bytes.
 Index  Count   %     Size   % Cumulative  % Kind (class / dict of class)
    70    444 100    46176 100 185816634 402410 pathlib.PosixPathPartition of a set of 151 objects. Total size = 45904 bytes.
 Index  Count   %     Size   % Cumulative  % Kind (class / dict of class)
    71    151 100    45904 100 185862538 404894 dict of prompt_toolkit.keys.KeysPartition of a set of 942 objects. Total size = 45216 bytes.
 Index  Count   %     Size   % Cumulative  % Kind (class / dict of class)
    72    942 100    45216 100 185907754 411155 classmethodPartition of a set of 256 objects. Total size = 45056 bytes.
 Index  Count   %     Size   % Cumulative  % Kind (class / dict of class)
    73    256 100    45056 100 185952810 412715 dict of matplotlib.colors.LinearSegmentedColormapPartition of a set of 884 objects. Total size = 42432 bytes.
 Index  Count   %     Size   % Cumulative  % Kind (class / dict of class)
    74    884 100    42432 100 185995242 438337 staticmethodPartition of a set of 31 objects. Total size = 40504 bytes.
 Index  Count   %     Size   % Cumulative  % Kind (class / dict of class)
    75     31 100    40504 100 186035746 459302 matplotlib.RcParamsPartition of a set of 145 objects. Total size = 39440 bytes.
 Index  Count   %     Size   % Cumulative  % Kind (class / dict of class)
    76    145 100    39440 100 186075186 471793 dict of functools._lru_cache_wrapperPartition of a set of 370 objects. Total size = 38480 bytes.
 Index  Count   %     Size   % Cumulative  % Kind (class / dict of class)
    77    370 100    38480 100 186113666 483663 typing.ForwardRefPartition of a set of 799 objects. Total size = 38352 bytes.
 Index  Count   %     Size   % Cumulative  % Kind (class / dict of class)
    78    799 100    38352 100 186152018 485378 inspect.SignaturePartition of a set of 582 objects. Total size = 37248 bytes.
 Index  Count   %     Size   % Cumulative  % Kind (class / dict of class)
    79    582 100    37248 100 186189266 499864 packaging.tags.TagPartition of a set of 461 objects. Total size = 36880 bytes.
 Index  Count   %     Size   % Cumulative  % Kind (class / dict of class)
    80    461 100    36880 100 186226146 504952 functools.partialPartition of a set of 733 objects. Total size = 35184 bytes.
 Index  Count   %     Size   % Cumulative  % Kind (class / dict of class)
    81    733 100    35184 100 186261330 529392 collections._tuplegetterPartition of a set of 20 objects. Total size = 34080 bytes.
 Index  Count   %     Size   % Cumulative  % Kind (class / dict of class)
    82     20 100    34080 100 186295410 546641 jedi.inference.filters._OverwriteMetaPartition of a set of 152 objects. Total size = 34048 bytes.
 Index  Count   %     Size   % Cumulative  % Kind (class / dict of class)
    83    152 100    34048 100 186329458 547255 _cython_3_0_8.fused_cython_functionPartition of a set of 1 object. Total size = 33000 bytes.
 Index  Count   %     Size   % Cumulative  % Kind (class / dict of class)
    84      1 100    33000 100 186362458 564735 pytz.lazy.LazySetPartition of a set of 1 object. Total size = 33000 bytes.
 Index  Count   %     Size   % Cumulative  % Kind (class / dict of class)
    85      1 100    33000 100 186395458 564835 pytz.lazy.LazySetPartition of a set of 809 objects. Total size = 32360 bytes.
 Index  Count   %     Size   % Cumulative  % Kind (class / dict of class)
    86    809 100    32360 100 186427818 576106 types.MappingProxyTypePartition of a set of 102 objects. Total size = 31008 bytes.
 Index  Count   %     Size   % Cumulative  % Kind (class / dict of class)
    87    102 100    31008 100 186458826 601325 dict of zmq.constants.SocketOptionPartition of a set of 641 objects. Total size = 30768 bytes.
 Index  Count   %     Size   % Cumulative  % Kind (class / dict of class)
    88    641 100    30768 100 186489594 606115 typing._GenericAliasPartition of a set of 272 objects. Total size = 30464 bytes.
 Index  Count   %     Size   % Cumulative  % Kind (class / dict of class)
    89    272 100    30464 100 186520058 612264 dict of _frozen_importlib_external.FileFinderPartition of a set of 572 objects. Total size = 27456 bytes.
 Index  Count   %     Size   % Cumulative  % Kind (class / dict of class)
    90    572 100    27456 100 186547514 679442 typing._UnionGenericAliasPartition of a set of 86 objects. Total size = 26864 bytes.
 Index  Count   %     Size   % Cumulative  % Kind (class / dict of class)
    91     86 100    26864 100 186574378 694515 dict of pygments.token._TokenTypePartition of a set of 1 object. Total size = 26048 bytes.
 Index  Count   %     Size   % Cumulative  % Kind (class / dict of class)
    92      1 100    26048 100 186600426 716371 matplotlib.colors._ColorMappingPartition of a set of 96 objects. Total size = 25144 bytes.
 Index  Count   %     Size   % Cumulative  % Kind (class / dict of class)
    93     96 100    25144 100 186625570 742227 dict of pyparsing.core.AndPartition of a set of 63 objects. Total size = 24624 bytes.
 Index  Count   %     Size   % Cumulative  % Kind (class / dict of class)
    94     63 100    24624 100 186650194 758001 dict of pyparsing.core.RegexPartition of a set of 44 objects. Total size = 24616 bytes.
 Index  Count   %     Size   % Cumulative  % Kind (class / dict of class)
    95     44 100    24616 100 186674810 758347 builtins.StgDictPartition of a set of 145 objects. Total size = 24360 bytes.
 Index  Count   %     Size   % Cumulative  % Kind (class / dict of class)
    96    145 100    24360 100 186699170 766417 functools._lru_cache_wrapperPartition of a set of 589 objects. Total size = 23560 bytes.
 Index  Count   %     Size   % Cumulative  % Kind (class / dict of class)
    97    589 100    23560 100 186722730 792541 builtins.fortranPartition of a set of 76 objects. Total size = 23104 bytes.
 Index  Count   %     Size   % Cumulative  % Kind (class / dict of class)
    98     76 100    23104 100 186745834 808284 dict of re._constants._NamedIntConstantPartition of a set of 47 objects. Total size = 22720 bytes.
 Index  Count   %     Size   % Cumulative  % Kind (class / dict of class)
    99     47 100    22720 100 186768554 822045 dict of typing._ProtocolMetaPartition of a set of 121 objects. Total size = 22176 bytes.
 Index  Count   %     Size   % Cumulative  % Kind (class / dict of class)
   100    121 100    22176 100 186790730 842310 collections.defaultdictPartition of a set of 455 objects. Total size = 21840 bytes.
 Index  Count   %     Size   % Cumulative  % Kind (class / dict of class)
   101    455 100    21840 100 186812570 855369 matplotlib.font_manager.FontEntryPartition of a set of 225 objects. Total size = 21600 bytes.
 Index  Count   %     Size   % Cumulative  % Kind (class / dict of class)
   102    225 100    21600 100 186834170 864973 typing.TypeVarPartition of a set of 12 objects. Total size = 20448 bytes.
 Index  Count   %     Size   % Cumulative  % Kind (class / dict of class)
   103     12 100    20448 100 186854618 913804 typing._TypedDictMetaPartition of a set of 317 objects. Total size = 20288 bytes.
 Index  Count   %     Size   % Cumulative  % Kind (class / dict of class)
   104    317 100    20288 100 186874906 921111 numpy._ArrayFunctionDispatcherPartition of a set of 228 objects. Total size = 20064 bytes.
 Index  Count   %     Size   % Cumulative  % Kind (class / dict of class)
   105    228 100    20064 100 186894970 931494 dict of
                                                _frozen_importlib_external.ExtensionFileLoaderPartition of a set of 12 objects. Total size = 19176 bytes.
 Index  Count   %     Size   % Cumulative  % Kind (class / dict of class)
   106     12 100    19176 100 186914146 974730 _ctypes.PyCFuncPtrTypePartition of a set of 69 objects. Total size = 18960 bytes.
 Index  Count   %     Size   % Cumulative  % Kind (class / dict of class)
   107     69 100    18960 100 186933106 985934 dict of jinja2.nodes.NodeTypePartition of a set of 62 objects. Total size = 18848 bytes.
 Index  Count   %     Size   % Cumulative  % Kind (class / dict of class)
   108     62 100    18848 100 186951954 991893 dict of http.HTTPStatusPartition of a set of 231 objects. Total size = 18480 bytes.
 Index  Count   %     Size   % Cumulative  % Kind (class / dict of class)
   109    231 100    18480 100 186970434 1011745 types.GenericAliasPartition of a set of 10 objects. Total size = 17040 bytes.
 Index  Count   %     Size   % Cumulative  % Kind (class / dict of class)
   110     10 100    17040 100 186987474 1097344 pygments.lexer.RegexLexerMetaPartition of a set of 268 objects. Total size = 16080 bytes.
 Index  Count   %     Size   % Cumulative  % Kind (class / dict of class)
   111    268 100    16080 100 187003554 1162957 PIL.ExifTags.BasePartition of a set of 335 objects. Total size = 16080 bytes.
 Index  Count   %     Size   % Cumulative  % Kind (class / dict of class)
   112    335 100    16080 100 187019634 1163057 enum.propertyPartition of a set of 267 objects. Total size = 16020 bytes.
 Index  Count   %     Size   % Cumulative  % Kind (class / dict of class)
   113    267 100    16020 100 187035654 1167513 scipy.io.wavfile.WAVE_FORMATPartition of a set of 331 objects. Total size = 15888 bytes.
 Index  Count   %     Size   % Cumulative  % Kind (class / dict of class)
   114    331 100    15888 100 187051542 1177313 rangePartition of a set of 129 objects. Total size = 15480 bytes.
 Index  Count   %     Size   % Cumulative  % Kind (class / dict of class)
   115    129 100    15480 100 187067022 1208443 dict of typing._CallableGenericAliasPartition of a set of 151 objects. Total size = 15413 bytes.
 Index  Count   %     Size   % Cumulative  % Kind (class / dict of class)
   116    151 100    15413 100 187082435 1213796 prompt_toolkit.keys.KeysPartition of a set of 378 objects. Total size = 15120 bytes.
 Index  Count   %     Size   % Cumulative  % Kind (class / dict of class)
   117    378 100    15120 100 187097555 1237418 h5py._objects.__pyx_scope_struct__with_philPartition of a set of 231 objects. Total size = 14784 bytes.
 Index  Count   %     Size   % Cumulative  % Kind (class / dict of class)
   118    231 100    14784 100 187112339 1265641 pyparsing.core.DebugActionsPartition of a set of 113 objects. Total size = 14464 bytes.
 Index  Count   %     Size   % Cumulative  % Kind (class / dict of class)
   119    113 100    14464 100 187126803 1293742 dict of typing._LiteralGenericAliasPartition of a set of 9 objects. Total size = 14256 bytes.
 Index  Count   %     Size   % Cumulative  % Kind (class / dict of class)
   120      9 100    14256 100 187141059 1312718 dict of pyparsing.core.WordPartition of a set of 98 objects. Total size = 14112 bytes.
 Index  Count   %     Size   % Cumulative  % Kind (class / dict of class)
   121     98 100    14112 100 187155171 1326213 dict of pympler.asizeof._TypedefPartition of a set of 53 objects. Total size = 13992 bytes.
 Index  Count   %     Size   % Cumulative  % Kind (class / dict of class)
   122     53 100    13992 100 187169163 1337687 dict of pyparsing.core._SingleCharLiteralPartition of a set of 10 objects. Total size = 13872 bytes.
 Index  Count   %     Size   % Cumulative  % Kind (class / dict of class)
   123     10 100    13872 100 187183035 1349359
                                                 importlib_metadata._collections.FreezableDefaultDic
                                                 tPartition of a set of 80 objects. Total size = 13440 bytes.
 Index  Count   %     Size   % Cumulative  % Kind (class / dict of class)
   124     80 100    13440 100 187196475 1392831 dict of matplotlib.colors.ListedColormapPartition of a set of 111 objects. Total size = 13320 bytes.
 Index  Count   %     Size   % Cumulative  % Kind (class / dict of class)
   125    111 100    13320 100 187209795 1405479 dataclasses.FieldPartition of a set of 206 objects. Total size = 13184 bytes.
 Index  Count   %     Size   % Cumulative  % Kind (class / dict of class)
   126    206 100    13184 100 187222979 1420077 pyarrow._compute.ScalarFunctionPartition of a set of 109 objects. Total size = 13080 bytes.
 Index  Count   %     Size   % Cumulative  % Kind (class / dict of class)
   127    109 100    13080 100 187236059 1431468 dict of traitlets.traitlets.UnicodePartition of a set of 272 objects. Total size = 13056 bytes.
 Index  Count   %     Size   % Cumulative  % Kind (class / dict of class)
   128    272 100    13056 100 187249115 1434200 _frozen_importlib_external.FileFinderPartition of a set of 42 objects. Total size = 12768 bytes.
 Index  Count   %     Size   % Cumulative  % Kind (class / dict of class)
   129     42 100    12768 100 187261883 1466650 dict of werkzeug.utils.cached_propertyPartition of a set of 41 objects. Total size = 12464 bytes.
 Index  Count   %     Size   % Cumulative  % Kind (class / dict of class)
   130     41 100    12464 100 187274347 1502522 dict of guppy.etc.Descriptor.property_expPartition of a set of 256 objects. Total size = 12288 bytes.
 Index  Count   %     Size   % Cumulative  % Kind (class / dict of class)
   131    256 100    12288 100 187286635 1524143 matplotlib.colors.LinearSegmentedColormapPartition of a set of 126 objects. Total size = 12096 bytes.
 Index  Count   %     Size   % Cumulative  % Kind (class / dict of class)
   132    126 100    12096 100 187298731 1548435 dict of dash.dependencies.InputPartition of a set of 93 objects. Total size = 11904 bytes.
 Index  Count   %     Size   % Cumulative  % Kind (class / dict of class)
   133     93 100    11904 100 187310635 1573510 dict of traitlets.traitlets.BoolPartition of a set of 39 objects. Total size = 11856 bytes.
 Index  Count   %     Size   % Cumulative  % Kind (class / dict of class)
   134     39 100    11856 100 187322491 1579981 dict of zmq.constants.EventPartition of a set of 147 objects. Total size = 11760 bytes.
 Index  Count   %     Size   % Cumulative  % Kind (class / dict of class)
   135    147 100    11760 100 187334251 1592978 PIL.TiffTags.TagInfoPartition of a set of 228 objects. Total size = 10944 bytes.
 Index  Count   %     Size   % Cumulative  % Kind (class / dict of class)
   136    228 100    10944 100 187345195 1711853 _frozen_importlib_external.ExtensionFileLoaderPartition of a set of 25 objects. Total size = 10800 bytes.
 Index  Count   %     Size   % Cumulative  % Kind (class / dict of class)
   137     25 100    10800 100 187355995 1734778 numpy._DTypeMetaPartition of a set of 34 objects. Total size = 10336 bytes.
 Index  Count   %     Size   % Cumulative  % Kind (class / dict of class)
   138     34 100    10336 100 187366331 1812755 dict of ssl._TLSAlertTypePartition of a set of 73 objects. Total size = 9928 bytes.
 Index  Count   %     Size   % Cumulative  % Kind (class / dict of class)
   139     73 100     9928 100 187376259 1887352 dict of dash.html.Div.DivPartition of a set of 32 objects. Total size = 9728 bytes.
 Index  Count   %     Size   % Cumulative  % Kind (class / dict of class)
   140     32 100     9728 100 187385987 1926254 dict of PIL.ExifTags.GPSPartition of a set of 37 objects. Total size = 9472 bytes.
 Index  Count   %     Size   % Cumulative  % Kind (class / dict of class)
   141     37 100     9472 100 187395459 1978415 dict of pyparsing.core.OptPartition of a set of 31 objects. Total size = 9424 bytes.
 Index  Count   %     Size   % Cumulative  % Kind (class / dict of class)
   142     31 100     9424 100 187404883 1988592 dict of psutil._psposix.NegsignalPartition of a set of 31 objects. Total size = 9424 bytes.
 Index  Count   %     Size   % Cumulative  % Kind (class / dict of class)
   143     31 100     9424 100 187414307 1988692 dict of signal.SignalsPartition of a set of 61 objects. Total size = 8784 bytes.
 Index  Count   %     Size   % Cumulative  % Kind (class / dict of class)
   144     61 100     8784 100 187423091 2133687 dict of traitlets.traitlets.InstancePartition of a set of 151 objects. Total size = 8456 bytes.
 Index  Count   %     Size   % Cumulative  % Kind (class / dict of class)
   145    151 100     8456 100 187431547 2216551 pandas._libs.properties.CachedPropertyPartition of a set of 88 objects. Total size = 8448 bytes.
 Index  Count   %     Size   % Cumulative  % Kind (class / dict of class)
   146     88 100     8448 100 187439995 2218750 dict of six.MovedAttributePartition of a set of 88 objects. Total size = 8448 bytes.
 Index  Count   %     Size   % Cumulative  % Kind (class / dict of class)
   147     88 100     8448 100 187448443 2218850 dict of urllib3.packages.six.MovedAttributePartition of a set of 11 objects. Total size = 8360 bytes.
 Index  Count   %     Size   % Cumulative  % Kind (class / dict of class)
   148     11 100     8360 100 187456803 2242306 collections.dequePartition of a set of 58 objects. Total size = 8352 bytes.
 Index  Count   %     Size   % Cumulative  % Kind (class / dict of class)
   149     58 100     8352 100 187465155 2244554 dict of logging.LoggerPartition of a set of 27 objects. Total size = 8208 bytes.
 Index  Count   %     Size   % Cumulative  % Kind (class / dict of class)
   150     27 100     8208 100 187473363 2284032 dict of ssl.AlertDescriptionPartition of a set of 85 objects. Total size = 8160 bytes.
 Index  Count   %     Size   % Cumulative  % Kind (class / dict of class)
   151     85 100     8160 100 187481523 2297568 dict of dash.dependencies.OutputPartition of a set of 108 objects. Total size = 7776 bytes.
 Index  Count   %     Size   % Cumulative  % Kind (class / dict of class)
   152    108 100     7776 100 187489299 2411128 types.ClassMethodDescriptorTypePartition of a set of 3 objects. Total size = 7656 bytes.
 Index  Count   %     Size   % Cumulative  % Kind (class / dict of class)
   153      3 100     7656 100 187496955 2449020 random.RandomPartition of a set of 25 objects. Total size = 7600 bytes.
 Index  Count   %     Size   % Cumulative  % Kind (class / dict of class)
   154     25 100     7600 100 187504555 2467165 dict of zmq.constants.ErrnoPartition of a set of 59 objects. Total size = 7552 bytes.
 Index  Count   %     Size   % Cumulative  % Kind (class / dict of class)
   155     59 100     7552 100 187512107 2482946 dict of dash.html.P.PPartition of a set of 24 objects. Total size = 7296 bytes.
 Index  Count   %     Size   % Cumulative  % Kind (class / dict of class)
   156     24 100     7296 100 187519403 2570167 dict of abc.abstractpropertyPartition of a set of 67 objects. Total size = 6968 bytes.
 Index  Count   %     Size   % Cumulative  % Kind (class / dict of class)
   157     67 100     6968 100 187526371 2691251 dict of IPython.terminal.shortcuts.BindingPartition of a set of 4 objects. Total size = 6816 bytes.
 Index  Count   %     Size   % Cumulative  % Kind (class / dict of class)
   158      4 100     6816 100 187533187 2751367 parso.normalizer._NormalizerMetaPartition of a set of 6 objects. Total size = 6728 bytes.
 Index  Count   %     Size   % Cumulative  % Kind (class / dict of class)
   159      6 100     6728 100 187539915 2787454 pandas.core.series.SeriesPartition of a set of 26 objects. Total size = 6720 bytes.
 Index  Count   %     Size   % Cumulative  % Kind (class / dict of class)
   160     26 100     6720 100 187546635 2790873 types.FrameTypePartition of a set of 22 objects. Total size = 6688 bytes.
 Index  Count   %     Size   % Cumulative  % Kind (class / dict of class)
   161     22 100     6688 100 187553323 2804326 dict of re.RegexFlagPartition of a set of 22 objects. Total size = 6688 bytes.
 Index  Count   %     Size   % Cumulative  % Kind (class / dict of class)
   162     22 100     6688 100 187560011 2804426 dict of ssl._TLSMessageTypePartition of a set of 1 object. Total size = 6576 bytes.
 Index  Count   %     Size   % Cumulative  % Kind (class / dict of class)
   163      1 100     6576 100 187566587 2852290 dict of requests.structures.LookupDictPartition of a set of 63 objects. Total size = 6552 bytes.
 Index  Count   %     Size   % Cumulative  % Kind (class / dict of class)
   164     63 100     6552 100 187573139 2862838 dict of prompt_toolkit.filters.base._AndListPartition of a set of 40 objects. Total size = 6400 bytes.
 Index  Count   %     Size   % Cumulative  % Kind (class / dict of class)
   165     40 100     6400 100 187579539 2930930 dict of traitlets.traitlets.ListPartition of a set of 21 objects. Total size = 6384 bytes.
 Index  Count   %     Size   % Cumulative  % Kind (class / dict of class)
   166     21 100     6384 100 187585923 2938376 dict of PIL.ExifTags.LightSourcePartition of a set of 21 objects. Total size = 6384 bytes.
 Index  Count   %     Size   % Cumulative  % Kind (class / dict of class)
   167     21 100     6384 100 187592307 2938476 dict of zmq.constants.SocketTypePartition of a set of 49 objects. Total size = 6272 bytes.
 Index  Count   %     Size   % Cumulative  % Kind (class / dict of class)
   168     49 100     6272 100 187598579 2991049 dict of
                                                 prompt_toolkit.key_binding.key_bindings.BindingPartition of a set of 86 objects. Total size = 6264 bytes.
 Index  Count   %     Size   % Cumulative  % Kind (class / dict of class)
   169     86 100     6264 100 187604843 2994969 pygments.token._TokenTypePartition of a set of 30 objects. Total size = 6240 bytes.
 Index  Count   %     Size   % Cumulative  % Kind (class / dict of class)
   170     30 100     6240 100 187611083 3006588 _cython_3_0_11.cython_function_or_methodPartition of a set of 129 objects. Total size = 6192 bytes.
 Index  Count   %     Size   % Cumulative  % Kind (class / dict of class)
   171    129 100     6192 100 187617275 3029995 typing._CallableGenericAliasPartition of a set of 102 objects. Total size = 6120 bytes.
 Index  Count   %     Size   % Cumulative  % Kind (class / dict of class)
   172    102 100     6120 100 187623395 3065742 zmq.constants.SocketOptionPartition of a set of 126 objects. Total size = 6048 bytes.
 Index  Count   %     Size   % Cumulative  % Kind (class / dict of class)
   173    126 100     6048 100 187629443 3102339 dash.dependencies.InputPartition of a set of 54 objects. Total size = 6048 bytes.
 Index  Count   %     Size   % Cumulative  % Kind (class / dict of class)
   174     54 100     6048 100 187635491 3102439 dict of traitlets.traitlets.ObserveHandlerPartition of a set of 58 objects. Total size = 6032 bytes.
 Index  Count   %     Size   % Cumulative  % Kind (class / dict of class)
   175     58 100     6032 100 187641523 3110768 dict of prompt_toolkit.filters.base.ConditionPartition of a set of 150 objects. Total size = 6000 bytes.
 Index  Count   %     Size   % Cumulative  % Kind (class / dict of class)
   176    150 100     6000 100 187647523 3127459 builtins.fortranPartition of a set of 20 objects. Total size = 5976 bytes.
 Index  Count   %     Size   % Cumulative  % Kind (class / dict of class)
   177     20 100     5976 100 187653499 3140119 dict of jedi.inference.filters._OverwriteMetaPartition of a set of 5 objects. Total size = 5920 bytes.
 Index  Count   %     Size   % Cumulative  % Kind (class / dict of class)
   178      5 100     5920 100 187659419 3169923 numpy.core.numerictypes._typedictPartition of a set of 35 objects. Total size = 5912 bytes.
 Index  Count   %     Size   % Cumulative  % Kind (class / dict of class)
   179     35 100     5912 100 187665331 3174312 _struct.StructPartition of a set of 1 object. Total size = 5908 bytes.
 Index  Count   %     Size   % Cumulative  % Kind (class / dict of class)
   180      1 100     5908 100 187671239 3176561 pandas.core.frame.DataFramePartition of a set of 80 objects. Total size = 5760 bytes.
 Index  Count   %     Size   % Cumulative  % Kind (class / dict of class)
   181     80 100     5760 100 187676999 3258281 werkzeug.local._ProxyLookupPartition of a set of 71 objects. Total size = 5680 bytes.
 Index  Count   %     Size   % Cumulative  % Kind (class / dict of class)
   182     71 100     5680 100 187682679 3304273 pandas._config.config.RegisteredOptionPartition of a set of 4 objects. Total size = 5544 bytes.
 Index  Count   %     Size   % Cumulative  % Kind (class / dict of class)
   183      4 100     5544 100 187688223 3385430 _ctypes.PyCPointerTypePartition of a set of 18 objects. Total size = 5472 bytes.
 Index  Count   %     Size   % Cumulative  % Kind (class / dict of class)
   184     18 100     5472 100 187693695 3430075 dict of ast._PrecedencePartition of a set of 1 object. Total size = 5448 bytes.
 Index  Count   %     Size   % Cumulative  % Kind (class / dict of class)
   185      1 100     5448 100 187699143 3445285 pytz.lazy.LazyListPartition of a set of 113 objects. Total size = 5424 bytes.
 Index  Count   %     Size   % Cumulative  % Kind (class / dict of class)
   186    113 100     5424 100 187704567 3460630 typing._LiteralGenericAliasPartition of a set of 24 objects. Total size = 5376 bytes.
 Index  Count   %     Size   % Cumulative  % Kind (class / dict of class)
   187     24 100     5376 100 187709943 3491628 _cython_3_0_6.fused_cython_functionPartition of a set of 25 objects. Total size = 5248 bytes.
 Index  Count   %     Size   % Cumulative  % Kind (class / dict of class)
   188     25 100     5248 100 187715191 3576890 dict of numpy._DTypeMetaPartition of a set of 109 objects. Total size = 5232 bytes.
 Index  Count   %     Size   % Cumulative  % Kind (class / dict of class)
   189    109 100     5232 100 187720423 3587929 traitlets.traitlets.UnicodePartition of a set of 17 objects. Total size = 5168 bytes.
 Index  Count   %     Size   % Cumulative  % Kind (class / dict of class)
   190     17 100     5168 100 187725591 3632461 dict of inspect.BufferFlagsPartition of a set of 3 objects. Total size = 5112 bytes.
 Index  Count   %     Size   % Cumulative  % Kind (class / dict of class)
   191      3 100     5112 100 187730703 3672353 jedi.inference.cache.CachedMetaClassPartition of a set of 3 objects. Total size = 5112 bytes.
 Index  Count   %     Size   % Cumulative  % Kind (class / dict of class)
   192      3 100     5112 100 187735815 3672453 numcodecs.ndarray_like._CachedProtocolMetaPartition of a set of 3 objects. Total size = 5112 bytes.
 Index  Count   %     Size   % Cumulative  % Kind (class / dict of class)
   193      3 100     5112 100 187740927 3672553 pygments.lexer.LexerMetaPartition of a set of 3 objects. Total size = 5112 bytes.
 Index  Count   %     Size   % Cumulative  % Kind (class / dict of class)
   194      3 100     5112 100 187746039 3672653 typing_extensions._TypeVarLikeMetaPartition of a set of 46 objects. Total size = 4896 bytes.
 Index  Count   %     Size   % Cumulative  % Kind (class / dict of class)
   195     46 100     4896 100 187750935 3834782 pygments.lexer.includePartition of a set of 98 objects. Total size = 4704 bytes.
 Index  Count   %     Size   % Cumulative  % Kind (class / dict of class)
   196     98 100     4704 100 187755639 3991404 pympler.asizeof._TypedefPartition of a set of 5 objects. Total size = 4680 bytes.
 Index  Count   %     Size   % Cumulative  % Kind (class / dict of class)
   197      5 100     4680 100 187760319 4011973 ast._ABCPartition of a set of 29 objects. Total size = 4640 bytes.
 Index  Count   %     Size   % Cumulative  % Kind (class / dict of class)
   198     29 100     4640 100 187764959 4046659 dict of traitlets.traitlets.DictPartition of a set of 96 objects. Total size = 4608 bytes.
 Index  Count   %     Size   % Cumulative  % Kind (class / dict of class)
   199     96 100     4608 100 187769567 4074860 pyparsing.core.AndPartition of a set of 76 objects. Total size = 4564 bytes.
 Index  Count   %     Size   % Cumulative  % Kind (class / dict of class)
   200     76 100     4564 100 187774131 4114245 re._constants._NamedIntConstantPartition of a set of 15 objects. Total size = 4560 bytes.
 Index  Count   %     Size   % Cumulative  % Kind (class / dict of class)
   201     15 100     4560 100 187778691 4117954 dict of ssl.OptionsPartition of a set of 21 objects. Total size = 4536 bytes.
 Index  Count   %     Size   % Cumulative  % Kind (class / dict of class)
   202     21 100     4536 100 187783227 4139842 _io.TextIOWrapperPartition of a set of 93 objects. Total size = 4464 bytes.
 Index  Count   %     Size   % Cumulative  % Kind (class / dict of class)
   203     93 100     4464 100 187787691 4206714 traitlets.traitlets.BoolPartition of a set of 15 objects. Total size = 4440 bytes.
 Index  Count   %     Size   % Cumulative  % Kind (class / dict of class)
   204     15 100     4440 100 187792131 4229552 dict of click.core.OptionPartition of a set of 37 objects. Total size = 4440 bytes.
 Index  Count   %     Size   % Cumulative  % Kind (class / dict of class)
   205     37 100     4440 100 187796571 4229652 dict of typing._SpecialGenericAliasPartition of a set of 24 objects. Total size = 4416 bytes.
 Index  Count   %     Size   % Cumulative  % Kind (class / dict of class)
   206     24 100     4416 100 187800987 4252740 dict of argparse._ArgumentGroupPartition of a set of 16 objects. Total size = 4224 bytes.
 Index  Count   %     Size   % Cumulative  % Kind (class / dict of class)
   207     16 100     4224 100 187805211 4446146 dict of pyparsing.core.CombinePartition of a set of 88 objects. Total size = 4224 bytes.
 Index  Count   %     Size   % Cumulative  % Kind (class / dict of class)
   208     88 100     4224 100 187809435 4446246 six.MovedAttributePartition of a set of 88 objects. Total size = 4224 bytes.
 Index  Count   %     Size   % Cumulative  % Kind (class / dict of class)
   209     88 100     4224 100 187813659 4446346 urllib3.packages.six.MovedAttributePartition of a set of 31 objects. Total size = 4216 bytes.
 Index  Count   %     Size   % Cumulative  % Kind (class / dict of class)
   210     31 100     4216 100 187817875 4454883 dict of traitlets.traitlets.IntPartition of a set of 85 objects. Total size = 4080 bytes.
 Index  Count   %     Size   % Cumulative  % Kind (class / dict of class)
   211     85 100     4080 100 187821955 4603479 dash.dependencies.OutputPartition of a set of 46 objects. Total size = 4048 bytes.
 Index  Count   %     Size   % Cumulative  % Kind (class / dict of class)
   212     46 100     4048 100 187826003 4639970 dict of six.MovedModulePartition of a set of 46 objects. Total size = 4048 bytes.
 Index  Count   %     Size   % Cumulative  % Kind (class / dict of class)
   213     46 100     4048 100 187830051 4640070 dict of urllib3.packages.six.MovedModulePartition of a set of 42 objects. Total size = 4032 bytes.
 Index  Count   %     Size   % Cumulative  % Kind (class / dict of class)
   214     42 100     4032 100 187834083 4658583 werkzeug.utils.cached_propertyPartition of a set of 41 objects. Total size = 3936 bytes.
 Index  Count   %     Size   % Cumulative  % Kind (class / dict of class)
   215     41 100     3936 100 187838019 4772307 guppy.etc.Descriptor.property_expPartition of a set of 21 objects. Total size = 3864 bytes.
 Index  Count   %     Size   % Cumulative  % Kind (class / dict of class)
   216     21 100     3864 100 187841883 4861332 dict of _io.FileIOPartition of a set of 21 objects. Total size = 3864 bytes.
 Index  Count   %     Size   % Cumulative  % Kind (class / dict of class)
   217     21 100     3864 100 187845747 4861432 dict of _io.TextIOWrapperPartition of a set of 80 objects. Total size = 3840 bytes.
 Index  Count   %     Size   % Cumulative  % Kind (class / dict of class)
   218     80 100     3840 100 187849587 4891916 matplotlib.colors.ListedColormapPartition of a set of 34 objects. Total size = 3808 bytes.
 Index  Count   %     Size   % Cumulative  % Kind (class / dict of class)
   219     34 100     3808 100 187853395 4933125 dict of werkzeug.routing.rules.RulePartPartition of a set of 19 objects. Total size = 3776 bytes.
 Index  Count   %     Size   % Cumulative  % Kind (class / dict of class)
   220     19 100     3776 100 187857171 4975031 dict of types.SimpleNamespacePartition of a set of 36 objects. Total size = 3744 bytes.
 Index  Count   %     Size   % Cumulative  % Kind (class / dict of class)
   221     36 100     3744 100 187860915 5017653 dict of traitlets.traitlets.DefaultHandlerPartition of a set of 62 objects. Total size = 3720 bytes.
 Index  Count   %     Size   % Cumulative  % Kind (class / dict of class)
   222     62 100     3720 100 187864635 5050125 http.HTTPStatusPartition of a set of 1 object. Total size = 3720 bytes.
 Index  Count   %     Size   % Cumulative  % Kind (class / dict of class)
   223      1 100     3720 100 187868355 5050225 pytz.lazy.LazyListPartition of a set of 12 objects. Total size = 3648 bytes.
 Index  Count   %     Size   % Cumulative  % Kind (class / dict of class)
   224     12 100     3648 100 187872003 5150000 dict of calendar.MonthPartition of a set of 64 objects. Total size = 3584 bytes.
 Index  Count   %     Size   % Cumulative  % Kind (class / dict of class)
   225     64 100     3584 100 187875587 5242064 operator.attrgetterPartition of a set of 73 objects. Total size = 3504 bytes.
 Index  Count   %     Size   % Cumulative  % Kind (class / dict of class)
   226     73 100     3504 100 187879091 5361846 dash.html.Div.DivPartition of a set of 14 objects. Total size = 3472 bytes.
 Index  Count   %     Size   % Cumulative  % Kind (class / dict of class)
   227     14 100     3472 100 187882563 5411364 dict of pyparsing.core.MatchFirstPartition of a set of 14 objects. Total size = 3472 bytes.
 Index  Count   %     Size   % Cumulative  % Kind (class / dict of class)
   228     14 100     3472 100 187886035 5411464 dict of pyparsing.core.SuppressPartition of a set of 27 objects. Total size = 3456 bytes.
 Index  Count   %     Size   % Cumulative  % Kind (class / dict of class)
   229     27 100     3456 100 187889491 5436617 dict of traitlets.traitlets.TypePartition of a set of 27 objects. Total size = 3456 bytes.
 Index  Count   %     Size   % Cumulative  % Kind (class / dict of class)
   230     27 100     3456 100 187892947 5436717 dict of werkzeug.utils.header_propertyPartition of a set of 39 objects. Total size = 3432 bytes.
 Index  Count   %     Size   % Cumulative  % Kind (class / dict of class)
   231     39 100     3432 100 187896379 5474836 dict of IPython.core.magic_arguments.argumentPartition of a set of 2 objects. Total size = 3408 bytes.
 Index  Count   %     Size   % Cumulative  % Kind (class / dict of class)
   232      2 100     3408 100 187899787 5513491
                                                 jupyter_client.provisioning.provisioner_base.Kernel
                                                 ProvisionerMetaPartition of a set of 2 objects. Total size = 3408 bytes.
 Index  Count   %     Size   % Cumulative  % Kind (class / dict of class)
   233      2 100     3408 100 187903195 5513591 pygments.style.StyleMetaPartition of a set of 2 objects. Total size = 3408 bytes.
 Index  Count   %     Size   % Cumulative  % Kind (class / dict of class)
   234      2 100     3408 100 187906603 5513691 typing._DeprecatedTypePartition of a set of 2 objects. Total size = 3408 bytes.
 Index  Count   %     Size   % Cumulative  % Kind (class / dict of class)
   235      2 100     3408 100 187910011 5513791 typing_extensions._TypedDictMetaPartition of a set of 21 objects. Total size = 3360 bytes.
 Index  Count   %     Size   % Cumulative  % Kind (class / dict of class)
   236     21 100     3360 100 187913371 5592660 dict of dash.dcc.Slider.SliderPartition of a set of 1 object. Total size = 3328 bytes.
 Index  Count   %     Size   % Cumulative  % Kind (class / dict of class)
   237      1 100     3328 100 187916699 5646535 dict of fsspec.spec._CachedPartition of a set of 67 objects. Total size = 3216 bytes.
 Index  Count   %     Size   % Cumulative  % Kind (class / dict of class)
   238     67 100     3216 100 187919915 5843281 IPython.terminal.shortcuts.BindingPartition of a set of 10 objects. Total size = 3208 bytes.
 Index  Count   %     Size   % Cumulative  % Kind (class / dict of class)
   239     10 100     3208 100 187923123 5857953 dict of pygments.lexer.RegexLexerMetaPartition of a set of 20 objects. Total size = 3200 bytes.
 Index  Count   %     Size   % Cumulative  % Kind (class / dict of class)
   240     20 100     3200 100 187926323 5872698 dict of argparse._StoreTrueActionPartition of a set of 25 objects. Total size = 3200 bytes.
 Index  Count   %     Size   % Cumulative  % Kind (class / dict of class)
   241     25 100     3200 100 187929523 5872798 dict of traitlets.traitlets.AnyPartition of a set of 12 objects. Total size = 3176 bytes.
 Index  Count   %     Size   % Cumulative  % Kind (class / dict of class)
   242     12 100     3176 100 187932699 5917276 dict of typing._TypedDictMetaPartition of a set of 28 objects. Total size = 3136 bytes.
 Index  Count   %     Size   % Cumulative  % Kind (class / dict of class)
   243     28 100     3136 100 187935835 5992852 dataclasses._DataclassParamsPartition of a set of 12 objects. Total size = 3072 bytes.
 Index  Count   %     Size   % Cumulative  % Kind (class / dict of class)
   244     12 100     3072 100 187938907 6117803 dict of
                                                 IPython.core.magic_arguments.MagicArgumentParserPartition of a set of 10 objects. Total size = 3040 bytes.
 Index  Count   %     Size   % Cumulative  % Kind (class / dict of class)
   245     10 100     3040 100 187941947 6182301 dict of importlib.metadata._text.FoldedCasePartition of a set of 10 objects. Total size = 3040 bytes.
 Index  Count   %     Size   % Cumulative  % Kind (class / dict of class)
   246     10 100     3040 100 187944987 6182401 dict of
                                                 importlib_metadata._collections.FreezableDefaultDic
                                                 tPartition of a set of 10 objects. Total size = 3040 bytes.
 Index  Count   %     Size   % Cumulative  % Kind (class / dict of class)
   247     10 100     3040 100 187948027 6182501 dict of importlib_metadata._text.FoldedCasePartition of a set of 10 objects. Total size = 3040 bytes.
 Index  Count   %     Size   % Cumulative  % Kind (class / dict of class)
   248     10 100     3040 100 187951067 6182601 dict of socket.AddressFamilyPartition of a set of 10 objects. Total size = 3040 bytes.
 Index  Count   %     Size   % Cumulative  % Kind (class / dict of class)
   249     10 100     3040 100 187954107 6182701 dict of socket.AddressInfoPartition of a set of 10 objects. Total size = 3040 bytes.
 Index  Count   %     Size   % Cumulative  % Kind (class / dict of class)
   250     10 100     3040 100 187957147 6182801 dict of socket.MsgFlagPartition of a set of 63 objects. Total size = 3024 bytes.
 Index  Count   %     Size   % Cumulative  % Kind (class / dict of class)
   251     63 100     3024 100 187960171 6215614 prompt_toolkit.filters.base._AndListPartition of a set of 63 objects. Total size = 3024 bytes.
 Index  Count   %     Size   % Cumulative  % Kind (class / dict of class)
   252     63 100     3024 100 187963195 6215714 pyparsing.core.RegexPartition of a set of 37 objects. Total size = 2960 bytes.
 Index  Count   %     Size   % Cumulative  % Kind (class / dict of class)
   253     37 100     2960 100 187966155 6350208 builtins.builtin_methodPartition of a set of 61 objects. Total size = 2928 bytes.
 Index  Count   %     Size   % Cumulative  % Kind (class / dict of class)
   254     61 100     2928 100 187969083 6419709 traitlets.traitlets.InstancePartition of a set of 28 objects. Total size = 2912 bytes.
 Index  Count   %     Size   % Cumulative  % Kind (class / dict of class)
   255     28 100     2912 100 187971995 6455082 dict of ipaddress.IPv6NetworkPartition of a set of 26 objects. Total size = 2912 bytes.
 Index  Count   %     Size   % Cumulative  % Kind (class / dict of class)
   256     26 100     2912 100 187974907 6455182 dict of numpy.ma.core._MaskedUnaryOperationPartition of a set of 19 objects. Total size = 2888 bytes.
 Index  Count   %     Size   % Cumulative  % Kind (class / dict of class)
   257     19 100     2888 100 187977795 6508926 dict of ipaddress.IPv4NetworkPartition of a set of 19 objects. Total size = 2888 bytes.
 Index  Count   %     Size   % Cumulative  % Kind (class / dict of class)
   258     19 100     2888 100 187980683 6509026 dict of matplotlib.path.PathPartition of a set of 18 objects. Total size = 2880 bytes.
 Index  Count   %     Size   % Cumulative  % Kind (class / dict of class)
   259     18 100     2880 100 187983563 6527207 dict of argparse._StoreActionPartition of a set of 18 objects. Total size = 2880 bytes.
 Index  Count   %     Size   % Cumulative  % Kind (class / dict of class)
   260     18 100     2880 100 187986443 6527307 dict of cycler.CyclerPartition of a set of 18 objects. Total size = 2880 bytes.
 Index  Count   %     Size   % Cumulative  % Kind (class / dict of class)
   261     18 100     2880 100 187989323 6527407 dict of numpy.ma.core._MaskedBinaryOperationPartition of a set of 18 objects. Total size = 2880 bytes.
 Index  Count   %     Size   % Cumulative  % Kind (class / dict of class)
   262     18 100     2880 100 187992203 6527507 dict of pygments.lexer.wordsPartition of a set of 20 objects. Total size = 2880 bytes.
 Index  Count   %     Size   % Cumulative  % Kind (class / dict of class)
   263     20 100     2880 100 187995083 6527607 dict of scipy._lib._testutils.PytestTesterPartition of a set of 18 objects. Total size = 2880 bytes.
 Index  Count   %     Size   % Cumulative  % Kind (class / dict of class)
   264     18 100     2880 100 187997963 6527707 dict of stack_data.utils.cached_propertyPartition of a set of 21 objects. Total size = 2856 bytes.
 Index  Count   %     Size   % Cumulative  % Kind (class / dict of class)
   265     21 100     2856 100 188000819 6582662 dict of scipy.spatial.distance.MetricInfoPartition of a set of 21 objects. Total size = 2856 bytes.
 Index  Count   %     Size   % Cumulative  % Kind (class / dict of class)
   266     21 100     2856 100 188003675 6582762 dict of weakref.WeakKeyDictionaryPartition of a set of 59 objects. Total size = 2832 bytes.
 Index  Count   %     Size   % Cumulative  % Kind (class / dict of class)
   267     59 100     2832 100 188006507 6638648 dash.html.P.PPartition of a set of 27 objects. Total size = 2808 bytes.
 Index  Count   %     Size   % Cumulative  % Kind (class / dict of class)
   268     27 100     2808 100 188009315 6695488 dict of matplotlib.rcsetup.ValidateInStringsPartition of a set of 58 objects. Total size = 2784 bytes.
 Index  Count   %     Size   % Cumulative  % Kind (class / dict of class)
   269     58 100     2784 100 188012099 6753308 logging.LoggerPartition of a set of 58 objects. Total size = 2784 bytes.
 Index  Count   %     Size   % Cumulative  % Kind (class / dict of class)
   270     58 100     2784 100 188014883 6753408 prompt_toolkit.filters.base.ConditionPartition of a set of 15 objects. Total size = 2760 bytes.
 Index  Count   %     Size   % Cumulative  % Kind (class / dict of class)
   271     15 100     2760 100 188017643 6812233 dict of functools.cached_propertyPartition of a set of 43 objects. Total size = 2752 bytes.
 Index  Count   %     Size   % Cumulative  % Kind (class / dict of class)
   272     43 100     2752 100 188020395 6832136 ipaddress.IPv6AddressPartition of a set of 9 objects. Total size = 2736 bytes.
 Index  Count   %     Size   % Cumulative  % Kind (class / dict of class)
   273      9 100     2736 100 188023131 6872190 dict of http.HTTPMethodPartition of a set of 9 objects. Total size = 2736 bytes.
 Index  Count   %     Size   % Cumulative  % Kind (class / dict of class)
   274      9 100     2736 100 188025867 6872290 dict of pstats.SortKeyPartition of a set of 9 objects. Total size = 2736 bytes.
 Index  Count   %     Size   % Cumulative  % Kind (class / dict of class)
   275      9 100     2736 100 188028603 6872390 dict of ssl.SSLErrorNumberPartition of a set of 9 objects. Total size = 2736 bytes.
 Index  Count   %     Size   % Cumulative  % Kind (class / dict of class)
   276      9 100     2736 100 188031339 6872490 dict of zmq.constants.ContextOptionPartition of a set of 10 objects. Total size = 2720 bytes.
 Index  Count   %     Size   % Cumulative  % Kind (class / dict of class)
   277     10 100     2720 100 188034059 6913017 dict of ast.NamePartition of a set of 14 objects. Total size = 2688 bytes.
 Index  Count   %     Size   % Cumulative  % Kind (class / dict of class)
   278     14 100     2688 100 188036747 6995415 dict of pandas._libs.tslibs.dtypes.NpyDatetimeUnitPartition of a set of 24 objects. Total size = 2688 bytes.
 Index  Count   %     Size   % Cumulative  % Kind (class / dict of class)
   279     24 100     2688 100 188039435 6995515 dict of
                                                 pandas.compat.numpy.function.CompatValidatorPartition of a set of 14 objects. Total size = 2688 bytes.
 Index  Count   %     Size   % Cumulative  % Kind (class / dict of class)
   280     14 100     2688 100 188042123 6995615 dict of weakref.WeakValueDictionaryPartition of a set of 1 object. Total size = 2624 bytes.
 Index  Count   %     Size   % Cumulative  % Kind (class / dict of class)
   281      1 100     2624 100 188044747 7166339 numpy.random._mt19937.MT19937Partition of a set of 13 objects. Total size = 2600 bytes.
 Index  Count   %     Size   % Cumulative  % Kind (class / dict of class)
   282     13 100     2600 100 188047347 7232590 dict of numpy.ma.core._convert2maPartition of a set of 13 objects. Total size = 2600 bytes.
 Index  Count   %     Size   % Cumulative  % Kind (class / dict of class)
   283     13 100     2600 100 188049947 7232690 dict of pandas._libs.tslibs.dtypes.FreqGroupPartition of a set of 13 objects. Total size = 2600 bytes.
 Index  Count   %     Size   % Cumulative  % Kind (class / dict of class)
   284     13 100     2600 100 188052547 7232790 dict of parso.python.token.PythonTokenTypesPartition of a set of 13 objects. Total size = 2600 bytes.
 Index  Count   %     Size   % Cumulative  % Kind (class / dict of class)
   285     13 100     2600 100 188055147 7232890 dict of parso.python.token.TokenTypePartition of a set of 13 objects. Total size = 2600 bytes.
 Index  Count   %     Size   % Cumulative  % Kind (class / dict of class)
   286     13 100     2600 100 188057747 7232990 dict of pygments.lexer.defaultPartition of a set of 13 objects. Total size = 2600 bytes.
 Index  Count   %     Size   % Cumulative  % Kind (class / dict of class)
   287     13 100     2600 100 188060347 7233090 dict of traitlets.traitlets.ObjectNamePartition of a set of 4 objects. Total size = 2592 bytes.
 Index  Count   %     Size   % Cumulative  % Kind (class / dict of class)
   288      4 100     2592 100 188062939 7255515 IPython.utils.ipstruct.StructPartition of a set of 18 objects. Total size = 2592 bytes.
 Index  Count   %     Size   % Cumulative  % Kind (class / dict of class)
   289     18 100     2592 100 188065531 7255615 dict of logging.PlaceHolderPartition of a set of 54 objects. Total size = 2592 bytes.
 Index  Count   %     Size   % Cumulative  % Kind (class / dict of class)
   290     54 100     2592 100 188068123 7255715 traitlets.traitlets.ObserveHandlerPartition of a set of 1 object. Total size = 2552 bytes.
 Index  Count   %     Size   % Cumulative  % Kind (class / dict of class)
   291      1 100     2552 100 188070675 7369541 random.SystemRandomPartition of a set of 53 objects. Total size = 2544 bytes.
 Index  Count   %     Size   % Cumulative  % Kind (class / dict of class)
   292     53 100     2544 100 188073219 7392815 pyparsing.core._SingleCharLiteralPartition of a set of 26 objects. Total size = 2496 bytes.
 Index  Count   %     Size   % Cumulative  % Kind (class / dict of class)
   293     26 100     2496 100 188075715 7535085 dict of numpy.ma.core._frommethodPartition of a set of 10 objects. Total size = 2480 bytes.
 Index  Count   %     Size   % Cumulative  % Kind (class / dict of class)
   294     10 100     2480 100 188078195 7583798 dict of werkzeug.routing.rules.RulePartition of a set of 34 objects. Total size = 2448 bytes.
 Index  Count   %     Size   % Cumulative  % Kind (class / dict of class)
   295     34 100     2448 100 188080643 7683033 werkzeug.routing.rules.WeightingPartition of a set of 8 objects. Total size = 2432 bytes.
 Index  Count   %     Size   % Cumulative  % Kind (class / dict of class)
   296      8 100     2432 100 188083075 7733679 dict of
                                                 pandas.core.interchange.dataframe_protocol.DlpackDe
                                                 viceTypePartition of a set of 11 objects. Total size = 2376 bytes.
 Index  Count   %     Size   % Cumulative  % Kind (class / dict of class)
   297     11 100     2376 100 188085451 7916054 dict of dash.dcc.Store.StorePartition of a set of 11 objects. Total size = 2376 bytes.
 Index  Count   %     Size   % Cumulative  % Kind (class / dict of class)
   298     11 100     2376 100 188087827 7916154 dict of numpy._pytesttester.PytestTesterPartition of a set of 9 objects. Total size = 2376 bytes.
 Index  Count   %     Size   % Cumulative  % Kind (class / dict of class)
   299      9 100     2376 100 188090203 7916254 dict of pyparsing.core.LiteralPartition of a set of 49 objects. Total size = 2352 bytes.
 Index  Count   %     Size   % Cumulative  % Kind (class / dict of class)
   300     49 100     2352 100 188092555 7997132 prompt_toolkit.key_binding.key_bindings.BindingPartition of a set of 39 objects. Total size = 2340 bytes.
 Index  Count   %     Size   % Cumulative  % Kind (class / dict of class)
   301     39 100     2340 100 188094895 8038243 zmq.constants.EventPartition of a set of 24 objects. Total size = 2304 bytes.
 Index  Count   %     Size   % Cumulative  % Kind (class / dict of class)
   302     24 100     2304 100 188097199 8163941 abc.abstractpropertyPartition of a set of 10 objects. Total size = 2240 bytes.
 Index  Count   %     Size   % Cumulative  % Kind (class / dict of class)
   303     10 100     2240 100 188099439 8397296 dict of __future__._FeaturePartition of a set of 10 objects. Total size = 2240 bytes.
 Index  Count   %     Size   % Cumulative  % Kind (class / dict of class)
   304     10 100     2240 100 188101679 8397396 dict of blinker.base.NamedSignalPartition of a set of 10 objects. Total size = 2240 bytes.
 Index  Count   %     Size   % Cumulative  % Kind (class / dict of class)
   305     10 100     2240 100 188103919 8397496 dict of numcodecs.blosc.BloscPartition of a set of 10 objects. Total size = 2240 bytes.
 Index  Count   %     Size   % Cumulative  % Kind (class / dict of class)
   306     10 100     2240 100 188106159 8397596 dict of pandas._libs.tslibs.dtypes.ResolutionPartition of a set of 8 objects. Total size = 2240 bytes.
 Index  Count   %     Size   % Cumulative  % Kind (class / dict of class)
   307      8 100     2240 100 188108399 8397696 dict of zarr.core.ArrayPartition of a set of 46 objects. Total size = 2208 bytes.
 Index  Count   %     Size   % Cumulative  % Kind (class / dict of class)
   308     46 100     2208 100 188110607 8519502 six.MovedModulePartition of a set of 46 objects. Total size = 2208 bytes.
 Index  Count   %     Size   % Cumulative  % Kind (class / dict of class)
   309     46 100     2208 100 188112815 8519602 urllib3.packages.six.MovedModulePartition of a set of 16 objects. Total size = 2176 bytes.
 Index  Count   %     Size   % Cumulative  % Kind (class / dict of class)
   310     16 100     2176 100 188114991 8644990 dict of encodings.utf_8.IncrementalEncoderPartition of a set of 2 objects. Total size = 2136 bytes.
 Index  Count   %     Size   % Cumulative  % Kind (class / dict of class)
   311      2 100     2136 100 188117127 8806982 _ctypes.PyCStructTypePartition of a set of 7 objects. Total size = 2128 bytes.
 Index  Count   %     Size   % Cumulative  % Kind (class / dict of class)
   312      7 100     2128 100 188119255 8840191 dict of PIL.Image.TransposePartition of a set of 7 objects. Total size = 2128 bytes.
 Index  Count   %     Size   % Cumulative  % Kind (class / dict of class)
   313      7 100     2128 100 188121383 8840291 dict of calendar.DayPartition of a set of 7 objects. Total size = 2128 bytes.
 Index  Count   %     Size   % Cumulative  % Kind (class / dict of class)
   314      7 100     2128 100 188123511 8840391 dict of matplotlib.backend_tools.CursorsPartition of a set of 7 objects. Total size = 2128 bytes.
 Index  Count   %     Size   % Cumulative  % Kind (class / dict of class)
   315      7 100     2128 100 188125639 8840491 dict of
                                                 pandas.core.interchange.dataframe_protocol.DtypeKin
                                                 dPartition of a set of 7 objects. Total size = 2128 bytes.
 Index  Count   %     Size   % Cumulative  % Kind (class / dict of class)
   316      7 100     2128 100 188127767 8840591 dict of pandas.core.internals.blocks.NumpyBlockPartition of a set of 7 objects. Total size = 2128 bytes.
 Index  Count   %     Size   % Cumulative  % Kind (class / dict of class)
   317      7 100     2128 100 188129895 8840691 dict of ssl.TLSVersionPartition of a set of 7 objects. Total size = 2128 bytes.
 Index  Count   %     Size   % Cumulative  % Kind (class / dict of class)
   318      7 100     2128 100 188132023 8840791 dict of ssl.VerifyFlagsPartition of a set of 53 objects. Total size = 2120 bytes.
 Index  Count   %     Size   % Cumulative  % Kind (class / dict of class)
   319     53 100     2120 100 188134143 8874252 builtins.fortranPartition of a set of 28 objects. Total size = 2048 bytes.
 Index  Count   %     Size   % Cumulative  % Kind (class / dict of class)
   320     28 100     2048 100 188136191 9186337 pygments.lexer.combinedPartition of a set of 34 objects. Total size = 2040 bytes.
 Index  Count   %     Size   % Cumulative  % Kind (class / dict of class)
   321     34 100     2040 100 188138231 9222462 ssl._TLSAlertTypePartition of a set of 49 objects. Total size = 1960 bytes.
 Index  Count   %     Size   % Cumulative  % Kind (class / dict of class)
   322     49 100     1960 100 188140191 9598989 pympler.asizeof._ClaskeyPartition of a set of 32 objects. Total size = 1920 bytes.
 Index  Count   %     Size   % Cumulative  % Kind (class / dict of class)
   323     32 100     1920 100 188142111 9799068 PIL.ExifTags.GPSPartition of a set of 8 objects. Total size = 1920 bytes.
 Index  Count   %     Size   % Cumulative  % Kind (class / dict of class)
   324      8 100     1920 100 188144031 9799168 dict of dash.dcc.Dropdown.DropdownPartition of a set of 8 objects. Total size = 1920 bytes.
 Index  Count   %     Size   % Cumulative  % Kind (class / dict of class)
   325      8 100     1920 100 188145951 9799268 dict of pandas.core.accessor.CachedAccessorPartition of a set of 8 objects. Total size = 1920 bytes.
 Index  Count   %     Size   % Cumulative  % Kind (class / dict of class)
   326      8 100     1920 100 188147871 9799368 dict of pandas.core.nanops.disallowPartition of a set of 8 objects. Total size = 1920 bytes.
 Index  Count   %     Size   % Cumulative  % Kind (class / dict of class)
   327      8 100     1920 100 188149791 9799468 dict of pyparsing.core.DiagnosticsPartition of a set of 8 objects. Total size = 1920 bytes.
 Index  Count   %     Size   % Cumulative  % Kind (class / dict of class)
   328      8 100     1920 100 188151711 9799568 dict of pyparsing.unicode._lazyclasspropertyPartition of a set of 8 objects. Total size = 1920 bytes.
 Index  Count   %     Size   % Cumulative  % Kind (class / dict of class)
   329      8 100     1920 100 188153631 9799668 dict of traitlets.traitlets.EnumPartition of a set of 8 objects. Total size = 1920 bytes.
 Index  Count   %     Size   % Cumulative  % Kind (class / dict of class)
   330      8 100     1920 100 188155551 9799768 dict of zarr.attrs.AttributesPartition of a set of 8 objects. Total size = 1920 bytes.
 Index  Count   %     Size   % Cumulative  % Kind (class / dict of class)
   331      8 100     1920 100 188157471 9799868 dict of zarr.indexing.BlockIndexPartition of a set of 8 objects. Total size = 1920 bytes.
 Index  Count   %     Size   % Cumulative  % Kind (class / dict of class)
   332      8 100     1920 100 188159391 9799968 dict of zarr.indexing.OIndexPartition of a set of 8 objects. Total size = 1920 bytes.
 Index  Count   %     Size   % Cumulative  % Kind (class / dict of class)
   333      8 100     1920 100 188161311 9800068 dict of zarr.indexing.VIndexPartition of a set of 8 objects. Total size = 1920 bytes.
 Index  Count   %     Size   % Cumulative  % Kind (class / dict of class)
   334      8 100     1920 100 188163231 9800168 dict of zarr.storage.DirectoryStorePartition of a set of 24 objects. Total size = 1920 bytes.
 Index  Count   %     Size   % Cumulative  % Kind (class / dict of class)
   335     24 100     1920 100 188165151 9800268 h5py.h5t.TypeIntegerIDPartition of a set of 40 objects. Total size = 1920 bytes.
 Index  Count   %     Size   % Cumulative  % Kind (class / dict of class)
   336     40 100     1920 100 188167071 9800368 traitlets.traitlets.ListPartition of a set of 39 objects. Total size = 1872 bytes.
 Index  Count   %     Size   % Cumulative  % Kind (class / dict of class)
   337     39 100     1872 100 188168943 10051760 IPython.core.magic_arguments.argumentPartition of a set of 31 objects. Total size = 1860 bytes.
 Index  Count   %     Size   % Cumulative  % Kind (class / dict of class)
   338     31 100     1860 100 188170803 10116710 psutil._psposix.NegsignalPartition of a set of 31 objects. Total size = 1860 bytes.
 Index  Count   %     Size   % Cumulative  % Kind (class / dict of class)
   339     31 100     1860 100 188172663 10116810 signal.SignalsPartition of a set of 6 objects. Total size = 1824 bytes.
 Index  Count   %     Size   % Cumulative  % Kind (class / dict of class)
   340      6 100     1824 100 188174487 10316584 dict of PIL.Image.ResamplingPartition of a set of 6 objects. Total size = 1824 bytes.
 Index  Count   %     Size   % Cumulative  % Kind (class / dict of class)
   341      6 100     1824 100 188176311 10316684 dict of ssl._SSLMethodPartition of a set of 6 objects. Total size = 1824 bytes.
 Index  Count   %     Size   % Cumulative  % Kind (class / dict of class)
   342      6 100     1824 100 188178135 10316784 dict of ssl._TLSContentTypePartition of a set of 4 objects. Total size = 1816 bytes.
 Index  Count   %     Size   % Cumulative  % Kind (class / dict of class)
   343      4 100     1816 100 188179951 10362332 dash._utils.AttributeDictPartition of a set of 6 objects. Total size = 1776 bytes.
 Index  Count   %     Size   % Cumulative  % Kind (class / dict of class)
   344      6 100     1776 100 188181727 10595818 dict of numpy.core.getlimits.MachArLikePartition of a set of 37 objects. Total size = 1776 bytes.
 Index  Count   %     Size   % Cumulative  % Kind (class / dict of class)
   345     37 100     1776 100 188183503 10595918 pyparsing.core.OptPartition of a set of 37 objects. Total size = 1776 bytes.
 Index  Count   %     Size   % Cumulative  % Kind (class / dict of class)
   346     37 100     1776 100 188185279 10596018 typing._SpecialGenericAliasPartition of a set of 7 objects. Total size = 1736 bytes.
 Index  Count   %     Size   % Cumulative  % Kind (class / dict of class)
   347      7 100     1736 100 188187015 10840266 dict of dateutil.rrule.weekdayPartition of a set of 7 objects. Total size = 1736 bytes.
 Index  Count   %     Size   % Cumulative  % Kind (class / dict of class)
   348      7 100     1736 100 188188751 10840366 dict of prompt_toolkit.cursor_shapes.CursorShapePartition of a set of 7 objects. Total size = 1736 bytes.
 Index  Count   %     Size   % Cumulative  % Kind (class / dict of class)
   349      7 100     1736 100 188190487 10840466 dict of traitlets.traitlets.CaselessStrEnumPartition of a set of 7 objects. Total size = 1736 bytes.
 Index  Count   %     Size   % Cumulative  % Kind (class / dict of class)
   350      7 100     1736 100 188192223 10840566 dict of traitlets.traitlets.DottedObjectNamePartition of a set of 7 objects. Total size = 1736 bytes.
 Index  Count   %     Size   % Cumulative  % Kind (class / dict of class)
   351      7 100     1736 100 188193959 10840666 dict of traitlets.traitlets.FloatPartition of a set of 36 objects. Total size = 1728 bytes.
 Index  Count   %     Size   % Cumulative  % Kind (class / dict of class)
   352     36 100     1728 100 188195687 10890954 traitlets.traitlets.DefaultHandlerPartition of a set of 1 object. Total size = 1704 bytes.
 Index  Count   %     Size   % Cumulative  % Kind (class / dict of class)
   353      1 100     1704 100 188197391 11044448 dateutil.tz._factories._TzOffsetFactoryPartition of a set of 1 object. Total size = 1704 bytes.
 Index  Count   %     Size   % Cumulative  % Kind (class / dict of class)
   354      1 100     1704 100 188199095 11044548 dateutil.tz._factories._TzSingletonPartition of a set of 1 object. Total size = 1704 bytes.
 Index  Count   %     Size   % Cumulative  % Kind (class / dict of class)
   355      1 100     1704 100 188200799 11044648 dateutil.tz._factories._TzStrFactoryPartition of a set of 1 object. Total size = 1704 bytes.
 Index  Count   %     Size   % Cumulative  % Kind (class / dict of class)
   356      1 100     1704 100 188202503 11044748 fsspec.spec._CachedPartition of a set of 1 object. Total size = 1704 bytes.
 Index  Count   %     Size   % Cumulative  % Kind (class / dict of class)
   357      1 100     1704 100 188204207 11044848 matplotlib.axes._SubplotBaseMetaPartition of a set of 1 object. Total size = 1704 bytes.
 Index  Count   %     Size   % Cumulative  % Kind (class / dict of class)
   358      1 100     1704 100 188205911 11044948 pandas._libs.tslibs.offsets.OffsetMetaPartition of a set of 1 object. Total size = 1704 bytes.
 Index  Count   %     Size   % Cumulative  % Kind (class / dict of class)
   359      1 100     1704 100 188207615 11045048 pandas.core.dtypes.generic.ABCBasePartition of a set of 1 object. Total size = 1704 bytes.
 Index  Count   %     Size   % Cumulative  % Kind (class / dict of class)
   360      1 100     1704 100 188209319 11045148 pandas.core.dtypes.generic.ABCBasePartition of a set of 1 object. Total size = 1704 bytes.
 Index  Count   %     Size   % Cumulative  % Kind (class / dict of class)
   361      1 100     1704 100 188211023 11045248 pandas.core.dtypes.generic.ABCBasePartition of a set of 1 object. Total size = 1704 bytes.
 Index  Count   %     Size   % Cumulative  % Kind (class / dict of class)
   362      1 100     1704 100 188212727 11045348 pandas.core.dtypes.generic.ABCBasePartition of a set of 1 object. Total size = 1704 bytes.
 Index  Count   %     Size   % Cumulative  % Kind (class / dict of class)
   363      1 100     1704 100 188214431 11045448 pandas.core.dtypes.generic.ABCBasePartition of a set of 1 object. Total size = 1704 bytes.
 Index  Count   %     Size   % Cumulative  % Kind (class / dict of class)
   364      1 100     1704 100 188216135 11045548 pandas.core.dtypes.generic.ABCBasePartition of a set of 1 object. Total size = 1704 bytes.
 Index  Count   %     Size   % Cumulative  % Kind (class / dict of class)
   365      1 100     1704 100 188217839 11045648 pandas.core.dtypes.generic.ABCBasePartition of a set of 1 object. Total size = 1704 bytes.
 Index  Count   %     Size   % Cumulative  % Kind (class / dict of class)
   366      1 100     1704 100 188219543 11045748 pandas.core.dtypes.generic.ABCBasePartition of a set of 1 object. Total size = 1704 bytes.
 Index  Count   %     Size   % Cumulative  % Kind (class / dict of class)
   367      1 100     1704 100 188221247 11045848 pandas.core.dtypes.generic.ABCBasePartition of a set of 1 object. Total size = 1704 bytes.
 Index  Count   %     Size   % Cumulative  % Kind (class / dict of class)
   368      1 100     1704 100 188222951 11045948 pandas.core.dtypes.generic.ABCBasePartition of a set of 1 object. Total size = 1704 bytes.
 Index  Count   %     Size   % Cumulative  % Kind (class / dict of class)
   369      1 100     1704 100 188224655 11046048 pandas.core.dtypes.generic.ABCBasePartition of a set of 1 object. Total size = 1704 bytes.
 Index  Count   %     Size   % Cumulative  % Kind (class / dict of class)
   370      1 100     1704 100 188226359 11046148 pandas.core.dtypes.generic.ABCBasePartition of a set of 1 object. Total size = 1704 bytes.
 Index  Count   %     Size   % Cumulative  % Kind (class / dict of class)
   371      1 100     1704 100 188228063 11046248 pandas.core.dtypes.generic.ABCBasePartition of a set of 1 object. Total size = 1704 bytes.
 Index  Count   %     Size   % Cumulative  % Kind (class / dict of class)
   372      1 100     1704 100 188229767 11046348 pandas.core.dtypes.generic.ABCBasePartition of a set of 1 object. Total size = 1704 bytes.
 Index  Count   %     Size   % Cumulative  % Kind (class / dict of class)
   373      1 100     1704 100 188231471 11046448 pandas.core.dtypes.generic.ABCBasePartition of a set of 1 object. Total size = 1704 bytes.
 Index  Count   %     Size   % Cumulative  % Kind (class / dict of class)
   374      1 100     1704 100 188233175 11046548 pandas.core.dtypes.generic.ABCBasePartition of a set of 1 object. Total size = 1704 bytes.
 Index  Count   %     Size   % Cumulative  % Kind (class / dict of class)
   375      1 100     1704 100 188234879 11046648 pandas.core.dtypes.generic.ABCBasePartition of a set of 1 object. Total size = 1704 bytes.
 Index  Count   %     Size   % Cumulative  % Kind (class / dict of class)
   376      1 100     1704 100 188236583 11046748 pygments.lexer.ProfilingRegexLexerMetaPartition of a set of 1 object. Total size = 1704 bytes.
 Index  Count   %     Size   % Cumulative  % Kind (class / dict of class)
   377      1 100     1704 100 188238287 11046848 traitlets.traitlets.MetaHasDescriptorsPartition of a set of 1 object. Total size = 1704 bytes.
 Index  Count   %     Size   % Cumulative  % Kind (class / dict of class)
   378      1 100     1704 100 188239991 11046948 typing.NamedTupleMetaPartition of a set of 1 object. Total size = 1704 bytes.
 Index  Count   %     Size   % Cumulative  % Kind (class / dict of class)
   379      1 100     1704 100 188241695 11047048 typing._AnyMetaPartition of a set of 1 object. Total size = 1704 bytes.
 Index  Count   %     Size   % Cumulative  % Kind (class / dict of class)
   380      1 100     1704 100 188243399 11047148 typing_extensions._NamedTupleMetaPartition of a set of 1 object. Total size = 1704 bytes.
 Index  Count   %     Size   % Cumulative  % Kind (class / dict of class)
   381      1 100     1704 100 188245103 11047248 urllib3.util.retry._RetryMetaPartition of a set of 30 objects. Total size = 1680 bytes.
 Index  Count   %     Size   % Cumulative  % Kind (class / dict of class)
   382     30 100     1680 100 188246783 11205166 _thread.lockPartition of a set of 30 objects. Total size = 1680 bytes.
 Index  Count   %     Size   % Cumulative  % Kind (class / dict of class)
   383     30 100     1680 100 188248463 11205266 ipaddress.IPv4AddressPartition of a set of 2 objects. Total size = 1664 bytes.
 Index  Count   %     Size   % Cumulative  % Kind (class / dict of class)
   384      2 100     1664 100 188250127 11313109 dict of
                                                  jupyter_client.provisioning.provisioner_base.Kerne
                                                  lProvisionerMetaPartition of a set of 4 objects. Total size = 1664 bytes.
 Index  Count   %     Size   % Cumulative  % Kind (class / dict of class)
   385      4 100     1664 100 188251791 11313209 dict of parso.normalizer._NormalizerMetaPartition of a set of 17 objects. Total size = 1632 bytes.
 Index  Count   %     Size   % Cumulative  % Kind (class / dict of class)
   386     17 100     1632 100 188253423 11535136 dict of werkzeug.routing.matcher.StatePartition of a set of 34 objects. Total size = 1632 bytes.
 Index  Count   %     Size   % Cumulative  % Kind (class / dict of class)
   387     34 100     1632 100 188255055 11535236 werkzeug.routing.rules.RulePartPartition of a set of 27 objects. Total size = 1620 bytes.
 Index  Count   %     Size   % Cumulative  % Kind (class / dict of class)
   388     27 100     1620 100 188256675 11620782 ssl.AlertDescriptionPartition of a set of 1 object. Total size = 1600 bytes.
 Index  Count   %     Size   % Cumulative  % Kind (class / dict of class)
   389      1 100     1600 100 188258275 11766142 matplotlib._docstring._ArtistKwdocLoaderPartition of a set of 25 objects. Total size = 1600 bytes.
 Index  Count   %     Size   % Cumulative  % Kind (class / dict of class)
   390     25 100     1600 100 188259875 11766242 pyarrow._compute.VectorFunctionPartition of a set of 1 object. Total size = 1584 bytes.
 Index  Count   %     Size   % Cumulative  % Kind (class / dict of class)
   391      1 100     1584 100 188261459 11885193 dict of pygments.lexers._automodulePartition of a set of 6 objects. Total size = 1536 bytes.
 Index  Count   %     Size   % Cumulative  % Kind (class / dict of class)
   392      6 100     1536 100 188262995 12256705 dict of dash.html.Br.BrPartition of a set of 6 objects. Total size = 1536 bytes.
 Index  Count   %     Size   % Cumulative  % Kind (class / dict of class)
   393      6 100     1536 100 188264531 12256805 dict of numpy.ma.core._DomainSafeDividePartition of a set of 6 objects. Total size = 1536 bytes.
 Index  Count   %     Size   % Cumulative  % Kind (class / dict of class)
   394      6 100     1536 100 188266067 12256905 dict of numpy.ma.core._DomainedBinaryOperationPartition of a set of 6 objects. Total size = 1536 bytes.
 Index  Count   %     Size   % Cumulative  % Kind (class / dict of class)
   395      6 100     1536 100 188267603 12257005 dict of numpy.vectorizePartition of a set of 6 objects. Total size = 1536 bytes.
 Index  Count   %     Size   % Cumulative  % Kind (class / dict of class)
   396      6 100     1536 100 188269139 12257105 dict of pandas.core.nanops.bottleneck_switchPartition of a set of 6 objects. Total size = 1536 bytes.
 Index  Count   %     Size   % Cumulative  % Kind (class / dict of class)
   397      6 100     1536 100 188270675 12257205 dict of pyparsing.core.ZeroOrMorePartition of a set of 6 objects. Total size = 1536 bytes.
 Index  Count   %     Size   % Cumulative  % Kind (class / dict of class)
   398      6 100     1536 100 188272211 12257305 dict of werkzeug.sansio.multipart.StatePartition of a set of 5 objects. Total size = 1520 bytes.
 Index  Count   %     Size   % Cumulative  % Kind (class / dict of class)
   399      5 100     1520 100 188273731 12386430 dict of PIL.ExifTags.IFDPartition of a set of 5 objects. Total size = 1520 bytes.
 Index  Count   %     Size   % Cumulative  % Kind (class / dict of class)
   400      5 100     1520 100 188275251 12386530 dict of PIL.ExifTags.InteropPartition of a set of 5 objects. Total size = 1520 bytes.
 Index  Count   %     Size   % Cumulative  % Kind (class / dict of class)
   401      5 100     1520 100 188276771 12386630 dict of PIL.Image.TransformPartition of a set of 5 objects. Total size = 1520 bytes.
 Index  Count   %     Size   % Cumulative  % Kind (class / dict of class)
   402      5 100     1520 100 188278291 12386730 dict of inspect._ParameterKindPartition of a set of 5 objects. Total size = 1520 bytes.
 Index  Count   %     Size   % Cumulative  % Kind (class / dict of class)
   403      5 100     1520 100 188279811 12386830 dict of matplotlib.backend_bases.MouseButtonPartition of a set of 5 objects. Total size = 1520 bytes.
 Index  Count   %     Size   % Cumulative  % Kind (class / dict of class)
   404      5 100     1520 100 188281331 12386930 dict of packaging._elffile.EMachinePartition of a set of 5 objects. Total size = 1520 bytes.
 Index  Count   %     Size   % Cumulative  % Kind (class / dict of class)
   405      5 100     1520 100 188282851 12387030 dict of
                                                  pandas.core.interchange.dataframe_protocol.ColumnN
                                                  ullTypePartition of a set of 5 objects. Total size = 1520 bytes.
 Index  Count   %     Size   % Cumulative  % Kind (class / dict of class)
   406      5 100     1520 100 188284371 12387130 dict of
                                                  prompt_toolkit.key_binding.vi_state.InputModePartition of a set of 5 objects. Total size = 1520 bytes.
 Index  Count   %     Size   % Cumulative  % Kind (class / dict of class)
   407      5 100     1520 100 188285891 12387230 dict of pyarrow.lib.MetadataVersionPartition of a set of 5 objects. Total size = 1520 bytes.
 Index  Count   %     Size   % Cumulative  % Kind (class / dict of class)
   408      5 100     1520 100 188287411 12387330 dict of socket.SocketKindPartition of a set of 5 objects. Total size = 1520 bytes.
 Index  Count   %     Size   % Cumulative  % Kind (class / dict of class)
   409      5 100     1520 100 188288931 12387430 dict of zmq.constants.PollEventPartition of a set of 25 objects. Total size = 1500 bytes.
 Index  Count   %     Size   % Cumulative  % Kind (class / dict of class)
   410     25 100     1500 100 188290431 12552695 zmq.constants.ErrnoPartition of a set of 31 objects. Total size = 1488 bytes.
 Index  Count   %     Size   % Cumulative  % Kind (class / dict of class)
   411     31 100     1488 100 188291919 12654027 traitlets.traitlets.IntPartition of a set of 7 objects. Total size = 1464 bytes.
 Index  Count   %     Size   % Cumulative  % Kind (class / dict of class)
   412      7 100     1464 100 188293383 12861570 types.GeneratorTypePartition of a set of 15 objects. Total size = 1440 bytes.
 Index  Count   %     Size   % Cumulative  % Kind (class / dict of class)
   413     15 100     1440 100 188294823 13076029 numpy.core.multiarray.typeinforangedPartition of a set of 3 objects. Total size = 1392 bytes.
 Index  Count   %     Size   % Cumulative  % Kind (class / dict of class)
   414      3 100     1392 100 188296215 13527027 dict of numcodecs.ndarray_like._CachedProtocolMetaPartition of a set of 29 objects. Total size = 1392 bytes.
 Index  Count   %     Size   % Cumulative  % Kind (class / dict of class)
   415     29 100     1392 100 188297607 13527127 traitlets.traitlets.DictPartition of a set of 7 objects. Total size = 1368 bytes.
 Index  Count   %     Size   % Cumulative  % Kind (class / dict of class)
   416      7 100     1368 100 188298975 13764545 traitlets.config.loader.ConfigPartition of a set of 21 objects. Total size = 1344 bytes.
 Index  Count   %     Size   % Cumulative  % Kind (class / dict of class)
   417     21 100     1344 100 188300319 14010440 _io.FileIOPartition of a set of 28 objects. Total size = 1344 bytes.
 Index  Count   %     Size   % Cumulative  % Kind (class / dict of class)
   418     28 100     1344 100 188301663 14010540 ipaddress.IPv6NetworkPartition of a set of 5 objects. Total size = 1320 bytes.
 Index  Count   %     Size   % Cumulative  % Kind (class / dict of class)
   419      5 100     1320 100 188302983 14265378 dict of asyncio.sslproto.SSLProtocolStatePartition of a set of 5 objects. Total size = 1320 bytes.
 Index  Count   %     Size   % Cumulative  % Kind (class / dict of class)
   420      5 100     1320 100 188304303 14265478 dict of asyncio.timeouts._StatePartition of a set of 5 objects. Total size = 1320 bytes.
 Index  Count   %     Size   % Cumulative  % Kind (class / dict of class)
   421      5 100     1320 100 188305623 14265578 dict of click.core.ParameterSourcePartition of a set of 5 objects. Total size = 1320 bytes.
 Index  Count   %     Size   % Cumulative  % Kind (class / dict of class)
   422      5 100     1320 100 188306943 14265678 dict of dash.dcc.Tab.TabPartition of a set of 5 objects. Total size = 1320 bytes.
 Index  Count   %     Size   % Cumulative  % Kind (class / dict of class)
   423      5 100     1320 100 188308263 14265778 dict of importlib_metadata.FastPathPartition of a set of 5 objects. Total size = 1320 bytes.
 Index  Count   %     Size   % Cumulative  % Kind (class / dict of class)
   424      5 100     1320 100 188309583 14265878 dict of matplotlib.cbook.GrouperPartition of a set of 5 objects. Total size = 1320 bytes.
 Index  Count   %     Size   % Cumulative  % Kind (class / dict of class)
   425      5 100     1320 100 188310903 14265978 dict of matplotlib.dviread.DviStatePartition of a set of 5 objects. Total size = 1320 bytes.
 Index  Count   %     Size   % Cumulative  % Kind (class / dict of class)
   426      5 100     1320 100 188312223 14266078 dict of numpy.ma.extras._fromnxfunction_seqPartition of a set of 5 objects. Total size = 1320 bytes.
 Index  Count   %     Size   % Cumulative  % Kind (class / dict of class)
   427      5 100     1320 100 188313543 14266178 dict of prompt_toolkit.filters.base._InvertPartition of a set of 5 objects. Total size = 1320 bytes.
 Index  Count   %     Size   % Cumulative  % Kind (class / dict of class)
   428      5 100     1320 100 188314863 14266278 dict of prompt_toolkit.mouse_events.MouseButtonPartition of a set of 5 objects. Total size = 1320 bytes.
 Index  Count   %     Size   % Cumulative  % Kind (class / dict of class)
   429      5 100     1320 100 188316183 14266378 dict of prompt_toolkit.mouse_events.MouseEventTypePartition of a set of 5 objects. Total size = 1320 bytes.
 Index  Count   %     Size   % Cumulative  % Kind (class / dict of class)
   430      5 100     1320 100 188317503 14266478 dict of scipy.spatial.distance.CDistMetricWrapperPartition of a set of 5 objects. Total size = 1320 bytes.
 Index  Count   %     Size   % Cumulative  % Kind (class / dict of class)
   431      5 100     1320 100 188318823 14266578 dict of scipy.spatial.distance.PDistMetricWrapperPartition of a set of 5 objects. Total size = 1320 bytes.
 Index  Count   %     Size   % Cumulative  % Kind (class / dict of class)
   432      5 100     1320 100 188320143 14266678 dict of tracemalloc.SnapshotPartition of a set of 5 objects. Total size = 1320 bytes.
 Index  Count   %     Size   % Cumulative  % Kind (class / dict of class)
   433      5 100     1320 100 188321463 14266778 dict of tracemalloc._TracesPartition of a set of 5 objects. Total size = 1320 bytes.
 Index  Count   %     Size   % Cumulative  % Kind (class / dict of class)
   434      5 100     1320 100 188322783 14266878 dict of traitlets.traitlets.SetPartition of a set of 5 objects. Total size = 1320 bytes.
 Index  Count   %     Size   % Cumulative  % Kind (class / dict of class)
   435      5 100     1320 100 188324103 14266978 dict of werkzeug.utils.environ_propertyPartition of a set of 22 objects. Total size = 1320 bytes.
 Index  Count   %     Size   % Cumulative  % Kind (class / dict of class)
   436     22 100     1320 100 188325423 14267078 re.RegexFlagPartition of a set of 22 objects. Total size = 1320 bytes.
 Index  Count   %     Size   % Cumulative  % Kind (class / dict of class)
   437     22 100     1320 100 188326743 14267178 ssl._TLSMessageTypePartition of a set of 27 objects. Total size = 1296 bytes.
 Index  Count   %     Size   % Cumulative  % Kind (class / dict of class)
   438     27 100     1296 100 188328039 14531484 matplotlib.rcsetup.ValidateInStringsPartition of a set of 27 objects. Total size = 1296 bytes.
 Index  Count   %     Size   % Cumulative  % Kind (class / dict of class)
   439     27 100     1296 100 188329335 14531584 traitlets.traitlets.TypePartition of a set of 27 objects. Total size = 1296 bytes.
 Index  Count   %     Size   % Cumulative  % Kind (class / dict of class)
   440     27 100     1296 100 188330631 14531684 werkzeug.utils.header_propertyPartition of a set of 7 objects. Total size = 1288 bytes.
 Index  Count   %     Size   % Cumulative  % Kind (class / dict of class)
   441      7 100     1288 100 188331919 14622043 dict of functools.partialPartition of a set of 5 objects. Total size = 1280 bytes.
 Index  Count   %     Size   % Cumulative  % Kind (class / dict of class)
   442      5 100     1280 100 188333199 14713531 dict of _weakrefset.WeakSetPartition of a set of 21 objects. Total size = 1260 bytes.
 Index  Count   %     Size   % Cumulative  % Kind (class / dict of class)
   443     21 100     1260 100 188334459 14947179 PIL.ExifTags.LightSourcePartition of a set of 21 objects. Total size = 1260 bytes.
 Index  Count   %     Size   % Cumulative  % Kind (class / dict of class)
   444     21 100     1260 100 188335719 14947279 zmq.constants.SocketTypePartition of a set of 26 objects. Total size = 1248 bytes.
 Index  Count   %     Size   % Cumulative  % Kind (class / dict of class)
   445     26 100     1248 100 188336967 15091103 numpy.ma.core._MaskedUnaryOperationPartition of a set of 26 objects. Total size = 1248 bytes.
 Index  Count   %     Size   % Cumulative  % Kind (class / dict of class)
   446     26 100     1248 100 188338215 15091203 numpy.ma.core._frommethodPartition of a set of 22 objects. Total size = 1232 bytes.
 Index  Count   %     Size   % Cumulative  % Kind (class / dict of class)
   447     22 100     1232 100 188339447 15287293
                                                  pandas._libs.missing.__pyx_scope_struct___create_b
                                                  inary_propagating_opPartition of a set of 4 objects. Total size = 1216 bytes.
 Index  Count   %     Size   % Cumulative  % Kind (class / dict of class)
   448      4 100     1216 100 188340663 15488541 dict of IPython.utils.ipstruct.StructPartition of a set of 4 objects. Total size = 1216 bytes.
 Index  Count   %     Size   % Cumulative  % Kind (class / dict of class)
   449      4 100     1216 100 188341879 15488641 dict of PIL.Image.DitherPartition of a set of 4 objects. Total size = 1216 bytes.
 Index  Count   %     Size   % Cumulative  % Kind (class / dict of class)
   450      4 100     1216 100 188343095 15488741 dict of PIL.Image.QuantizePartition of a set of 4 objects. Total size = 1216 bytes.
 Index  Count   %     Size   % Cumulative  % Kind (class / dict of class)
   451      4 100     1216 100 188344311 15488841 dict of enum.FlagBoundaryPartition of a set of 4 objects. Total size = 1216 bytes.
 Index  Count   %     Size   % Cumulative  % Kind (class / dict of class)
   452      4 100     1216 100 188345527 15488941 dict of
                                                  prompt_toolkit.output.color_depth.ColorDepthPartition of a set of 4 objects. Total size = 1216 bytes.
 Index  Count   %     Size   % Cumulative  % Kind (class / dict of class)
   453      4 100     1216 100 188346743 15489041 dict of zmq.constants.SecurityMechanismPartition of a set of 25 objects. Total size = 1200 bytes.
 Index  Count   %     Size   % Cumulative  % Kind (class / dict of class)
   454     25 100     1200 100 188347943 15695662 traitlets.traitlets.AnyPartition of a set of 18 objects. Total size = 1152 bytes.
 Index  Count   %     Size   % Cumulative  % Kind (class / dict of class)
   455     18 100     1152 100 188349095 16349748 _thread.RLockPartition of a set of 24 objects. Total size = 1152 bytes.
 Index  Count   %     Size   % Cumulative  % Kind (class / dict of class)
   456     24 100     1152 100 188350247 16349848 argparse._ArgumentGroupPartition of a set of 72 objects. Total size = 1152 bytes.
 Index  Count   %     Size   % Cumulative  % Kind (class / dict of class)
   457     72 100     1152 100 188351399 16349948 objectPartition of a set of 24 objects. Total size = 1152 bytes.
 Index  Count   %     Size   % Cumulative  % Kind (class / dict of class)
   458     24 100     1152 100 188352551 16350048 pandas.compat.numpy.function.CompatValidatorPartition of a set of 16 objects. Total size = 1152 bytes.
 Index  Count   %     Size   % Cumulative  % Kind (class / dict of class)
   459     16 100     1152 100 188353703 16350148 pyarrow.lib.TimestampTypePartition of a set of 2 objects. Total size = 1136 bytes.
 Index  Count   %     Size   % Cumulative  % Kind (class / dict of class)
   460      2 100     1136 100 188354839 16580532 werkzeug.datastructures.structures.ImmutableDictPartition of a set of 5 objects. Total size = 1120 bytes.
 Index  Count   %     Size   % Cumulative  % Kind (class / dict of class)
   461      5 100     1120 100 188355959 16817496 dict of _frozen_importlib_external.NamespaceLoaderPartition of a set of 5 objects. Total size = 1120 bytes.
 Index  Count   %     Size   % Cumulative  % Kind (class / dict of class)
   462      5 100     1120 100 188357079 16817596 dict of _frozen_importlib_external._NamespacePathPartition of a set of 5 objects. Total size = 1120 bytes.
 Index  Count   %     Size   % Cumulative  % Kind (class / dict of class)
   463      5 100     1120 100 188358199 16817696 dict of importlib_metadata.LookupPartition of a set of 28 objects. Total size = 1120 bytes.
 Index  Count   %     Size   % Cumulative  % Kind (class / dict of class)
   464     28 100     1120 100 188359319 16817796 numpy.datetime64Partition of a set of 28 objects. Total size = 1120 bytes.
 Index  Count   %     Size   % Cumulative  % Kind (class / dict of class)
   465     28 100     1120 100 188360439 16817896 numpy.timedelta64Partition of a set of 10 objects. Total size = 1095 bytes.
 Index  Count   %     Size   % Cumulative  % Kind (class / dict of class)
   466     10 100     1095 100 188361534 17201967 importlib.metadata._text.FoldedCasePartition of a set of 10 objects. Total size = 1095 bytes.
 Index  Count   %     Size   % Cumulative  % Kind (class / dict of class)
   467     10 100     1095 100 188362629 17202067 importlib_metadata._text.FoldedCasePartition of a set of 4 objects. Total size = 1088 bytes.
 Index  Count   %     Size   % Cumulative  % Kind (class / dict of class)
   468      4 100     1088 100 188363717 17312842 dict of IPython.core.completer._DictKeyStatePartition of a set of 4 objects. Total size = 1088 bytes.
 Index  Count   %     Size   % Cumulative  % Kind (class / dict of class)
   469      4 100     1088 100 188364805 17312942 dict of IPython.utils.coloransi.ColorSchemePartition of a set of 4 objects. Total size = 1088 bytes.
 Index  Count   %     Size   % Cumulative  % Kind (class / dict of class)
   470      4 100     1088 100 188365893 17313042 dict of asyncio.locks._BarrierStatePartition of a set of 4 objects. Total size = 1088 bytes.
 Index  Count   %     Size   % Cumulative  % Kind (class / dict of class)
   471      4 100     1088 100 188366981 17313142 dict of asyncio.sslproto.AppProtocolStatePartition of a set of 4 objects. Total size = 1088 bytes.
 Index  Count   %     Size   % Cumulative  % Kind (class / dict of class)
   472      4 100     1088 100 188368069 17313242 dict of clgs.dataPartition of a set of 4 objects. Total size = 1088 bytes.
 Index  Count   %     Size   % Cumulative  % Kind (class / dict of class)
   473      4 100     1088 100 188369157 17313342 dict of dash.dcc.Graph.GraphPartition of a set of 4 objects. Total size = 1088 bytes.
 Index  Count   %     Size   % Cumulative  % Kind (class / dict of class)
   474      4 100     1088 100 188370245 17313442 dict of dash.html.Hr.HrPartition of a set of 4 objects. Total size = 1088 bytes.
 Index  Count   %     Size   % Cumulative  % Kind (class / dict of class)
   475      4 100     1088 100 188371333 17313542 dict of
                                                  dash_bootstrap_components._components.Button.Butto
                                                  nPartition of a set of 4 objects. Total size = 1088 bytes.
 Index  Count   %     Size   % Cumulative  % Kind (class / dict of class)
   476      4 100     1088 100 188372421 17313642 dict of
                                                  dash_bootstrap_components._components.Card.CardPartition of a set of 4 objects. Total size = 1088 bytes.
 Index  Count   %     Size   % Cumulative  % Kind (class / dict of class)
   477      4 100     1088 100 188373509 17313742 dict of
                                                  dash_bootstrap_components._components.CardBody.Car
                                                  dBodyPartition of a set of 4 objects. Total size = 1088 bytes.
 Index  Count   %     Size   % Cumulative  % Kind (class / dict of class)
   478      4 100     1088 100 188374597 17313842 dict of
                                                  dash_bootstrap_components._components.Collapse.Col
                                                  lapsePartition of a set of 4 objects. Total size = 1088 bytes.
 Index  Count   %     Size   % Cumulative  % Kind (class / dict of class)
   479      4 100     1088 100 188375685 17313942 dict of jupyter_client.manager._ShutdownStatusPartition of a set of 4 objects. Total size = 1088 bytes.
 Index  Count   %     Size   % Cumulative  % Kind (class / dict of class)
   480      4 100     1088 100 188376773 17314042 dict of matplotlib._mathtext._MathStylePartition of a set of 4 objects. Total size = 1088 bytes.
 Index  Count   %     Size   % Cumulative  % Kind (class / dict of class)
   481      4 100     1088 100 188377861 17314142 dict of matplotlib.category.StrCategoryConverterPartition of a set of 4 objects. Total size = 1088 bytes.
 Index  Count   %     Size   % Cumulative  % Kind (class / dict of class)
   482      4 100     1088 100 188378949 17314242 dict of pandas._config.config.CallableDynamicDocPartition of a set of 4 objects. Total size = 1088 bytes.
 Index  Count   %     Size   % Cumulative  % Kind (class / dict of class)
   483      4 100     1088 100 188380037 17314342 dict of prompt_toolkit.cache.SimpleCachePartition of a set of 4 objects. Total size = 1088 bytes.
 Index  Count   %     Size   % Cumulative  % Kind (class / dict of class)
   484      4 100     1088 100 188381125 17314442 dict of
                                                  prompt_toolkit.key_binding.bindings.vi.TextObjectT
                                                  ypePartition of a set of 4 objects. Total size = 1088 bytes.
 Index  Count   %     Size   % Cumulative  % Kind (class / dict of class)
   485      4 100     1088 100 188382213 17314542 dict of
                                                  prompt_toolkit.layout.containers.HorizontalAlignPartition of a set of 4 objects. Total size = 1088 bytes.
 Index  Count   %     Size   % Cumulative  % Kind (class / dict of class)
   486      4 100     1088 100 188383301 17314642 dict of
                                                  prompt_toolkit.layout.containers.VerticalAlignPartition of a set of 4 objects. Total size = 1088 bytes.
 Index  Count   %     Size   % Cumulative  % Kind (class / dict of class)
   487      4 100     1088 100 188384389 17314742 dict of werkzeug.routing.converters.PathConverterPartition of a set of 4 objects. Total size = 1088 bytes.
 Index  Count   %     Size   % Cumulative  % Kind (class / dict of class)
   488      4 100     1088 100 188385477 17314842 dict of xarray.core.indexing.IndexingSupportPartition of a set of 4 objects. Total size = 1088 bytes.
 Index  Count   %     Size   % Cumulative  % Kind (class / dict of class)
   489      4 100     1088 100 188386565 17314942 dict of xarray.core.utils.UncachedAccessorPartition of a set of 4 objects. Total size = 1088 bytes.
 Index  Count   %     Size   % Cumulative  % Kind (class / dict of class)
   490      4 100     1088 100 188387653 17315042 dict of zmq.constants._OptTypePartition of a set of 17 objects. Total size = 1088 bytes.
 Index  Count   %     Size   % Cumulative  % Kind (class / dict of class)
   491     17 100     1088 100 188388741 17315142 pyarrow._compute.ScalarAggregateFunctionPartition of a set of 18 objects. Total size = 1080 bytes.
 Index  Count   %     Size   % Cumulative  % Kind (class / dict of class)
   492     18 100     1080 100 188389821 17443502 ast._PrecedencePartition of a set of 13 objects. Total size = 1040 bytes.
 Index  Count   %     Size   % Cumulative  % Kind (class / dict of class)
   493     13 100     1040 100 188390861 18114506 h5py.h5t.TypeFloatIDPartition of a set of 16 objects. Total size = 1024 bytes.
 Index  Count   %     Size   % Cumulative  % Kind (class / dict of class)
   494     16 100     1024 100 188391885 18397645 dict of _io.BufferedWriterPartition of a set of 4 objects. Total size = 1024 bytes.
 Index  Count   %     Size   % Cumulative  % Kind (class / dict of class)
   495      4 100     1024 100 188392909 18397745 dict of pyparsing.core.GroupPartition of a set of 17 objects. Total size = 1020 bytes.
 Index  Count   %     Size   % Cumulative  % Kind (class / dict of class)
   496     17 100     1020 100 188393929 18469993 inspect.BufferFlagsPartition of a set of 21 objects. Total size = 1008 bytes.
 Index  Count   %     Size   % Cumulative  % Kind (class / dict of class)
   497     21 100     1008 100 188394937 18689974 dash.dcc.Slider.SliderPartition of a set of 7 objects. Total size = 1008 bytes.
 Index  Count   %     Size   % Cumulative  % Kind (class / dict of class)
   498      7 100     1008 100 188395945 18690074 dict of pandas.core.flags.FlagsPartition of a set of 21 objects. Total size = 1008 bytes.
 Index  Count   %     Size   % Cumulative  % Kind (class / dict of class)
   499     21 100     1008 100 188396953 18690174 scipy.spatial.distance.MetricInfoPartition of a set of 14 objects. Total size = 1008 bytes.
 Index  Count   %     Size   % Cumulative  % Kind (class / dict of class)
   500     14 100     1008 100 188397961 18690274 typing._SpecialFormPartition of a set of 21 objects. Total size = 1008 bytes.
 Index  Count   %     Size   % Cumulative  % Kind (class / dict of class)
   501     21 100     1008 100 188398969 18690374 weakref.WeakKeyDictionaryPartition of a set of 25 objects. Total size = 1000 bytes.
 Index  Count   %     Size   % Cumulative  % Kind (class / dict of class)
   502     25 100     1000 100 188399969 18839997 builtins.fortranPartition of a set of 25 objects. Total size = 1000 bytes.
 Index  Count   %     Size   % Cumulative  % Kind (class / dict of class)
   503     25 100     1000 100 188400969 18840097 builtins.fortranPartition of a set of 20 objects. Total size = 960 bytes.
 Index  Count   %     Size   % Cumulative  % Kind (class / dict of class)
   504     20 100      960 100 188401929 19625201 argparse._StoreTrueActionPartition of a set of 6 objects. Total size = 960 bytes.
 Index  Count   %     Size   % Cumulative  % Kind (class / dict of class)
   505      6 100      960 100 188402889 19625301 dict of
                                                  pandas.core.internals.managers.SingleBlockManagerPartition of a set of 12 objects. Total size = 960 bytes.
 Index  Count   %     Size   % Cumulative  % Kind (class / dict of class)
   506     12 100      960 100 188403849 19625401 h5py.h5t.TypeBitfieldIDPartition of a set of 15 objects. Total size = 960 bytes.
 Index  Count   %     Size   % Cumulative  % Kind (class / dict of class)
   507     15 100      960 100 188404809 19625501 pyarrow.lib.DataTypePartition of a set of 20 objects. Total size = 960 bytes.
 Index  Count   %     Size   % Cumulative  % Kind (class / dict of class)
   508     20 100      960 100 188405769 19625601 scipy._lib._testutils.PytestTesterPartition of a set of 1 object. Total size = 936 bytes.
 Index  Count   %     Size   % Cumulative  % Kind (class / dict of class)
   509      1 100      936 100 188406705 20128921 collections.abc._DeprecateByteStringMetaPartition of a set of 1 object. Total size = 936 bytes.
 Index  Count   %     Size   % Cumulative  % Kind (class / dict of class)
   510      1 100      936 100 188407641 20129021 ctypes._endian._swapped_struct_metaPartition of a set of 1 object. Total size = 936 bytes.
 Index  Count   %     Size   % Cumulative  % Kind (class / dict of class)
   511      1 100      936 100 188408577 20129121 ctypes._endian._swapped_union_metaPartition of a set of 13 objects. Total size = 936 bytes.
 Index  Count   %     Size   % Cumulative  % Kind (class / dict of class)
   512     13 100      936 100 188409513 20129221 psutil._psosx.scputimesPartition of a set of 1 object. Total size = 936 bytes.
 Index  Count   %     Size   % Cumulative  % Kind (class / dict of class)
   513      1 100      936 100 188410449 20129321 typing_extensions._ProtocolMetaPartition of a set of 13 objects. Total size = 936 bytes.
 Index  Count   %     Size   % Cumulative  % Kind (class / dict of class)
   514     13 100      936 100 188411385 20129421 werkzeug.local._ProxyIOpPartition of a set of 29 objects. Total size = 928 bytes.
 Index  Count   %     Size   % Cumulative  % Kind (class / dict of class)
   515     29 100      928 100 188412313 20303051 complexPartition of a set of 9 objects. Total size = 924 bytes.
 Index  Count   %     Size   % Cumulative  % Kind (class / dict of class)
   516      9 100      924 100 188413237 20391043 pstats.SortKeyPartition of a set of 5 objects. Total size = 920 bytes.
 Index  Count   %     Size   % Cumulative  % Kind (class / dict of class)
   517      5 100      920 100 188414157 20479800 dict of ast._ABCPartition of a set of 3 objects. Total size = 920 bytes.
 Index  Count   %     Size   % Cumulative  % Kind (class / dict of class)
   518      3 100      920 100 188415077 20479900 dict of pygments.lexer.LexerMetaPartition of a set of 5 objects. Total size = 920 bytes.
 Index  Count   %     Size   % Cumulative  % Kind (class / dict of class)
   519      5 100      920 100 188415997 20480000 re.MatchPartition of a set of 9 objects. Total size = 917 bytes.
 Index  Count   %     Size   % Cumulative  % Kind (class / dict of class)
   520      9 100      917 100 188416914 20547101 http.HTTPMethodPartition of a set of 3 objects. Total size = 912 bytes.
 Index  Count   %     Size   % Cumulative  % Kind (class / dict of class)
   521      3 100      912 100 188417826 20659849 dict of PIL.PngImagePlugin.DisposalPartition of a set of 3 objects. Total size = 912 bytes.
 Index  Count   %     Size   % Cumulative  % Kind (class / dict of class)
   522      3 100      912 100 188418738 20659949 dict of dash._utils.AttributeDictPartition of a set of 3 objects. Total size = 912 bytes.
 Index  Count   %     Size   % Cumulative  % Kind (class / dict of class)
   523      3 100      912 100 188419650 20660049 dict of enum.EnumCheckPartition of a set of 3 objects. Total size = 912 bytes.
 Index  Count   %     Size   % Cumulative  % Kind (class / dict of class)
   524      3 100      912 100 188420562 20660149 dict of matplotlib._enums.CapStylePartition of a set of 3 objects. Total size = 912 bytes.
 Index  Count   %     Size   % Cumulative  % Kind (class / dict of class)
   525      3 100      912 100 188421474 20660249 dict of matplotlib._enums.JoinStylePartition of a set of 3 objects. Total size = 912 bytes.
 Index  Count   %     Size   % Cumulative  % Kind (class / dict of class)
   526      3 100      912 100 188422386 20660349 dict of matplotlib.backend_bases._ModePartition of a set of 3 objects. Total size = 912 bytes.
 Index  Count   %     Size   % Cumulative  % Kind (class / dict of class)
   527      3 100      912 100 188423298 20660449 dict of
                                                  prompt_toolkit.shortcuts.prompt.CompleteStylePartition of a set of 3 objects. Total size = 912 bytes.
 Index  Count   %     Size   % Cumulative  % Kind (class / dict of class)
   528      3 100      912 100 188424210 20660549 dict of psutil._common.NicDuplexPartition of a set of 3 objects. Total size = 912 bytes.
 Index  Count   %     Size   % Cumulative  % Kind (class / dict of class)
   529      3 100      912 100 188425122 20660649 dict of random.RandomPartition of a set of 3 objects. Total size = 912 bytes.
 Index  Count   %     Size   % Cumulative  % Kind (class / dict of class)
   530      3 100      912 100 188426034 20660749 dict of signal.SigmasksPartition of a set of 3 objects. Total size = 912 bytes.
 Index  Count   %     Size   % Cumulative  % Kind (class / dict of class)
   531      3 100      912 100 188426946 20660849 dict of ssl.VerifyModePartition of a set of 3 objects. Total size = 912 bytes.
 Index  Count   %     Size   % Cumulative  % Kind (class / dict of class)
   532      3 100      912 100 188427858 20660949 dict of zmq.constants.DeviceTypePartition of a set of 3 objects. Total size = 912 bytes.
 Index  Count   %     Size   % Cumulative  % Kind (class / dict of class)
   533      3 100      912 100 188428770 20661049 dict of zmq.constants.MessageOptionPartition of a set of 3 objects. Total size = 912 bytes.
 Index  Count   %     Size   % Cumulative  % Kind (class / dict of class)
   534      3 100      912 100 188429682 20661149 dict of zmq.constants.ReconnectStopPartition of a set of 19 objects. Total size = 912 bytes.
 Index  Count   %     Size   % Cumulative  % Kind (class / dict of class)
   535     19 100      912 100 188430594 20661249 ipaddress.IPv4NetworkPartition of a set of 19 objects. Total size = 912 bytes.
 Index  Count   %     Size   % Cumulative  % Kind (class / dict of class)
   536     19 100      912 100 188431506 20661349 matplotlib.path.PathPartition of a set of 15 objects. Total size = 908 bytes.
 Index  Count   %     Size   % Cumulative  % Kind (class / dict of class)
   537     15 100      908 100 188432414 20752469 ssl.OptionsPartition of a set of 11 objects. Total size = 880 bytes.
 Index  Count   %     Size   % Cumulative  % Kind (class / dict of class)
   538     11 100      880 100 188433294 21412874 numpy.core.multiarray.typeinfoPartition of a set of 18 objects. Total size = 864 bytes.
 Index  Count   %     Size   % Cumulative  % Kind (class / dict of class)
   539     18 100      864 100 188434158 21809509 argparse._StoreActionPartition of a set of 18 objects. Total size = 864 bytes.
 Index  Count   %     Size   % Cumulative  % Kind (class / dict of class)
   540     18 100      864 100 188435022 21809609 cycler.CyclerPartition of a set of 18 objects. Total size = 864 bytes.
 Index  Count   %     Size   % Cumulative  % Kind (class / dict of class)
   541     18 100      864 100 188435886 21809709 logging.PlaceHolderPartition of a set of 9 objects. Total size = 864 bytes.
 Index  Count   %     Size   % Cumulative  % Kind (class / dict of class)
   542      9 100      864 100 188436750 21809809 numpy.dtypes.VoidDTypePartition of a set of 18 objects. Total size = 864 bytes.
 Index  Count   %     Size   % Cumulative  % Kind (class / dict of class)
   543     18 100      864 100 188437614 21809909 numpy.ma.core._MaskedBinaryOperationPartition of a set of 18 objects. Total size = 864 bytes.
 Index  Count   %     Size   % Cumulative  % Kind (class / dict of class)
   544     18 100      864 100 188438478 21810009 pygments.lexer.wordsPartition of a set of 18 objects. Total size = 864 bytes.
 Index  Count   %     Size   % Cumulative  % Kind (class / dict of class)
   545     18 100      864 100 188439342 21810109 stack_data.utils.cached_propertyPartition of a set of 1 object. Total size = 848 bytes.
 Index  Count   %     Size   % Cumulative  % Kind (class / dict of class)
   546      1 100      848 100 188440190 22221721 _strptime.TimeREPartition of a set of 1 object. Total size = 848 bytes.
 Index  Count   %     Size   % Cumulative  % Kind (class / dict of class)
   547      1 100      848 100 188441038 22221821 flask.config.ConfigPartition of a set of 1 object. Total size = 848 bytes.
 Index  Count   %     Size   % Cumulative  % Kind (class / dict of class)
   548      1 100      848 100 188441886 22221921 pandas._libs.tslibs.strptime.TimeREPartition of a set of 3 objects. Total size = 840 bytes.
 Index  Count   %     Size   % Cumulative  % Kind (class / dict of class)
   549      3 100      840 100 188442726 22433658 dict of
                                                  IPython.core.interactiveshell.SeparateUnicodePartition of a set of 3 objects. Total size = 840 bytes.
 Index  Count   %     Size   % Cumulative  % Kind (class / dict of class)
   550      3 100      840 100 188443566 22433758 dict of _sitebuiltins._PrinterPartition of a set of 3 objects. Total size = 840 bytes.
 Index  Count   %     Size   % Cumulative  % Kind (class / dict of class)
   551      3 100      840 100 188444406 22433858 dict of asyncio.constants._SendfileModePartition of a set of 3 objects. Total size = 840 bytes.
 Index  Count   %     Size   % Cumulative  % Kind (class / dict of class)
   552      3 100      840 100 188445246 22433958 dict of asyncio.runners._StatePartition of a set of 3 objects. Total size = 840 bytes.
 Index  Count   %     Size   % Cumulative  % Kind (class / dict of class)
   553      3 100      840 100 188446086 22434058 dict of click.core.CommandPartition of a set of 3 objects. Total size = 840 bytes.
 Index  Count   %     Size   % Cumulative  % Kind (class / dict of class)
   554      3 100      840 100 188446926 22434158 dict of click.types.PathPartition of a set of 3 objects. Total size = 840 bytes.
 Index  Count   %     Size   % Cumulative  % Kind (class / dict of class)
   555      3 100      840 100 188447766 22434258 dict of dash.dcc.Input.InputPartition of a set of 3 objects. Total size = 840 bytes.
 Index  Count   %     Size   % Cumulative  % Kind (class / dict of class)
   556      3 100      840 100 188448606 22434358 dict of dash.dependencies._WildcardPartition of a set of 3 objects. Total size = 840 bytes.
 Index  Count   %     Size   % Cumulative  % Kind (class / dict of class)
   557      3 100      840 100 188449446 22434458 dict of dash.html.Button.ButtonPartition of a set of 3 objects. Total size = 840 bytes.
 Index  Count   %     Size   % Cumulative  % Kind (class / dict of class)
   558      3 100      840 100 188450286 22434558 dict of dash.html.Img.ImgPartition of a set of 3 objects. Total size = 840 bytes.
 Index  Count   %     Size   % Cumulative  % Kind (class / dict of class)
   559      3 100      840 100 188451126 22434658 dict of dataclasses._FIELD_BASEPartition of a set of 3 objects. Total size = 840 bytes.
 Index  Count   %     Size   % Cumulative  % Kind (class / dict of class)
   560      3 100      840 100 188451966 22434758 dict of flask.config.ConfigAttributePartition of a set of 3 objects. Total size = 840 bytes.
 Index  Count   %     Size   % Cumulative  % Kind (class / dict of class)
   561      3 100      840 100 188452806 22434858 dict of h5py._hl.base.cached_propertyPartition of a set of 3 objects. Total size = 840 bytes.
 Index  Count   %     Size   % Cumulative  % Kind (class / dict of class)
   562      3 100      840 100 188453646 22434958 dict of
                                                  jedi.inference.compiled.value.CheckAttributePartition of a set of 3 objects. Total size = 840 bytes.
 Index  Count   %     Size   % Cumulative  % Kind (class / dict of class)
   563      3 100      840 100 188454486 22435058 dict of jedi.inference.flow_analysis.StatusPartition of a set of 3 objects. Total size = 840 bytes.
 Index  Count   %     Size   % Cumulative  % Kind (class / dict of class)
   564      3 100      840 100 188455326 22435158 dict of jinja2.utils._PassArgPartition of a set of 3 objects. Total size = 840 bytes.
 Index  Count   %     Size   % Cumulative  % Kind (class / dict of class)
   565      3 100      840 100 188456166 22435258 dict of logging.FormatterPartition of a set of 3 objects. Total size = 840 bytes.
 Index  Count   %     Size   % Cumulative  % Kind (class / dict of class)
   566      3 100      840 100 188457006 22435358 dict of logging.NullHandlerPartition of a set of 3 objects. Total size = 840 bytes.
 Index  Count   %     Size   % Cumulative  % Kind (class / dict of class)
   567      3 100      840 100 188457846 22435458 dict of logging.PercentStylePartition of a set of 3 objects. Total size = 840 bytes.
 Index  Count   %     Size   % Cumulative  % Kind (class / dict of class)
   568      3 100      840 100 188458686 22435558 dict of logging.StreamHandlerPartition of a set of 3 objects. Total size = 840 bytes.
 Index  Count   %     Size   % Cumulative  % Kind (class / dict of class)
   569      3 100      840 100 188459526 22435658 dict of matplotlib.pyplot._ReplDisplayHookPartition of a set of 3 objects. Total size = 840 bytes.
 Index  Count   %     Size   % Cumulative  % Kind (class / dict of class)
   570      3 100      840 100 188460366 22435758 dict of numpy._CopyModePartition of a set of 3 objects. Total size = 840 bytes.
 Index  Count   %     Size   % Cumulative  % Kind (class / dict of class)
   571      3 100      840 100 188461206 22435858 dict of numpy.finfoPartition of a set of 3 objects. Total size = 840 bytes.
 Index  Count   %     Size   % Cumulative  % Kind (class / dict of class)
   572      3 100      840 100 188462046 22435958 dict of numpy.ma.core._DomainCheckIntervalPartition of a set of 3 objects. Total size = 840 bytes.
 Index  Count   %     Size   % Cumulative  % Kind (class / dict of class)
   573      3 100      840 100 188462886 22436058 dict of numpy.ma.core._DomainGreaterPartition of a set of 3 objects. Total size = 840 bytes.
 Index  Count   %     Size   % Cumulative  % Kind (class / dict of class)
   574      3 100      840 100 188463726 22436158 dict of numpy.ma.extras._fromnxfunction_allargsPartition of a set of 3 objects. Total size = 840 bytes.
 Index  Count   %     Size   % Cumulative  % Kind (class / dict of class)
   575      3 100      840 100 188464566 22436258 dict of pandas._libs.tslibs.timedeltas.MinMaxResoPartition of a set of 3 objects. Total size = 840 bytes.
 Index  Count   %     Size   % Cumulative  % Kind (class / dict of class)
   576      3 100      840 100 188465406 22436358 dict of pandas._libs.tslibs.timestamps.MinMaxResoPartition of a set of 3 objects. Total size = 840 bytes.
 Index  Count   %     Size   % Cumulative  % Kind (class / dict of class)
   577      3 100      840 100 188466246 22436458 dict of
                                                  pandas.io.parsers.base_parser.BadLineHandleMethodPartition of a set of 3 objects. Total size = 840 bytes.
 Index  Count   %     Size   % Cumulative  % Kind (class / dict of class)
   578      3 100      840 100 188467086 22436558 dict of prompt_toolkit.buffer.ValidationStatePartition of a set of 3 objects. Total size = 840 bytes.
 Index  Count   %     Size   % Cumulative  % Kind (class / dict of class)
   579      3 100      840 100 188467926 22436658 dict of
                                                  prompt_toolkit.layout.containers.WindowAlignPartition of a set of 3 objects. Total size = 840 bytes.
 Index  Count   %     Size   % Cumulative  % Kind (class / dict of class)
   580      3 100      840 100 188468766 22436758 dict of prompt_toolkit.mouse_events.MouseModifierPartition of a set of 3 objects. Total size = 840 bytes.
 Index  Count   %     Size   % Cumulative  % Kind (class / dict of class)
   581      3 100      840 100 188469606 22436858 dict of prompt_toolkit.renderer.CPR_SupportPartition of a set of 3 objects. Total size = 840 bytes.
 Index  Count   %     Size   % Cumulative  % Kind (class / dict of class)
   582      3 100      840 100 188470446 22436958 dict of prompt_toolkit.selection.PasteModePartition of a set of 3 objects. Total size = 840 bytes.
 Index  Count   %     Size   % Cumulative  % Kind (class / dict of class)
   583      3 100      840 100 188471286 22437058 dict of prompt_toolkit.selection.SelectionTypePartition of a set of 3 objects. Total size = 840 bytes.
 Index  Count   %     Size   % Cumulative  % Kind (class / dict of class)
   584      3 100      840 100 188472126 22437158 dict of pyparsing.core.EmptyPartition of a set of 3 objects. Total size = 840 bytes.
 Index  Count   %     Size   % Cumulative  % Kind (class / dict of class)
   585      3 100      840 100 188472966 22437258 dict of stack_data.core.BlankLinesPartition of a set of 3 objects. Total size = 840 bytes.
 Index  Count   %     Size   % Cumulative  % Kind (class / dict of class)
   586      3 100      840 100 188473806 22437358 dict of threading.ConditionPartition of a set of 3 objects. Total size = 840 bytes.
 Index  Count   %     Size   % Cumulative  % Kind (class / dict of class)
   587      3 100      840 100 188474646 22437458 dict of threading.EventPartition of a set of 3 objects. Total size = 840 bytes.
 Index  Count   %     Size   % Cumulative  % Kind (class / dict of class)
   588      3 100      840 100 188475486 22437558 dict of traitlets.traitlets.CBoolPartition of a set of 3 objects. Total size = 840 bytes.
 Index  Count   %     Size   % Cumulative  % Kind (class / dict of class)
   589      3 100      840 100 188476326 22437658 dict of traitlets.traitlets.UnionPartition of a set of 3 objects. Total size = 840 bytes.
 Index  Count   %     Size   % Cumulative  % Kind (class / dict of class)
   590      3 100      840 100 188477166 22437758 dict of traitlets.traitlets.ValidateHandlerPartition of a set of 3 objects. Total size = 840 bytes.
 Index  Count   %     Size   % Cumulative  % Kind (class / dict of class)
   591      3 100      840 100 188478006 22437858 dict of uuid.SafeUUIDPartition of a set of 3 objects. Total size = 840 bytes.
 Index  Count   %     Size   % Cumulative  % Kind (class / dict of class)
   592      3 100      840 100 188478846 22437958 dict of werkzeug.http.COOPPartition of a set of 3 objects. Total size = 840 bytes.
 Index  Count   %     Size   % Cumulative  % Kind (class / dict of class)
   593      3 100      840 100 188479686 22438058 dict of xarray.backends.locks.SerializableLockPartition of a set of 1 object. Total size = 832 bytes.
 Index  Count   %     Size   % Cumulative  % Kind (class / dict of class)
   594      1 100      832 100 188480518 22653908 dict of dateutil.tz._factories._TzOffsetFactoryPartition of a set of 1 object. Total size = 832 bytes.
 Index  Count   %     Size   % Cumulative  % Kind (class / dict of class)
   595      1 100      832 100 188481350 22654008 dict of pygments.formatters._automodulePartition of a set of 1 object. Total size = 832 bytes.
 Index  Count   %     Size   % Cumulative  % Kind (class / dict of class)
   596      1 100      832 100 188482182 22654108 dict of urllib3.util.retry._RetryMetaPartition of a set of 3 objects. Total size = 816 bytes.
 Index  Count   %     Size   % Cumulative  % Kind (class / dict of class)
   597      3 100      816 100 188482998 23098407 dict of ast.AssignPartition of a set of 3 objects. Total size = 816 bytes.
 Index  Count   %     Size   % Cumulative  % Kind (class / dict of class)
   598      3 100      816 100 188483814 23098507 dict of ast.ConstantPartition of a set of 3 objects. Total size = 816 bytes.
 Index  Count   %     Size   % Cumulative  % Kind (class / dict of class)
   599      3 100      816 100 188484630 23098607 dict of jedi.inference.cache.CachedMetaClassPartition of a set of 3 objects. Total size = 816 bytes.
 Index  Count   %     Size   % Cumulative  % Kind (class / dict of class)
   600      3 100      816 100 188485446 23098707 dict of typing_extensions._TypeVarLikeMetaPartition of a set of 17 objects. Total size = 816 bytes.
 Index  Count   %     Size   % Cumulative  % Kind (class / dict of class)
   601     17 100      816 100 188486262 23098807 werkzeug.routing.matcher.StatePartition of a set of 11 objects. Total size = 792 bytes.
 Index  Count   %     Size   % Cumulative  % Kind (class / dict of class)
   602     11 100      792 100 188487054 23798870 h5py.h5p.PropClassIDPartition of a set of 7 objects. Total size = 784 bytes.
 Index  Count   %     Size   % Cumulative  % Kind (class / dict of class)
   603      7 100      784 100 188487838 24041816 dict of contextlib._GeneratorContextManagerPartition of a set of 6 objects. Total size = 768 bytes.
 Index  Count   %     Size   % Cumulative  % Kind (class / dict of class)
   604      6 100      768 100 188488606 24542787 dict of pandas.core.series.SeriesPartition of a set of 3 objects. Total size = 768 bytes.
 Index  Count   %     Size   % Cumulative  % Kind (class / dict of class)
   605      3 100      768 100 188489374 24542887 dict of pyparsing.core.LineEndPartition of a set of 16 objects. Total size = 768 bytes.
 Index  Count   %     Size   % Cumulative  % Kind (class / dict of class)
   606     16 100      768 100 188490142 24542987 encodings.utf_8.IncrementalEncoderPartition of a set of 16 objects. Total size = 768 bytes.
 Index  Count   %     Size   % Cumulative  % Kind (class / dict of class)
   607     16 100      768 100 188490910 24543087 pyparsing.core.CombinePartition of a set of 19 objects. Total size = 760 bytes.
 Index  Count   %     Size   % Cumulative  % Kind (class / dict of class)
   608     19 100      760 100 188491670 24801536 types.SimpleNamespacePartition of a set of 27 objects. Total size = 756 bytes.
 Index  Count   %     Size   % Cumulative  % Kind (class / dict of class)
   609     27 100      756 100 188492426 24932861 numpy.float32Partition of a set of 3 objects. Total size = 744 bytes.
 Index  Count   %     Size   % Cumulative  % Kind (class / dict of class)
   610      3 100      744 100 188493170 25335103 dict of pyparsing.core.NotAnyPartition of a set of 3 objects. Total size = 744 bytes.
 Index  Count   %     Size   % Cumulative  % Kind (class / dict of class)
   611      3 100      744 100 188493914 25335203 dict of pyparsing.core.OrPartition of a set of 9 objects. Total size = 720 bytes.
 Index  Count   %     Size   % Cumulative  % Kind (class / dict of class)
   612      9 100      720 100 188494634 26179810 _contextvars.ContextVarPartition of a set of 12 objects. Total size = 720 bytes.
 Index  Count   %     Size   % Cumulative  % Kind (class / dict of class)
   613     12 100      720 100 188495354 26179910 calendar.MonthPartition of a set of 15 objects. Total size = 720 bytes.
 Index  Count   %     Size   % Cumulative  % Kind (class / dict of class)
   614     15 100      720 100 188496074 26180010 click.core.OptionPartition of a set of 15 objects. Total size = 720 bytes.
 Index  Count   %     Size   % Cumulative  % Kind (class / dict of class)
   615     15 100      720 100 188496794 26180110 functools.cached_propertyPartition of a set of 22 objects. Total size = 704 bytes.
 Index  Count   %     Size   % Cumulative  % Kind (class / dict of class)
   616     22 100      704 100 188497498 26775213 datetime.datePartition of a set of 8 objects. Total size = 704 bytes.
 Index  Count   %     Size   % Cumulative  % Kind (class / dict of class)
   617      8 100      704 100 188498202 26775313 pandas.core.internals.blocks.NumpyBlockPartition of a set of 7 objects. Total size = 672 bytes.
 Index  Count   %     Size   % Cumulative  % Kind (class / dict of class)
   618      7 100      672 100 188498874 28050428 numpy.dtypes.UInt16DTypePartition of a set of 7 objects. Total size = 672 bytes.
 Index  Count   %     Size   % Cumulative  % Kind (class / dict of class)
   619      7 100      672 100 188499546 28050528 numpy.dtypes.UInt32DTypePartition of a set of 7 objects. Total size = 672 bytes.
 Index  Count   %     Size   % Cumulative  % Kind (class / dict of class)
   620      7 100      672 100 188500218 28050628 numpy.dtypes.UInt8DTypePartition of a set of 14 objects. Total size = 672 bytes.
 Index  Count   %     Size   % Cumulative  % Kind (class / dict of class)
   621     14 100      672 100 188500890 28050728 pandas._libs.tslibs.dtypes.NpyDatetimeUnitPartition of a set of 14 objects. Total size = 672 bytes.
 Index  Count   %     Size   % Cumulative  % Kind (class / dict of class)
   622     14 100      672 100 188501562 28050828 pyparsing.core.MatchFirstPartition of a set of 14 objects. Total size = 672 bytes.
 Index  Count   %     Size   % Cumulative  % Kind (class / dict of class)
   623     14 100      672 100 188502234 28050928 pyparsing.core.SuppressPartition of a set of 14 objects. Total size = 672 bytes.
 Index  Count   %     Size   % Cumulative  % Kind (class / dict of class)
   624     14 100      672 100 188502906 28051028 weakref.WeakValueDictionaryPartition of a set of 2 objects. Total size = 648 bytes.
 Index  Count   %     Size   % Cumulative  % Kind (class / dict of class)
   625      2 100      648 100 188503554 29090055 dict of pygments.style.StyleMetaPartition of a set of 2 objects. Total size = 648 bytes.
 Index  Count   %     Size   % Cumulative  % Kind (class / dict of class)
   626      2 100      648 100 188504202 29090155 dict of typing_extensions._TypedDictMetaPartition of a set of 8 objects. Total size = 640 bytes.
 Index  Count   %     Size   % Cumulative  % Kind (class / dict of class)
   627      8 100      640 100 188504842 29453882 matplotlib._mathtext._GlueSpecPartition of a set of 16 objects. Total size = 640 bytes.
 Index  Count   %     Size   % Cumulative  % Kind (class / dict of class)
   628     16 100      640 100 188505482 29453982
                                                  pandas._libs.tslibs.offsets.__pyx_scope_struct_1_a
                                                  pply_wrapsPartition of a set of 13 objects. Total size = 624 bytes.
 Index  Count   %     Size   % Cumulative  % Kind (class / dict of class)
   629     13 100      624 100 188506106 30209312 numpy.ma.core._convert2maPartition of a set of 13 objects. Total size = 624 bytes.
 Index  Count   %     Size   % Cumulative  % Kind (class / dict of class)
   630     13 100      624 100 188506730 30209412 pandas._libs.tslibs.dtypes.FreqGroupPartition of a set of 13 objects. Total size = 624 bytes.
 Index  Count   %     Size   % Cumulative  % Kind (class / dict of class)
   631     13 100      624 100 188507354 30209512 parso.python.token.PythonTokenTypesPartition of a set of 13 objects. Total size = 624 bytes.
 Index  Count   %     Size   % Cumulative  % Kind (class / dict of class)
   632     13 100      624 100 188507978 30209612 parso.python.token.TokenTypePartition of a set of 13 objects. Total size = 624 bytes.
 Index  Count   %     Size   % Cumulative  % Kind (class / dict of class)
   633     13 100      624 100 188508602 30209712 pygments.lexer.defaultPartition of a set of 13 objects. Total size = 624 bytes.
 Index  Count   %     Size   % Cumulative  % Kind (class / dict of class)
   634     13 100      624 100 188509226 30209812 traitlets.traitlets.ObjectNamePartition of a set of 2 objects. Total size = 608 bytes.
 Index  Count   %     Size   % Cumulative  % Kind (class / dict of class)
   635      2 100      608 100 188509834 31004907 dict of PIL.Image.PalettePartition of a set of 2 objects. Total size = 608 bytes.
 Index  Count   %     Size   % Cumulative  % Kind (class / dict of class)
   636      2 100      608 100 188510442 31005007 dict of PIL.PngImagePlugin.BlendPartition of a set of 2 objects. Total size = 608 bytes.
 Index  Count   %     Size   % Cumulative  % Kind (class / dict of class)
   637      2 100      608 100 188511050 31005107 dict of codecs.CodecInfoPartition of a set of 2 objects. Total size = 608 bytes.
 Index  Count   %     Size   % Cumulative  % Kind (class / dict of class)
   638      2 100      608 100 188511658 31005207 dict of numexpr.utils.CacheDictPartition of a set of 2 objects. Total size = 608 bytes.
 Index  Count   %     Size   % Cumulative  % Kind (class / dict of class)
   639      2 100      608 100 188512266 31005307 dict of packaging._elffile.EIClassPartition of a set of 2 objects. Total size = 608 bytes.
 Index  Count   %     Size   % Cumulative  % Kind (class / dict of class)
   640      2 100      608 100 188512874 31005407 dict of packaging._elffile.EIDataPartition of a set of 2 objects. Total size = 608 bytes.
 Index  Count   %     Size   % Cumulative  % Kind (class / dict of class)
   641      2 100      608 100 188513482 31005507 dict of psutil._common.BatteryTimePartition of a set of 2 objects. Total size = 608 bytes.
 Index  Count   %     Size   % Cumulative  % Kind (class / dict of class)
   642      2 100      608 100 188514090 31005607 dict of signal.HandlersPartition of a set of 2 objects. Total size = 608 bytes.
 Index  Count   %     Size   % Cumulative  % Kind (class / dict of class)
   643      2 100      608 100 188514698 31005707 dict of ssl.PurposePartition of a set of 2 objects. Total size = 608 bytes.
 Index  Count   %     Size   % Cumulative  % Kind (class / dict of class)
   644      2 100      608 100 188515306 31005807 dict of zmq.constants.FlagPartition of a set of 15 objects. Total size = 600 bytes.
 Index  Count   %     Size   % Cumulative  % Kind (class / dict of class)
   645     15 100      600 100 188515906 31419318 datetime.timedeltaPartition of a set of 10 objects. Total size = 600 bytes.
 Index  Count   %     Size   % Cumulative  % Kind (class / dict of class)
   646     10 100      600 100 188516506 31419418 socket.AddressFamilyPartition of a set of 10 objects. Total size = 600 bytes.
 Index  Count   %     Size   % Cumulative  % Kind (class / dict of class)
   647     10 100      600 100 188517106 31419518 socket.AddressInfoPartition of a set of 10 objects. Total size = 600 bytes.
 Index  Count   %     Size   % Cumulative  % Kind (class / dict of class)
   648     10 100      600 100 188517706 31419618 socket.MsgFlagPartition of a set of 12 objects. Total size = 576 bytes.
 Index  Count   %     Size   % Cumulative  % Kind (class / dict of class)
   649     12 100      576 100 188518282 32728868 IPython.core.magic_arguments.MagicArgumentParserPartition of a set of 2 objects. Total size = 576 bytes.
 Index  Count   %     Size   % Cumulative  % Kind (class / dict of class)
   650      2 100      576 100 188518858 32728968 dict of IPython.core.guarded_eval.EvaluationPolicyPartition of a set of 2 objects. Total size = 576 bytes.
 Index  Count   %     Size   % Cumulative  % Kind (class / dict of class)
   651      2 100      576 100 188519434 32729068 dict of
                                                  IPython.core.inputtransformer2.PromptStripperPartition of a set of 2 objects. Total size = 576 bytes.
 Index  Count   %     Size   % Cumulative  % Kind (class / dict of class)
   652      2 100      576 100 188520010 32729168 dict of _sitebuiltins.QuitterPartition of a set of 2 objects. Total size = 576 bytes.
 Index  Count   %     Size   % Cumulative  % Kind (class / dict of class)
   653      2 100      576 100 188520586 32729268 dict of _strptime.LocaleTimePartition of a set of 2 objects. Total size = 576 bytes.
 Index  Count   %     Size   % Cumulative  % Kind (class / dict of class)
   654      2 100      576 100 188521162 32729368 dict of argparse._StoreFalseActionPartition of a set of 2 objects. Total size = 576 bytes.
 Index  Count   %     Size   % Cumulative  % Kind (class / dict of class)
   655      2 100      576 100 188521738 32729468 dict of blinker._utilities.lazy_propertyPartition of a set of 2 objects. Total size = 576 bytes.
 Index  Count   %     Size   % Cumulative  % Kind (class / dict of class)
   656      2 100      576 100 188522314 32729568 dict of calendar._localized_dayPartition of a set of 2 objects. Total size = 576 bytes.
 Index  Count   %     Size   % Cumulative  % Kind (class / dict of class)
   657      2 100      576 100 188522890 32729668 dict of calendar._localized_monthPartition of a set of 2 objects. Total size = 576 bytes.
 Index  Count   %     Size   % Cumulative  % Kind (class / dict of class)
   658      2 100      576 100 188523466 32729768 dict of cffi.model.PointerTypePartition of a set of 2 objects. Total size = 576 bytes.
 Index  Count   %     Size   % Cumulative  % Kind (class / dict of class)
   659      2 100      576 100 188524042 32729868 dict of ctypes.LibraryLoaderPartition of a set of 2 objects. Total size = 576 bytes.
 Index  Count   %     Size   % Cumulative  % Kind (class / dict of class)
   660      2 100      576 100 188524618 32729968 dict of dash.html.A.APartition of a set of 2 objects. Total size = 576 bytes.
 Index  Count   %     Size   % Cumulative  % Kind (class / dict of class)
   661      2 100      576 100 188525194 32730068 dict of dash.resources.ResourcesPartition of a set of 2 objects. Total size = 576 bytes.
 Index  Count   %     Size   % Cumulative  % Kind (class / dict of class)
   662      2 100      576 100 188525770 32730168 dict of dash.resources._ConfigPartition of a set of 2 objects. Total size = 576 bytes.
 Index  Count   %     Size   % Cumulative  % Kind (class / dict of class)
   663      2 100      576 100 188526346 32730268 dict of
                                                  dash_bootstrap_components._components.RadioItems.R
                                                  adioItemsPartition of a set of 2 objects. Total size = 576 bytes.
 Index  Count   %     Size   % Cumulative  % Kind (class / dict of class)
   664      2 100      576 100 188526922 32730368 dict of email.charset.CharsetPartition of a set of 2 objects. Total size = 576 bytes.
 Index  Count   %     Size   % Cumulative  % Kind (class / dict of class)
   665      2 100      576 100 188527498 32730468 dict of encodings.idna.CodecPartition of a set of 2 objects. Total size = 576 bytes.
 Index  Count   %     Size   % Cumulative  % Kind (class / dict of class)
   666      2 100      576 100 188528074 32730568 dict of flask.cli.AppGroupPartition of a set of 2 objects. Total size = 576 bytes.
 Index  Count   %     Size   % Cumulative  % Kind (class / dict of class)
   667      2 100      576 100 188528650 32730668 dict of flask.cli.SeparatedPathTypePartition of a set of 2 objects. Total size = 576 bytes.
 Index  Count   %     Size   % Cumulative  % Kind (class / dict of class)
   668      2 100      576 100 188529226 32730768 dict of guppy.etc.Descriptor.property_nondataPartition of a set of 2 objects. Total size = 576 bytes.
 Index  Count   %     Size   % Cumulative  % Kind (class / dict of class)
   669      2 100      576 100 188529802 32730868 dict of importlib_metadata.ContextPartition of a set of 2 objects. Total size = 576 bytes.
 Index  Count   %     Size   % Cumulative  % Kind (class / dict of class)
   670      2 100      576 100 188530378 32730968 dict of jinja2.utils.LRUCachePartition of a set of 2 objects. Total size = 576 bytes.
 Index  Count   %     Size   % Cumulative  % Kind (class / dict of class)
   671      2 100      576 100 188530954 32731068 dict of matplotlib.axis._LazyTickListPartition of a set of 2 objects. Total size = 576 bytes.
 Index  Count   %     Size   % Cumulative  % Kind (class / dict of class)
   672      2 100      576 100 188531530 32731168 dict of matplotlib.legend_handler.HandlerPatchPartition of a set of 2 objects. Total size = 576 bytes.
 Index  Count   %     Size   % Cumulative  % Kind (class / dict of class)
   673      2 100      576 100 188532106 32731268 dict of numpy.__config__.DisplayModesPartition of a set of 2 objects. Total size = 576 bytes.
 Index  Count   %     Size   % Cumulative  % Kind (class / dict of class)
   674      2 100      576 100 188532682 32731368 dict of numpy.lib.index_tricks.IndexExpressionPartition of a set of 2 objects. Total size = 576 bytes.
 Index  Count   %     Size   % Cumulative  % Kind (class / dict of class)
   675      2 100      576 100 188533258 32731468 dict of numpy.ma.core._DomainGreaterEqualPartition of a set of 2 objects. Total size = 576 bytes.
 Index  Count   %     Size   % Cumulative  % Kind (class / dict of class)
   676      2 100      576 100 188533834 32731568 dict of numpy.ma.core._extrema_operationPartition of a set of 2 objects. Total size = 576 bytes.
 Index  Count   %     Size   % Cumulative  % Kind (class / dict of class)
   677      2 100      576 100 188534410 32731668 dict of numpy.ma.extras._fromnxfunction_singlePartition of a set of 2 objects. Total size = 576 bytes.
 Index  Count   %     Size   % Cumulative  % Kind (class / dict of class)
   678      2 100      576 100 188534986 32731768 dict of os._EnvironPartition of a set of 2 objects. Total size = 576 bytes.
 Index  Count   %     Size   % Cumulative  % Kind (class / dict of class)
   679      2 100      576 100 188535562 32731868 dict of plistlib.PlistFormatPartition of a set of 2 objects. Total size = 576 bytes.
 Index  Count   %     Size   % Cumulative  % Kind (class / dict of class)
   680      2 100      576 100 188536138 32731968 dict of prompt_toolkit.enums.EditingModePartition of a set of 2 objects. Total size = 576 bytes.
 Index  Count   %     Size   % Cumulative  % Kind (class / dict of class)
   681      2 100      576 100 188536714 32732068 dict of prompt_toolkit.filters.base.AlwaysPartition of a set of 2 objects. Total size = 576 bytes.
 Index  Count   %     Size   % Cumulative  % Kind (class / dict of class)
   682      2 100      576 100 188537290 32732168 dict of prompt_toolkit.filters.base.NeverPartition of a set of 2 objects. Total size = 576 bytes.
 Index  Count   %     Size   % Cumulative  % Kind (class / dict of class)
   683      2 100      576 100 188537866 32732268 dict of prompt_toolkit.filters.base._OrListPartition of a set of 2 objects. Total size = 576 bytes.
 Index  Count   %     Size   % Cumulative  % Kind (class / dict of class)
   684      2 100      576 100 188538442 32732368 dict of prompt_toolkit.output.vt100._16ColorCachePartition of a set of 2 objects. Total size = 576 bytes.
 Index  Count   %     Size   % Cumulative  % Kind (class / dict of class)
   685      2 100      576 100 188539018 32732468 dict of prompt_toolkit.search.SearchDirectionPartition of a set of 2 objects. Total size = 576 bytes.
 Index  Count   %     Size   % Cumulative  % Kind (class / dict of class)
   686      2 100      576 100 188539594 32732568 dict of prompt_toolkit.styles.style.PriorityPartition of a set of 2 objects. Total size = 576 bytes.
 Index  Count   %     Size   % Cumulative  % Kind (class / dict of class)
   687      2 100      576 100 188540170 32732668 dict of pyparsing.core.StringEndPartition of a set of 2 objects. Total size = 576 bytes.
 Index  Count   %     Size   % Cumulative  % Kind (class / dict of class)
   688      2 100      576 100 188540746 32732768 dict of pyparsing.helpers.OpAssocPartition of a set of 2 objects. Total size = 576 bytes.
 Index  Count   %     Size   % Cumulative  % Kind (class / dict of class)
   689      2 100      576 100 188541322 32732868 dict of scipy.__config__.DisplayModesPartition of a set of 2 objects. Total size = 576 bytes.
 Index  Count   %     Size   % Cumulative  % Kind (class / dict of class)
   690      2 100      576 100 188541898 32732968 dict of tornado.gen._NullFuturePartition of a set of 2 objects. Total size = 576 bytes.
 Index  Count   %     Size   % Cumulative  % Kind (class / dict of class)
   691      2 100      576 100 188542474 32733068 dict of traitlets.traitlets.CBytesPartition of a set of 2 objects. Total size = 576 bytes.
 Index  Count   %     Size   % Cumulative  % Kind (class / dict of class)
   692      2 100      576 100 188543050 32733168 dict of traitlets.traitlets.CRegExpPartition of a set of 2 objects. Total size = 576 bytes.
 Index  Count   %     Size   % Cumulative  % Kind (class / dict of class)
   693      2 100      576 100 188543626 32733268 dict of traitlets.traitlets.CUnicodePartition of a set of 2 objects. Total size = 576 bytes.
 Index  Count   %     Size   % Cumulative  % Kind (class / dict of class)
   694      2 100      576 100 188544202 32733368 dict of
                                                  traitlets.traitlets.ForwardDeclaredInstancePartition of a set of 2 objects. Total size = 576 bytes.
 Index  Count   %     Size   % Cumulative  % Kind (class / dict of class)
   695      2 100      576 100 188544778 32733468 dict of traitlets.utils.sentinel.SentinelPartition of a set of 2 objects. Total size = 576 bytes.
 Index  Count   %     Size   % Cumulative  % Kind (class / dict of class)
   696      2 100      576 100 188545354 32733568 dict of werkzeug.exceptions.AborterPartition of a set of 2 objects. Total size = 576 bytes.
 Index  Count   %     Size   % Cumulative  % Kind (class / dict of class)
   697      2 100      576 100 188545930 32733668 dict of werkzeug.http.COEPPartition of a set of 2 objects. Total size = 576 bytes.
 Index  Count   %     Size   % Cumulative  % Kind (class / dict of class)
   698      2 100      576 100 188546506 32733768 dict of xarray.backends.locks.CombinedLockPartition of a set of 2 objects. Total size = 576 bytes.
 Index  Count   %     Size   % Cumulative  % Kind (class / dict of class)
   699      2 100      576 100 188547082 32733868 dict of zmq.sugar.tracker.MessageTrackerPartition of a set of 8 objects. Total size = 576 bytes.
 Index  Count   %     Size   % Cumulative  % Kind (class / dict of class)
   700      8 100      576 100 188547658 32733968 pandas._libs.internals.BlockPlacementPartition of a set of 9 objects. Total size = 576 bytes.
 Index  Count   %     Size   % Cumulative  % Kind (class / dict of class)
   701      9 100      576 100 188548234 32734068 pyarrow._compute.MetaFunctionPartition of a set of 1 object. Total size = 565 bytes.
 Index  Count   %     Size   % Cumulative  % Kind (class / dict of class)
   702      1 100      565 100 188548799 33371469 pandas.core.indexes.base.IndexPartition of a set of 10 objects. Total size = 560 bytes.
 Index  Count   %     Size   % Cumulative  % Kind (class / dict of class)
   703     10 100      560 100 188549359 33669528 ast.NamePartition of a set of 14 objects. Total size = 560 bytes.
 Index  Count   %     Size   % Cumulative  % Kind (class / dict of class)
   704     14 100      560 100 188549919 33669628 builtins.fortranPartition of a set of 2 objects. Total size = 560 bytes.
 Index  Count   %     Size   % Cumulative  % Kind (class / dict of class)
   705      2 100      560 100 188550479 33669728 dict of pyparsing.core.OneOrMorePartition of a set of 10 objects. Total size = 560 bytes.
 Index  Count   %     Size   % Cumulative  % Kind (class / dict of class)
   706     10 100      560 100 188551039 33669828 itertools.countPartition of a set of 10 objects. Total size = 560 bytes.
 Index  Count   %     Size   % Cumulative  % Kind (class / dict of class)
   707     10 100      560 100 188551599 33669928 slicePartition of a set of 5 objects. Total size = 552 bytes.
 Index  Count   %     Size   % Cumulative  % Kind (class / dict of class)
   708      5 100      552 100 188552151 34157998 prompt_toolkit.key_binding.vi_state.InputModePartition of a set of 2 objects. Total size = 544 bytes.
 Index  Count   %     Size   % Cumulative  % Kind (class / dict of class)
   709      2 100      544 100 188552695 34660422 dict of typing._DeprecatedTypePartition of a set of 9 objects. Total size = 540 bytes.
 Index  Count   %     Size   % Cumulative  % Kind (class / dict of class)
   710      9 100      540 100 188553235 34917266 ssl.SSLErrorNumberPartition of a set of 9 objects. Total size = 540 bytes.
 Index  Count   %     Size   % Cumulative  % Kind (class / dict of class)
   711      9 100      540 100 188553775 34917366 zmq.constants.ContextOptionPartition of a set of 11 objects. Total size = 528 bytes.
 Index  Count   %     Size   % Cumulative  % Kind (class / dict of class)
   712     11 100      528 100 188554303 35711042 dash.dcc.Store.StorePartition of a set of 2 objects. Total size = 528 bytes.
 Index  Count   %     Size   % Cumulative  % Kind (class / dict of class)
   713      2 100      528 100 188554831 35711142 dict of numpy.errstatePartition of a set of 11 objects. Total size = 528 bytes.
 Index  Count   %     Size   % Cumulative  % Kind (class / dict of class)
   714     11 100      528 100 188555359 35711242 numpy._pytesttester.PytestTesterPartition of a set of 2 objects. Total size = 512 bytes.
 Index  Count   %     Size   % Cumulative  % Kind (class / dict of class)
   715      2 100      512 100 188555871 36827319 dict of matplotlib._api.classpropertyPartition of a set of 10 objects. Total size = 480 bytes.
 Index  Count   %     Size   % Cumulative  % Kind (class / dict of class)
   716     10 100      480 100 188556351 39282573 __future__._FeaturePartition of a set of 10 objects. Total size = 480 bytes.
 Index  Count   %     Size   % Cumulative  % Kind (class / dict of class)
   717     10 100      480 100 188556831 39282673 blinker.base.NamedSignalPartition of a set of 12 objects. Total size = 480 bytes.
 Index  Count   %     Size   % Cumulative  % Kind (class / dict of class)
   718     12 100      480 100 188557311 39282773 builtins.fortranPartition of a set of 1 object. Total size = 480 bytes.
 Index  Count   %     Size   % Cumulative  % Kind (class / dict of class)
   719      1 100      480 100 188557791 39282873 cftime._strptime.TimeREPartition of a set of 2 objects. Total size = 480 bytes.
 Index  Count   %     Size   % Cumulative  % Kind (class / dict of class)
   720      2 100      480 100 188558271 39282973 dict of importlib.metadata.ContextPartition of a set of 10 objects. Total size = 480 bytes.
 Index  Count   %     Size   % Cumulative  % Kind (class / dict of class)
   721     10 100      480 100 188558751 39283073 numcodecs.blosc.BloscPartition of a set of 5 objects. Total size = 480 bytes.
 Index  Count   %     Size   % Cumulative  % Kind (class / dict of class)
   722      5 100      480 100 188559231 39283173 numpy.dtypes.Float32DTypePartition of a set of 5 objects. Total size = 480 bytes.
 Index  Count   %     Size   % Cumulative  % Kind (class / dict of class)
   723      5 100      480 100 188559711 39283273 numpy.dtypes.Float64DTypePartition of a set of 5 objects. Total size = 480 bytes.
 Index  Count   %     Size   % Cumulative  % Kind (class / dict of class)
   724      5 100      480 100 188560191 39283373 numpy.dtypes.Int16DTypePartition of a set of 5 objects. Total size = 480 bytes.
 Index  Count   %     Size   % Cumulative  % Kind (class / dict of class)
   725      5 100      480 100 188560671 39283473 numpy.dtypes.Int32DTypePartition of a set of 5 objects. Total size = 480 bytes.
 Index  Count   %     Size   % Cumulative  % Kind (class / dict of class)
   726      5 100      480 100 188561151 39283573 numpy.dtypes.Int64DTypePartition of a set of 5 objects. Total size = 480 bytes.
 Index  Count   %     Size   % Cumulative  % Kind (class / dict of class)
   727      5 100      480 100 188561631 39283673 numpy.dtypes.Int8DTypePartition of a set of 5 objects. Total size = 480 bytes.
 Index  Count   %     Size   % Cumulative  % Kind (class / dict of class)
   728      5 100      480 100 188562111 39283773 numpy.dtypes.UInt64DTypePartition of a set of 10 objects. Total size = 480 bytes.
 Index  Count   %     Size   % Cumulative  % Kind (class / dict of class)
   729     10 100      480 100 188562591 39283873 pandas._libs.tslibs.dtypes.ResolutionPartition of a set of 20 objects. Total size = 480 bytes.
 Index  Count   %     Size   % Cumulative  % Kind (class / dict of class)
   730     20 100      480 100 188563071 39283973
                                                  pandas._libs.tslibs.nattype.__pyx_scope_struct___m
                                                  ake_error_funcPartition of a set of 8 objects. Total size = 480 bytes.
 Index  Count   %     Size   % Cumulative  % Kind (class / dict of class)
   731      8 100      480 100 188563551 39284073
                                                  pandas.core.interchange.dataframe_protocol.DlpackD
                                                  eviceTypePartition of a set of 10 objects. Total size = 480 bytes.
 Index  Count   %     Size   % Cumulative  % Kind (class / dict of class)
   732     10 100      480 100 188564031 39284173 werkzeug.routing.rules.RulePartition of a set of 1 object. Total size = 464 bytes.
 Index  Count   %     Size   % Cumulative  % Kind (class / dict of class)
   733      1 100      464 100 188564495 40638900 dict of dateutil.tz._factories._TzSingletonPartition of a set of 1 object. Total size = 464 bytes.
 Index  Count   %     Size   % Cumulative  % Kind (class / dict of class)
   734      1 100      464 100 188564959 40639000 dict of dateutil.tz._factories._TzStrFactoryPartition of a set of 1 object. Total size = 464 bytes.
 Index  Count   %     Size   % Cumulative  % Kind (class / dict of class)
   735      1 100      464 100 188565423 40639100 dict of typing_extensions._ProtocolMetaPartition of a set of 1 object. Total size = 464 bytes.
 Index  Count   %     Size   % Cumulative  % Kind (class / dict of class)
   736      1 100      464 100 188565887 40639200 dict of urllib3.request.RequestModulePartition of a set of 7 objects. Total size = 448 bytes.
 Index  Count   %     Size   % Cumulative  % Kind (class / dict of class)
   737      7 100      448 100 188566335 42090700 dateutil.rrule.weekdayPartition of a set of 5 objects. Total size = 440 bytes.
 Index  Count   %     Size   % Cumulative  % Kind (class / dict of class)
   738      5 100      440 100 188566775 42856085 dict of encodings.utf_8.IncrementalDecoderPartition of a set of 5 objects. Total size = 440 bytes.
 Index  Count   %     Size   % Cumulative  % Kind (class / dict of class)
   739      5 100      440 100 188567215 42856185 weakref.KeyedRefPartition of a set of 4 objects. Total size = 433 bytes.
 Index  Count   %     Size   % Cumulative  % Kind (class / dict of class)
   740      4 100      433 100 188567648 43549110 prompt_toolkit.output.color_depth.ColorDepthPartition of a set of 1 object. Total size = 432 bytes.
 Index  Count   %     Size   % Cumulative  % Kind (class / dict of class)
   741      1 100      432 100 188568080 43650019 _ctypes.PyCArrayTypePartition of a set of 1 object. Total size = 432 bytes.
 Index  Count   %     Size   % Cumulative  % Kind (class / dict of class)
   742      1 100      432 100 188568512 43650119 _ctypes.UnionTypePartition of a set of 9 objects. Total size = 432 bytes.
 Index  Count   %     Size   % Cumulative  % Kind (class / dict of class)
   743      9 100      432 100 188568944 43650219 pyparsing.core.LiteralPartition of a set of 9 objects. Total size = 432 bytes.
 Index  Count   %     Size   % Cumulative  % Kind (class / dict of class)
   744      9 100      432 100 188569376 43650319 pyparsing.core.WordPartition of a set of 7 objects. Total size = 420 bytes.
 Index  Count   %     Size   % Cumulative  % Kind (class / dict of class)
   745      7 100      420 100 188569796 44897570 PIL.Image.TransposePartition of a set of 7 objects. Total size = 420 bytes.
 Index  Count   %     Size   % Cumulative  % Kind (class / dict of class)
   746      7 100      420 100 188570216 44897670 calendar.DayPartition of a set of 7 objects. Total size = 420 bytes.
 Index  Count   %     Size   % Cumulative  % Kind (class / dict of class)
   747      7 100      420 100 188570636 44897770 matplotlib.backend_tools.CursorsPartition of a set of 7 objects. Total size = 420 bytes.
 Index  Count   %     Size   % Cumulative  % Kind (class / dict of class)
   748      7 100      420 100 188571056 44897870
                                                  pandas.core.interchange.dataframe_protocol.DtypeKi
                                                  ndPartition of a set of 7 objects. Total size = 420 bytes.
 Index  Count   %     Size   % Cumulative  % Kind (class / dict of class)
   749      7 100      420 100 188571476 44897970 ssl.TLSVersionPartition of a set of 7 objects. Total size = 420 bytes.
 Index  Count   %     Size   % Cumulative  % Kind (class / dict of class)
   750      7 100      420 100 188571896 44898070 ssl.VerifyFlagsPartition of a set of 2 objects. Total size = 416 bytes.
 Index  Count   %     Size   % Cumulative  % Kind (class / dict of class)
   751      2 100      416 100 188572312 45329883 _cython_3_0_7.cython_function_or_methodPartition of a set of 4 objects. Total size = 410 bytes.
 Index  Count   %     Size   % Cumulative  % Kind (class / dict of class)
   752      4 100      410 100 188572722 45993347 enum.FlagBoundaryPartition of a set of 8 objects. Total size = 384 bytes.
 Index  Count   %     Size   % Cumulative  % Kind (class / dict of class)
   753      8 100      384 100 188573106 49107580 dash.dcc.Dropdown.DropdownPartition of a set of 4 objects. Total size = 384 bytes.
 Index  Count   %     Size   % Cumulative  % Kind (class / dict of class)
   754      4 100      384 100 188573490 49107680 decimal.ContextPartition of a set of 8 objects. Total size = 384 bytes.
 Index  Count   %     Size   % Cumulative  % Kind (class / dict of class)
   755      8 100      384 100 188573874 49107780 pandas.core.accessor.CachedAccessorPartition of a set of 8 objects. Total size = 384 bytes.
 Index  Count   %     Size   % Cumulative  % Kind (class / dict of class)
   756      8 100      384 100 188574258 49107880 pandas.core.nanops.disallowPartition of a set of 8 objects. Total size = 384 bytes.
 Index  Count   %     Size   % Cumulative  % Kind (class / dict of class)
   757      8 100      384 100 188574642 49107980 pyparsing.core.DiagnosticsPartition of a set of 8 objects. Total size = 384 bytes.
 Index  Count   %     Size   % Cumulative  % Kind (class / dict of class)
   758      8 100      384 100 188575026 49108080 pyparsing.unicode._lazyclasspropertyPartition of a set of 8 objects. Total size = 384 bytes.
 Index  Count   %     Size   % Cumulative  % Kind (class / dict of class)
   759      8 100      384 100 188575410 49108180 traitlets.traitlets.EnumPartition of a set of 8 objects. Total size = 384 bytes.
 Index  Count   %     Size   % Cumulative  % Kind (class / dict of class)
   760      8 100      384 100 188575794 49108280 zarr.attrs.AttributesPartition of a set of 8 objects. Total size = 384 bytes.
 Index  Count   %     Size   % Cumulative  % Kind (class / dict of class)
   761      8 100      384 100 188576178 49108380 zarr.core.ArrayPartition of a set of 8 objects. Total size = 384 bytes.
 Index  Count   %     Size   % Cumulative  % Kind (class / dict of class)
   762      8 100      384 100 188576562 49108480 zarr.indexing.BlockIndexPartition of a set of 8 objects. Total size = 384 bytes.
 Index  Count   %     Size   % Cumulative  % Kind (class / dict of class)
   763      8 100      384 100 188576946 49108580 zarr.indexing.OIndexPartition of a set of 8 objects. Total size = 384 bytes.
 Index  Count   %     Size   % Cumulative  % Kind (class / dict of class)
   764      8 100      384 100 188577330 49108680 zarr.indexing.VIndexPartition of a set of 8 objects. Total size = 384 bytes.
 Index  Count   %     Size   % Cumulative  % Kind (class / dict of class)
   765      8 100      384 100 188577714 49108780 zarr.storage.DirectoryStorePartition of a set of 3 objects. Total size = 382 bytes.
 Index  Count   %     Size   % Cumulative  % Kind (class / dict of class)
   766      3 100      382 100 188578096 49365994 enum.EnumCheckPartition of a set of 2 objects. Total size = 368 bytes.
 Index  Count   %     Size   % Cumulative  % Kind (class / dict of class)
   767      2 100      368 100 188578464 51244148 blinker.base.NamespacePartition of a set of 2 objects. Total size = 368 bytes.
 Index  Count   %     Size   % Cumulative  % Kind (class / dict of class)
   768      2 100      368 100 188578832 51244248 dict of _cython_3_0_7.cython_function_or_methodPartition of a set of 1 object. Total size = 368 bytes.
 Index  Count   %     Size   % Cumulative  % Kind (class / dict of class)
   769      1 100      368 100 188579200 51244348 matplotlib.units.RegistryPartition of a set of 1 object. Total size = 368 bytes.
 Index  Count   %     Size   % Cumulative  % Kind (class / dict of class)
   770      1 100      368 100 188579568 51244448 pympler.asizeof._SeenPartition of a set of 6 objects. Total size = 360 bytes.
 Index  Count   %     Size   % Cumulative  % Kind (class / dict of class)
   771      6 100      360 100 188579928 52383313 PIL.Image.ResamplingPartition of a set of 6 objects. Total size = 360 bytes.
 Index  Count   %     Size   % Cumulative  % Kind (class / dict of class)
   772      6 100      360 100 188580288 52383413 ssl._SSLMethodPartition of a set of 6 objects. Total size = 360 bytes.
 Index  Count   %     Size   % Cumulative  % Kind (class / dict of class)
   773      6 100      360 100 188580648 52383513 ssl._TLSContentTypePartition of a set of 4 objects. Total size = 352 bytes.
 Index  Count   %     Size   % Cumulative  % Kind (class / dict of class)
   774      4 100      352 100 188581000 53574148 _ctypes.CFieldPartition of a set of 5 objects. Total size = 344 bytes.
 Index  Count   %     Size   % Cumulative  % Kind (class / dict of class)
   775      5 100      344 100 188581344 54820158 _sre.SRE_TemplatePartition of a set of 7 objects. Total size = 336 bytes.
 Index  Count   %     Size   % Cumulative  % Kind (class / dict of class)
   776      7 100      336 100 188581680 56125500 contextlib._GeneratorContextManagerPartition of a set of 7 objects. Total size = 336 bytes.
 Index  Count   %     Size   % Cumulative  % Kind (class / dict of class)
   777      7 100      336 100 188582016 56125600 dateutil._common.weekdayPartition of a set of 6 objects. Total size = 336 bytes.
 Index  Count   %     Size   % Cumulative  % Kind (class / dict of class)
   778      6 100      336 100 188582352 56125700 operator.methodcallerPartition of a set of 7 objects. Total size = 336 bytes.
 Index  Count   %     Size   % Cumulative  % Kind (class / dict of class)
   779      7 100      336 100 188582688 56125800 pandas.core.flags.FlagsPartition of a set of 7 objects. Total size = 336 bytes.
 Index  Count   %     Size   % Cumulative  % Kind (class / dict of class)
   780      7 100      336 100 188583024 56125900 prompt_toolkit.cursor_shapes.CursorShapePartition of a set of 7 objects. Total size = 336 bytes.
 Index  Count   %     Size   % Cumulative  % Kind (class / dict of class)
   781      7 100      336 100 188583360 56126000 traitlets.traitlets.CaselessStrEnumPartition of a set of 7 objects. Total size = 336 bytes.
 Index  Count   %     Size   % Cumulative  % Kind (class / dict of class)
   782      7 100      336 100 188583696 56126100 traitlets.traitlets.DottedObjectNamePartition of a set of 7 objects. Total size = 336 bytes.
 Index  Count   %     Size   % Cumulative  % Kind (class / dict of class)
   783      7 100      336 100 188584032 56126200 traitlets.traitlets.FloatPartition of a set of 7 objects. Total size = 336 bytes.
 Index  Count   %     Size   % Cumulative  % Kind (class / dict of class)
   784      7 100      336 100 188584368 56126300 werkzeug.local.LocalProxyPartition of a set of 3 objects. Total size = 322 bytes.
 Index  Count   %     Size   % Cumulative  % Kind (class / dict of class)
   785      3 100      322 100 188584690 58566674 prompt_toolkit.shortcuts.prompt.CompleteStylePartition of a set of 5 objects. Total size = 320 bytes.
 Index  Count   %     Size   % Cumulative  % Kind (class / dict of class)
   786      5 100      320 100 188585010 58932816 dict of _io.BufferedReaderPartition of a set of 4 objects. Total size = 320 bytes.
 Index  Count   %     Size   % Cumulative  % Kind (class / dict of class)
   787      4 100      320 100 188585330 58932916 h5py.h5t.TypeTimeIDPartition of a set of 5 objects. Total size = 320 bytes.
 Index  Count   %     Size   % Cumulative  % Kind (class / dict of class)
   788      5 100      320 100 188585650 58933016 operator.itemgetterPartition of a set of 8 objects. Total size = 320 bytes.
 Index  Count   %     Size   % Cumulative  % Kind (class / dict of class)
   789      8 100      320 100 188585970 58933116
                                                  pandas._libs.tslibs.offsets.__pyx_scope_struct__ap
                                                  ply_array_wrapsPartition of a set of 3 objects. Total size = 312 bytes.
 Index  Count   %     Size   % Cumulative  % Kind (class / dict of class)
   790      3 100      312 100 188586282 60444321 dict of numpy.iinfoPartition of a set of 3 objects. Total size = 310 bytes.
 Index  Count   %     Size   % Cumulative  % Kind (class / dict of class)
   791      3 100      310 100 188586592 60834385 matplotlib._enums.CapStylePartition of a set of 3 objects. Total size = 308 bytes.
 Index  Count   %     Size   % Cumulative  % Kind (class / dict of class)
   792      3 100      308 100 188586900 61229513 matplotlib.backend_bases._ModePartition of a set of 3 objects. Total size = 306 bytes.
 Index  Count   %     Size   % Cumulative  % Kind (class / dict of class)
   793      3 100      306 100 188587206 61629806 matplotlib._enums.JoinStylePartition of a set of 1 object. Total size = 304 bytes.
 Index  Count   %     Size   % Cumulative  % Kind (class / dict of class)
   794      1 100      304 100 188587510 62035365 dict of IPython.utils.coloransi.ColorSchemeTablePartition of a set of 1 object. Total size = 304 bytes.
 Index  Count   %     Size   % Cumulative  % Kind (class / dict of class)
   795      1 100      304 100 188587814 62035465 dict of _strptime.TimeREPartition of a set of 1 object. Total size = 304 bytes.
 Index  Count   %     Size   % Cumulative  % Kind (class / dict of class)
   796      1 100      304 100 188588118 62035565 dict of ctypes._FuncPtrPartition of a set of 1 object. Total size = 304 bytes.
 Index  Count   %     Size   % Cumulative  % Kind (class / dict of class)
   797      1 100      304 100 188588422 62035665 dict of dateutil.tz.tz.tzfilePartition of a set of 1 object. Total size = 304 bytes.
 Index  Count   %     Size   % Cumulative  % Kind (class / dict of class)
   798      1 100      304 100 188588726 62035765 dict of flask.config.ConfigPartition of a set of 1 object. Total size = 304 bytes.
 Index  Count   %     Size   % Cumulative  % Kind (class / dict of class)
   799      1 100      304 100 188589030 62035865 dict of
                                                  matplotlib._api.deprecation._deprecated_propertyPartition of a set of 1 object. Total size = 304 bytes.
 Index  Count   %     Size   % Cumulative  % Kind (class / dict of class)
   800      1 100      304 100 188589334 62035965 dict of
                                                  matplotlib._api.deprecation._deprecated_propertyPartition of a set of 1 object. Total size = 304 bytes.
 Index  Count   %     Size   % Cumulative  % Kind (class / dict of class)
   801      1 100      304 100 188589638 62036065 dict of
                                                  matplotlib._api.deprecation._deprecated_propertyPartition of a set of 1 object. Total size = 304 bytes.
 Index  Count   %     Size   % Cumulative  % Kind (class / dict of class)
   802      1 100      304 100 188589942 62036165 dict of
                                                  matplotlib._api.deprecation._deprecated_propertyPartition of a set of 1 object. Total size = 304 bytes.
 Index  Count   %     Size   % Cumulative  % Kind (class / dict of class)
   803      1 100      304 100 188590246 62036265 dict of
                                                  matplotlib._api.deprecation._deprecated_propertyPartition of a set of 1 object. Total size = 304 bytes.
 Index  Count   %     Size   % Cumulative  % Kind (class / dict of class)
   804      1 100      304 100 188590550 62036365 dict of
                                                  matplotlib._api.deprecation._deprecated_propertyPartition of a set of 1 object. Total size = 304 bytes.
 Index  Count   %     Size   % Cumulative  % Kind (class / dict of class)
   805      1 100      304 100 188590854 62036465 dict of
                                                  matplotlib._api.deprecation._deprecated_propertyPartition of a set of 1 object. Total size = 304 bytes.
 Index  Count   %     Size   % Cumulative  % Kind (class / dict of class)
   806      1 100      304 100 188591158 62036565 dict of
                                                  matplotlib._api.deprecation._deprecated_propertyPartition of a set of 1 object. Total size = 304 bytes.
 Index  Count   %     Size   % Cumulative  % Kind (class / dict of class)
   807      1 100      304 100 188591462 62036665 dict of
                                                  matplotlib._api.deprecation._deprecated_propertyPartition of a set of 1 object. Total size = 304 bytes.
 Index  Count   %     Size   % Cumulative  % Kind (class / dict of class)
   808      1 100      304 100 188591766 62036765 dict of
                                                  matplotlib._api.deprecation._deprecated_propertyPartition of a set of 1 object. Total size = 304 bytes.
 Index  Count   %     Size   % Cumulative  % Kind (class / dict of class)
   809      1 100      304 100 188592070 62036865 dict of
                                                  matplotlib._api.deprecation._deprecated_propertyPartition of a set of 1 object. Total size = 304 bytes.
 Index  Count   %     Size   % Cumulative  % Kind (class / dict of class)
   810      1 100      304 100 188592374 62036965 dict of
                                                  matplotlib._api.deprecation._deprecated_propertyPartition of a set of 1 object. Total size = 304 bytes.
 Index  Count   %     Size   % Cumulative  % Kind (class / dict of class)
   811      1 100      304 100 188592678 62037065 dict of
                                                  matplotlib._api.deprecation._deprecated_propertyPartition of a set of 1 object. Total size = 304 bytes.
 Index  Count   %     Size   % Cumulative  % Kind (class / dict of class)
   812      1 100      304 100 188592982 62037165 dict of
                                                  matplotlib._api.deprecation._deprecated_propertyPartition of a set of 1 object. Total size = 304 bytes.
 Index  Count   %     Size   % Cumulative  % Kind (class / dict of class)
   813      1 100      304 100 188593286 62037265 dict of
                                                  matplotlib._api.deprecation._deprecated_propertyPartition of a set of 1 object. Total size = 304 bytes.
 Index  Count   %     Size   % Cumulative  % Kind (class / dict of class)
   814      1 100      304 100 188593590 62037365 dict of
                                                  matplotlib._api.deprecation._deprecated_propertyPartition of a set of 1 object. Total size = 304 bytes.
 Index  Count   %     Size   % Cumulative  % Kind (class / dict of class)
   815      1 100      304 100 188593894 62037465 dict of
                                                  matplotlib._api.deprecation._deprecated_propertyPartition of a set of 1 object. Total size = 304 bytes.
 Index  Count   %     Size   % Cumulative  % Kind (class / dict of class)
   816      1 100      304 100 188594198 62037565 dict of
                                                  matplotlib._api.deprecation._deprecated_propertyPartition of a set of 1 object. Total size = 304 bytes.
 Index  Count   %     Size   % Cumulative  % Kind (class / dict of class)
   817      1 100      304 100 188594502 62037665 dict of
                                                  matplotlib._api.deprecation._deprecated_propertyPartition of a set of 1 object. Total size = 304 bytes.
 Index  Count   %     Size   % Cumulative  % Kind (class / dict of class)
   818      1 100      304 100 188594806 62037765 dict of
                                                  matplotlib._api.deprecation._deprecated_propertyPartition of a set of 1 object. Total size = 304 bytes.
 Index  Count   %     Size   % Cumulative  % Kind (class / dict of class)
   819      1 100      304 100 188595110 62037865 dict of
                                                  matplotlib._api.deprecation._deprecated_propertyPartition of a set of 1 object. Total size = 304 bytes.
 Index  Count   %     Size   % Cumulative  % Kind (class / dict of class)
   820      1 100      304 100 188595414 62037965 dict of
                                                  matplotlib._api.deprecation._deprecated_propertyPartition of a set of 1 object. Total size = 304 bytes.
 Index  Count   %     Size   % Cumulative  % Kind (class / dict of class)
   821      1 100      304 100 188595718 62038065 dict of
                                                  matplotlib._api.deprecation._deprecated_propertyPartition of a set of 1 object. Total size = 304 bytes.
 Index  Count   %     Size   % Cumulative  % Kind (class / dict of class)
   822      1 100      304 100 188596022 62038165 dict of matplotlib.colors._ColorMappingPartition of a set of 1 object. Total size = 304 bytes.
 Index  Count   %     Size   % Cumulative  % Kind (class / dict of class)
   823      1 100      304 100 188596326 62038265 dict of memory_profiler.CodeMapPartition of a set of 1 object. Total size = 304 bytes.
 Index  Count   %     Size   % Cumulative  % Kind (class / dict of class)
   824      1 100      304 100 188596630 62038365 dict of pandas._libs.tslibs.strptime.TimeREPartition of a set of 1 object. Total size = 304 bytes.
 Index  Count   %     Size   % Cumulative  % Kind (class / dict of class)
   825      1 100      304 100 188596934 62038465 dict of pandas.plotting._misc._OptionsPartition of a set of 1 object. Total size = 304 bytes.
 Index  Count   %     Size   % Cumulative  % Kind (class / dict of class)
   826      1 100      304 100 188597238 62038565 dict of prompt_toolkit.cache.FastDictCachePartition of a set of 1 object. Total size = 304 bytes.
 Index  Count   %     Size   % Cumulative  % Kind (class / dict of class)
   827      1 100      304 100 188597542 62038665 dict of prompt_toolkit.output.vt100._256ColorCachePartition of a set of 1 object. Total size = 304 bytes.
 Index  Count   %     Size   % Cumulative  % Kind (class / dict of class)
   828      1 100      304 100 188597846 62038765 dict of prompt_toolkit.utils._CharSizesCachePartition of a set of 1 object. Total size = 304 bytes.
 Index  Count   %     Size   % Cumulative  % Kind (class / dict of class)
   829      1 100      304 100 188598150 62038865 dict of random.SystemRandomPartition of a set of 5 objects. Total size = 300 bytes.
 Index  Count   %     Size   % Cumulative  % Kind (class / dict of class)
   830      5 100      300 100 188598450 62866150 PIL.ExifTags.IFDPartition of a set of 5 objects. Total size = 300 bytes.
 Index  Count   %     Size   % Cumulative  % Kind (class / dict of class)
   831      5 100      300 100 188598750 62866250 PIL.ExifTags.InteropPartition of a set of 5 objects. Total size = 300 bytes.
 Index  Count   %     Size   % Cumulative  % Kind (class / dict of class)
   832      5 100      300 100 188599050 62866350 PIL.Image.TransformPartition of a set of 5 objects. Total size = 300 bytes.
 Index  Count   %     Size   % Cumulative  % Kind (class / dict of class)
   833      5 100      300 100 188599350 62866450 inspect._ParameterKindPartition of a set of 5 objects. Total size = 300 bytes.
 Index  Count   %     Size   % Cumulative  % Kind (class / dict of class)
   834      5 100      300 100 188599650 62866550 matplotlib.backend_bases.MouseButtonPartition of a set of 5 objects. Total size = 300 bytes.
 Index  Count   %     Size   % Cumulative  % Kind (class / dict of class)
   835      5 100      300 100 188599950 62866650 packaging._elffile.EMachinePartition of a set of 5 objects. Total size = 300 bytes.
 Index  Count   %     Size   % Cumulative  % Kind (class / dict of class)
   836      5 100      300 100 188600250 62866750
                                                  pandas.core.interchange.dataframe_protocol.ColumnN
                                                  ullTypePartition of a set of 5 objects. Total size = 300 bytes.
 Index  Count   %     Size   % Cumulative  % Kind (class / dict of class)
   837      5 100      300 100 188600550 62866850 pyarrow.lib.MetadataVersionPartition of a set of 5 objects. Total size = 300 bytes.
 Index  Count   %     Size   % Cumulative  % Kind (class / dict of class)
   838      5 100      300 100 188600850 62866950 socket.SocketKindPartition of a set of 5 objects. Total size = 300 bytes.
 Index  Count   %     Size   % Cumulative  % Kind (class / dict of class)
   839      5 100      300 100 188601150 62867050 zmq.constants.PollEventPartition of a set of 1 object. Total size = 296 bytes.
 Index  Count   %     Size   % Cumulative  % Kind (class / dict of class)
   840      1 100      296 100 188601446 63716705 dict of IPython.core.async_helpers._AsyncIORunnerPartition of a set of 1 object. Total size = 296 bytes.
 Index  Count   %     Size   % Cumulative  % Kind (class / dict of class)
   841      1 100      296 100 188601742 63716805 dict of
                                                  IPython.core.builtin_trap.__BuiltinUndefinedPartition of a set of 1 object. Total size = 296 bytes.
 Index  Count   %     Size   % Cumulative  % Kind (class / dict of class)
   842      1 100      296 100 188602038 63716905 dict of IPython.core.builtin_trap.__HideBuiltinPartition of a set of 1 object. Total size = 296 bytes.
 Index  Count   %     Size   % Cumulative  % Kind (class / dict of class)
   843      1 100      296 100 188602334 63717005 dict of IPython.core.display_functions._SentinelPartition of a set of 1 object. Total size = 296 bytes.
 Index  Count   %     Size   % Cumulative  % Kind (class / dict of class)
   844      1 100      296 100 188602630 63717105 dict of IPython.core.guarded_eval.SelectivePolicyPartition of a set of 1 object. Total size = 296 bytes.
 Index  Count   %     Size   % Cumulative  % Kind (class / dict of class)
   845      1 100      296 100 188602926 63717205 dict of
                                                  IPython.core.guarded_eval._IdentitySubscriptPartition of a set of 1 object. Total size = 296 bytes.
 Index  Count   %     Size   % Cumulative  % Kind (class / dict of class)
   846      1 100      296 100 188603222 63717305 dict of
                                                  IPython.core.inputtransformer2.MaybeAsyncCommandCo
                                                  mpilerPartition of a set of 1 object. Total size = 296 bytes.
 Index  Count   %     Size   % Cumulative  % Kind (class / dict of class)
   847      1 100      296 100 188603518 63717405 dict of
                                                  IPython.core.inputtransformer2.MaybeAsyncCompilePartition of a set of 1 object. Total size = 296 bytes.
 Index  Count   %     Size   % Cumulative  % Kind (class / dict of class)
   848      1 100      296 100 188603814 63717505 dict of
                                                  IPython.terminal.shortcuts.filters.PassThroughPartition of a set of 1 object. Total size = 296 bytes.
 Index  Count   %     Size   % Cumulative  % Kind (class / dict of class)
   849      1 100      296 100 188604110 63717605 dict of
                                                  IPython.utils._process_posix.ProcessHandlerPartition of a set of 1 object. Total size = 296 bytes.
 Index  Count   %     Size   % Cumulative  % Kind (class / dict of class)
   850      1 100      296 100 188604406 63717705 dict of IPython.utils.sentinel.SentinelPartition of a set of 1 object. Total size = 296 bytes.
 Index  Count   %     Size   % Cumulative  % Kind (class / dict of class)
   851      1 100      296 100 188604702 63717805 dict of IPython.utils.text.DollarFormatterPartition of a set of 1 object. Total size = 296 bytes.
 Index  Count   %     Size   % Cumulative  % Kind (class / dict of class)
   852      1 100      296 100 188604998 63717905 dict of _distutils_hack.DistutilsMetaFinderPartition of a set of 1 object. Total size = 296 bytes.
 Index  Count   %     Size   % Cumulative  % Kind (class / dict of class)
   853      1 100      296 100 188605294 63718005 dict of _frozen_importlib._WeakValueDictionaryPartition of a set of 1 object. Total size = 296 bytes.
 Index  Count   %     Size   % Cumulative  % Kind (class / dict of class)
   854      1 100      296 100 188605590 63718105 dict of _sitebuiltins._HelperPartition of a set of 1 object. Total size = 296 bytes.
 Index  Count   %     Size   % Cumulative  % Kind (class / dict of class)
   855      1 100      296 100 188605886 63718205 dict of asciitree.drawing.BoxStylePartition of a set of 1 object. Total size = 296 bytes.
 Index  Count   %     Size   % Cumulative  % Kind (class / dict of class)
   856      1 100      296 100 188606182 63718305 dict of asciitree.traversal.DictTraversalPartition of a set of 1 object. Total size = 296 bytes.
 Index  Count   %     Size   % Cumulative  % Kind (class / dict of class)
   857      1 100      296 100 188606478 63718405 dict of blinker._utilities.symbolPartition of a set of 1 object. Total size = 296 bytes.
 Index  Count   %     Size   % Cumulative  % Kind (class / dict of class)
   858      1 100      296 100 188606774 63718505 dict of blinker.base.SignalPartition of a set of 1 object. Total size = 296 bytes.
 Index  Count   %     Size   % Cumulative  % Kind (class / dict of class)
   859      1 100      296 100 188607070 63718605 dict of calendar.TextCalendarPartition of a set of 1 object. Total size = 296 bytes.
 Index  Count   %     Size   % Cumulative  % Kind (class / dict of class)
   860      1 100      296 100 188607366 63718705 dict of cffi.model.ArrayTypePartition of a set of 1 object. Total size = 296 bytes.
 Index  Count   %     Size   % Cumulative  % Kind (class / dict of class)
   861      1 100      296 100 188607662 63718805 dict of cffi.model.PrimitiveTypePartition of a set of 1 object. Total size = 296 bytes.
 Index  Count   %     Size   % Cumulative  % Kind (class / dict of class)
   862      1 100      296 100 188607958 63718905 dict of cffi.model.VoidTypePartition of a set of 1 object. Total size = 296 bytes.
 Index  Count   %     Size   % Cumulative  % Kind (class / dict of class)
   863      1 100      296 100 188608254 63719005 dict of click.types.BoolParamTypePartition of a set of 1 object. Total size = 296 bytes.
 Index  Count   %     Size   % Cumulative  % Kind (class / dict of class)
   864      1 100      296 100 188608550 63719105 dict of click.types.ChoicePartition of a set of 1 object. Total size = 296 bytes.
 Index  Count   %     Size   % Cumulative  % Kind (class / dict of class)
   865      1 100      296 100 188608846 63719205 dict of click.types.FloatParamTypePartition of a set of 1 object. Total size = 296 bytes.
 Index  Count   %     Size   % Cumulative  % Kind (class / dict of class)
   866      1 100      296 100 188609142 63719305 dict of click.types.IntParamTypePartition of a set of 1 object. Total size = 296 bytes.
 Index  Count   %     Size   % Cumulative  % Kind (class / dict of class)
   867      1 100      296 100 188609438 63719405 dict of click.types.StringParamTypePartition of a set of 1 object. Total size = 296 bytes.
 Index  Count   %     Size   % Cumulative  % Kind (class / dict of class)
   868      1 100      296 100 188609734 63719505 dict of click.types.UUIDParameterTypePartition of a set of 1 object. Total size = 296 bytes.
 Index  Count   %     Size   % Cumulative  % Kind (class / dict of class)
   869      1 100      296 100 188610030 63719605 dict of click.types.UnprocessedParamTypePartition of a set of 1 object. Total size = 296 bytes.
 Index  Count   %     Size   % Cumulative  % Kind (class / dict of class)
   870      1 100      296 100 188610326 63719705 dict of cloudpickle.cloudpickle._empty_cell_valuePartition of a set of 1 object. Total size = 296 bytes.
 Index  Count   %     Size   % Cumulative  % Kind (class / dict of class)
   871      1 100      296 100 188610622 63719805 dict of collections.ChainMapPartition of a set of 1 object. Total size = 296 bytes.
 Index  Count   %     Size   % Cumulative  % Kind (class / dict of class)
   872      1 100      296 100 188610918 63719905 dict of comm.base_comm.CommManagerPartition of a set of 1 object. Total size = 296 bytes.
 Index  Count   %     Size   % Cumulative  % Kind (class / dict of class)
   873      1 100      296 100 188611214 63720005 dict of configparser.BasicInterpolationPartition of a set of 1 object. Total size = 296 bytes.
 Index  Count   %     Size   % Cumulative  % Kind (class / dict of class)
   874      1 100      296 100 188611510 63720105 dict of configparser.InterpolationPartition of a set of 1 object. Total size = 296 bytes.
 Index  Count   %     Size   % Cumulative  % Kind (class / dict of class)
   875      1 100      296 100 188611806 63720205 dict of ctypes.PyDLLPartition of a set of 1 object. Total size = 296 bytes.
 Index  Count   %     Size   % Cumulative  % Kind (class / dict of class)
   876      1 100      296 100 188612102 63720305 dict of dash._callback.NoUpdatePartition of a set of 1 object. Total size = 296 bytes.
 Index  Count   %     Size   % Cumulative  % Kind (class / dict of class)
   877      1 100      296 100 188612398 63720405 dict of dash._callback_context.CallbackContextPartition of a set of 1 object. Total size = 296 bytes.
 Index  Count   %     Size   % Cumulative  % Kind (class / dict of class)
   878      1 100      296 100 188612694 63720505 dict of dash._jupyter.JupyterDashPartition of a set of 1 object. Total size = 296 bytes.
 Index  Count   %     Size   % Cumulative  % Kind (class / dict of class)
   879      1 100      296 100 188612990 63720605 dict of dash._utils.OrderedSetPartition of a set of 1 object. Total size = 296 bytes.
 Index  Count   %     Size   % Cumulative  % Kind (class / dict of class)
   880      1 100      296 100 188613286 63720705 dict of dash.dash.DashPartition of a set of 1 object. Total size = 296 bytes.
 Index  Count   %     Size   % Cumulative  % Kind (class / dict of class)
   881      1 100      296 100 188613582 63720805 dict of dash.dcc.Checklist.ChecklistPartition of a set of 1 object. Total size = 296 bytes.
 Index  Count   %     Size   % Cumulative  % Kind (class / dict of class)
   882      1 100      296 100 188613878 63720905 dict of dash.dcc.Download.DownloadPartition of a set of 1 object. Total size = 296 bytes.
 Index  Count   %     Size   % Cumulative  % Kind (class / dict of class)
   883      1 100      296 100 188614174 63721005 dict of dash.dcc.Location.LocationPartition of a set of 1 object. Total size = 296 bytes.
 Index  Count   %     Size   % Cumulative  % Kind (class / dict of class)
   884      1 100      296 100 188614470 63721105 dict of dash.dcc.Markdown.MarkdownPartition of a set of 1 object. Total size = 296 bytes.
 Index  Count   %     Size   % Cumulative  % Kind (class / dict of class)
   885      1 100      296 100 188614766 63721205 dict of dash.dcc.Tabs.TabsPartition of a set of 1 object. Total size = 296 bytes.
 Index  Count   %     Size   % Cumulative  % Kind (class / dict of class)
   886      1 100      296 100 188615062 63721305 dict of dash.development.base_component._REQUIREDPartition of a set of 1 object. Total size = 296 bytes.
 Index  Count   %     Size   % Cumulative  % Kind (class / dict of class)
   887      1 100      296 100 188615358 63721405 dict of dash.development.base_component._UNDEFINEDPartition of a set of 1 object. Total size = 296 bytes.
 Index  Count   %     Size   % Cumulative  % Kind (class / dict of class)
   888      1 100      296 100 188615654 63721505 dict of dash.html.Label.LabelPartition of a set of 1 object. Total size = 296 bytes.
 Index  Count   %     Size   % Cumulative  % Kind (class / dict of class)
   889      1 100      296 100 188615950 63721605 dict of dash.resources.CssPartition of a set of 1 object. Total size = 296 bytes.
 Index  Count   %     Size   % Cumulative  % Kind (class / dict of class)
   890      1 100      296 100 188616246 63721705 dict of dash.resources.ScriptsPartition of a set of 1 object. Total size = 296 bytes.
 Index  Count   %     Size   % Cumulative  % Kind (class / dict of class)
   891      1 100      296 100 188616542 63721805 dict of
                                                  dash_bootstrap_components._components.Carousel.Car
                                                  ouselPartition of a set of 1 object. Total size = 296 bytes.
 Index  Count   %     Size   % Cumulative  % Kind (class / dict of class)
   892      1 100      296 100 188616838 63721905 dict of dataclasses._HAS_DEFAULT_FACTORY_CLASSPartition of a set of 1 object. Total size = 296 bytes.
 Index  Count   %     Size   % Cumulative  % Kind (class / dict of class)
   893      1 100      296 100 188617134 63722005 dict of dataclasses._KW_ONLY_TYPEPartition of a set of 1 object. Total size = 296 bytes.
 Index  Count   %     Size   % Cumulative  % Kind (class / dict of class)
   894      1 100      296 100 188617430 63722105 dict of dataclasses._MISSING_TYPEPartition of a set of 1 object. Total size = 296 bytes.
 Index  Count   %     Size   % Cumulative  % Kind (class / dict of class)
   895      1 100      296 100 188617726 63722205 dict of dateutil.parser._parser._tzparserPartition of a set of 1 object. Total size = 296 bytes.
 Index  Count   %     Size   % Cumulative  % Kind (class / dict of class)
   896      1 100      296 100 188618022 63722305 dict of dateutil.parser._parser.parserPartition of a set of 1 object. Total size = 296 bytes.
 Index  Count   %     Size   % Cumulative  % Kind (class / dict of class)
   897      1 100      296 100 188618318 63722405 dict of dateutil.parser._parser.parserinfoPartition of a set of 1 object. Total size = 296 bytes.
 Index  Count   %     Size   % Cumulative  % Kind (class / dict of class)
   898      1 100      296 100 188618614 63722505 dict of dateutil.parser.isoparser.isoparserPartition of a set of 1 object. Total size = 296 bytes.
 Index  Count   %     Size   % Cumulative  % Kind (class / dict of class)
   899      1 100      296 100 188618910 63722605 dict of dateutil.rrule._rrulestrPartition of a set of 1 object. Total size = 296 bytes.
 Index  Count   %     Size   % Cumulative  % Kind (class / dict of class)
   900      1 100      296 100 188619206 63722705 dict of dateutil.tz.tz.GettzFuncPartition of a set of 1 object. Total size = 296 bytes.
 Index  Count   %     Size   % Cumulative  % Kind (class / dict of class)
   901      1 100      296 100 188619502 63722805 dict of dis._UnknownPartition of a set of 1 object. Total size = 296 bytes.
 Index  Count   %     Size   % Cumulative  % Kind (class / dict of class)
   902      1 100      296 100 188619798 63722905 dict of email._policybase.Compat32Partition of a set of 1 object. Total size = 296 bytes.
 Index  Count   %     Size   % Cumulative  % Kind (class / dict of class)
   903      1 100      296 100 188620094 63723005 dict of enum._auto_nullPartition of a set of 1 object. Total size = 296 bytes.
 Index  Count   %     Size   % Cumulative  % Kind (class / dict of class)
   904      1 100      296 100 188620390 63723105 dict of flask.app.FlaskPartition of a set of 1 object. Total size = 296 bytes.
 Index  Count   %     Size   % Cumulative  % Kind (class / dict of class)
   905      1 100      296 100 188620686 63723205 dict of flask.blueprints.BlueprintPartition of a set of 1 object. Total size = 296 bytes.
 Index  Count   %     Size   % Cumulative  % Kind (class / dict of class)
   906      1 100      296 100 188620982 63723305 dict of flask.cli.CertParamTypePartition of a set of 1 object. Total size = 296 bytes.
 Index  Count   %     Size   % Cumulative  % Kind (class / dict of class)
   907      1 100      296 100 188621278 63723405 dict of flask.cli.FlaskGroupPartition of a set of 1 object. Total size = 296 bytes.
 Index  Count   %     Size   % Cumulative  % Kind (class / dict of class)
   908      1 100      296 100 188621574 63723505 dict of flask.json.provider.DefaultJSONProviderPartition of a set of 1 object. Total size = 296 bytes.
 Index  Count   %     Size   % Cumulative  % Kind (class / dict of class)
   909      1 100      296 100 188621870 63723605 dict of
                                                  flask.sessions.SecureCookieSessionInterfacePartition of a set of 1 object. Total size = 296 bytes.
 Index  Count   %     Size   % Cumulative  % Kind (class / dict of class)
   910      1 100      296 100 188622166 63723705 dict of flask.templating.DispatchingJinjaLoaderPartition of a set of 1 object. Total size = 296 bytes.
 Index  Count   %     Size   % Cumulative  % Kind (class / dict of class)
   911      1 100      296 100 188622462 63723805 dict of flask.templating.EnvironmentPartition of a set of 1 object. Total size = 296 bytes.
 Index  Count   %     Size   % Cumulative  % Kind (class / dict of class)
   912      1 100      296 100 188622758 63723905 dict of fsspec.callbacks.NoOpCallbackPartition of a set of 1 object. Total size = 296 bytes.
 Index  Count   %     Size   % Cumulative  % Kind (class / dict of class)
   913      1 100      296 100 188623054 63724005 dict of h5py.h5.ByteStringContextPartition of a set of 1 object. Total size = 296 bytes.
 Index  Count   %     Size   % Cumulative  % Kind (class / dict of class)
   914      1 100      296 100 188623350 63724105 dict of importlib_metadata.MetadataPathFinderPartition of a set of 1 object. Total size = 296 bytes.
 Index  Count   %     Size   % Cumulative  % Kind (class / dict of class)
   915      1 100      296 100 188623646 63724205 dict of ipykernel.comm.comm.CommPartition of a set of 1 object. Total size = 296 bytes.
 Index  Count   %     Size   % Cumulative  % Kind (class / dict of class)
   916      1 100      296 100 188623942 63724305 dict of jedi.inference.base_value.ValueSetPartition of a set of 1 object. Total size = 296 bytes.
 Index  Count   %     Size   % Cumulative  % Kind (class / dict of class)
   917      1 100      296 100 188624238 63724405 dict of jedi.plugins._PluginManagerPartition of a set of 1 object. Total size = 296 bytes.
 Index  Count   %     Size   % Cumulative  % Kind (class / dict of class)
   918      1 100      296 100 188624534 63724505 dict of jinja2.utils.MissingTypePartition of a set of 1 object. Total size = 296 bytes.
 Index  Count   %     Size   % Cumulative  % Kind (class / dict of class)
   919      1 100      296 100 188624830 63724605 dict of json.encoder.JSONEncoderPartition of a set of 1 object. Total size = 296 bytes.
 Index  Count   %     Size   % Cumulative  % Kind (class / dict of class)
   920      1 100      296 100 188625126 63724705 dict of jupyter_client.adapter.V4toV5Partition of a set of 1 object. Total size = 296 bytes.
 Index  Count   %     Size   % Cumulative  % Kind (class / dict of class)
   921      1 100      296 100 188625422 63724805 dict of jupyter_client.adapter.V5toV4Partition of a set of 1 object. Total size = 296 bytes.
 Index  Count   %     Size   % Cumulative  % Kind (class / dict of class)
   922      1 100      296 100 188625718 63724905 dict of logging.ManagerPartition of a set of 1 object. Total size = 296 bytes.
 Index  Count   %     Size   % Cumulative  % Kind (class / dict of class)
   923      1 100      296 100 188626014 63725005 dict of logging.RootLoggerPartition of a set of 1 object. Total size = 296 bytes.
 Index  Count   %     Size   % Cumulative  % Kind (class / dict of class)
   924      1 100      296 100 188626310 63725105 dict of logging._StderrHandlerPartition of a set of 1 object. Total size = 296 bytes.
 Index  Count   %     Size   % Cumulative  % Kind (class / dict of class)
   925      1 100      296 100 188626606 63725205 dict of matplotlib.__getattr__Partition of a set of 1 object. Total size = 296 bytes.
 Index  Count   %     Size   % Cumulative  % Kind (class / dict of class)
   926      1 100      296 100 188626902 63725305 dict of
                                                  matplotlib._api.deprecation._deprecated_parameter_
                                                  classPartition of a set of 1 object. Total size = 296 bytes.
 Index  Count   %     Size   % Cumulative  % Kind (class / dict of class)
   927      1 100      296 100 188627198 63725405 dict of
                                                  matplotlib._api.deprecation._deprecated_propertyPartition of a set of 1 object. Total size = 296 bytes.
 Index  Count   %     Size   % Cumulative  % Kind (class / dict of class)
   928      1 100      296 100 188627494 63725505 dict of
                                                  matplotlib._api.deprecation._deprecated_propertyPartition of a set of 1 object. Total size = 296 bytes.
 Index  Count   %     Size   % Cumulative  % Kind (class / dict of class)
   929      1 100      296 100 188627790 63725605 dict of
                                                  matplotlib._api.deprecation._deprecated_propertyPartition of a set of 1 object. Total size = 296 bytes.
 Index  Count   %     Size   % Cumulative  % Kind (class / dict of class)
   930      1 100      296 100 188628086 63725705 dict of
                                                  matplotlib._api.deprecation._deprecated_propertyPartition of a set of 1 object. Total size = 296 bytes.
 Index  Count   %     Size   % Cumulative  % Kind (class / dict of class)
   931      1 100      296 100 188628382 63725805 dict of
                                                  matplotlib._docstring._ArtistPropertiesSubstitutio
                                                  nPartition of a set of 1 object. Total size = 296 bytes.
 Index  Count   %     Size   % Cumulative  % Kind (class / dict of class)
   932      1 100      296 100 188628678 63725905 dict of matplotlib.artist._UnsetPartition of a set of 1 object. Total size = 296 bytes.
 Index  Count   %     Size   % Cumulative  % Kind (class / dict of class)
   933      1 100      296 100 188628974 63726005 dict of matplotlib.cm.ColormapRegistryPartition of a set of 1 object. Total size = 296 bytes.
 Index  Count   %     Size   % Cumulative  % Kind (class / dict of class)
   934      1 100      296 100 188629270 63726105 dict of matplotlib.colors.ColorConverterPartition of a set of 1 object. Total size = 296 bytes.
 Index  Count   %     Size   % Cumulative  % Kind (class / dict of class)
   935      1 100      296 100 188629566 63726205 dict of matplotlib.colors.ColorSequenceRegistryPartition of a set of 1 object. Total size = 296 bytes.
 Index  Count   %     Size   % Cumulative  % Kind (class / dict of class)
   936      1 100      296 100 188629862 63726305 dict of matplotlib.dates._SwitchableDateConverterPartition of a set of 1 object. Total size = 296 bytes.
 Index  Count   %     Size   % Cumulative  % Kind (class / dict of class)
   937      1 100      296 100 188630158 63726405 dict of matplotlib.dates.__getattr__Partition of a set of 1 object. Total size = 296 bytes.
 Index  Count   %     Size   % Cumulative  % Kind (class / dict of class)
   938      1 100      296 100 188630454 63726505 dict of matplotlib.font_manager.FontManagerPartition of a set of 1 object. Total size = 296 bytes.
 Index  Count   %     Size   % Cumulative  % Kind (class / dict of class)
   939      1 100      296 100 188630750 63726605 dict of
                                                  matplotlib.legend_handler.HandlerCircleCollectionPartition of a set of 1 object. Total size = 296 bytes.
 Index  Count   %     Size   % Cumulative  % Kind (class / dict of class)
   940      1 100      296 100 188631046 63726705 dict of matplotlib.legend_handler.HandlerErrorbarPartition of a set of 1 object. Total size = 296 bytes.
 Index  Count   %     Size   % Cumulative  % Kind (class / dict of class)
   941      1 100      296 100 188631342 63726805 dict of matplotlib.legend_handler.HandlerLine2DPartition of a set of 1 object. Total size = 296 bytes.
 Index  Count   %     Size   % Cumulative  % Kind (class / dict of class)
   942      1 100      296 100 188631638 63726905 dict of
                                                  matplotlib.legend_handler.HandlerLineCollectionPartition of a set of 1 object. Total size = 296 bytes.
 Index  Count   %     Size   % Cumulative  % Kind (class / dict of class)
   943      1 100      296 100 188631934 63727005 dict of
                                                  matplotlib.legend_handler.HandlerPathCollectionPartition of a set of 1 object. Total size = 296 bytes.
 Index  Count   %     Size   % Cumulative  % Kind (class / dict of class)
   944      1 100      296 100 188632230 63727105 dict of
                                                  matplotlib.legend_handler.HandlerPolyCollectionPartition of a set of 1 object. Total size = 296 bytes.
 Index  Count   %     Size   % Cumulative  % Kind (class / dict of class)
   945      1 100      296 100 188632526 63727205 dict of
                                                  matplotlib.legend_handler.HandlerRegularPolyCollec
                                                  tionPartition of a set of 1 object. Total size = 296 bytes.
 Index  Count   %     Size   % Cumulative  % Kind (class / dict of class)
   946      1 100      296 100 188632822 63727305 dict of matplotlib.legend_handler.HandlerStemPartition of a set of 1 object. Total size = 296 bytes.
 Index  Count   %     Size   % Cumulative  % Kind (class / dict of class)
   947      1 100      296 100 188633118 63727405 dict of matplotlib.legend_handler.HandlerStepPatchPartition of a set of 1 object. Total size = 296 bytes.
 Index  Count   %     Size   % Cumulative  % Kind (class / dict of class)
   948      1 100      296 100 188633414 63727505 dict of matplotlib.legend_handler.HandlerTuplePartition of a set of 1 object. Total size = 296 bytes.
 Index  Count   %     Size   % Cumulative  % Kind (class / dict of class)
   949      1 100      296 100 188633710 63727605 dict of matplotlib.mathtext.MathTextParserPartition of a set of 1 object. Total size = 296 bytes.
 Index  Count   %     Size   % Cumulative  % Kind (class / dict of class)
   950      1 100      296 100 188634006 63727705 dict of matplotlib.projections.ProjectionRegistryPartition of a set of 1 object. Total size = 296 bytes.
 Index  Count   %     Size   % Cumulative  % Kind (class / dict of class)
   951      1 100      296 100 188634302 63727805 dict of matplotlib.textpath.TextToPathPartition of a set of 1 object. Total size = 296 bytes.
 Index  Count   %     Size   % Cumulative  % Kind (class / dict of class)
   952      1 100      296 100 188634598 63727905 dict of matplotlib.units.DecimalConverterPartition of a set of 1 object. Total size = 296 bytes.
 Index  Count   %     Size   % Cumulative  % Kind (class / dict of class)
   953      1 100      296 100 188634894 63728005 dict of mimetypes.MimeTypesPartition of a set of 1 object. Total size = 296 bytes.
 Index  Count   %     Size   % Cumulative  % Kind (class / dict of class)
   954      1 100      296 100 188635190 63728105 dict of multiprocessing.context.DefaultContextPartition of a set of 1 object. Total size = 296 bytes.
 Index  Count   %     Size   % Cumulative  % Kind (class / dict of class)
   955      1 100      296 100 188635486 63728205 dict of multiprocessing.context.ForkContextPartition of a set of 1 object. Total size = 296 bytes.
 Index  Count   %     Size   % Cumulative  % Kind (class / dict of class)
   956      1 100      296 100 188635782 63728305 dict of multiprocessing.context.ForkServerContextPartition of a set of 1 object. Total size = 296 bytes.
 Index  Count   %     Size   % Cumulative  % Kind (class / dict of class)
   957      1 100      296 100 188636078 63728405 dict of multiprocessing.context.SpawnContextPartition of a set of 1 object. Total size = 296 bytes.
 Index  Count   %     Size   % Cumulative  % Kind (class / dict of class)
   958      1 100      296 100 188636374 63728505 dict of multiprocessing.process._MainProcessPartition of a set of 1 object. Total size = 296 bytes.
 Index  Count   %     Size   % Cumulative  % Kind (class / dict of class)
   959      1 100      296 100 188636670 63728605 dict of
                                                  multiprocessing.resource_tracker.ResourceTrackerPartition of a set of 1 object. Total size = 296 bytes.
 Index  Count   %     Size   % Cumulative  % Kind (class / dict of class)
   960      1 100      296 100 188636966 63728705 dict of multiprocessing.synchronize.LockPartition of a set of 1 object. Total size = 296 bytes.
 Index  Count   %     Size   % Cumulative  % Kind (class / dict of class)
   961      1 100      296 100 188637262 63728805 dict of multiprocessing.util.FinalizePartition of a set of 1 object. Total size = 296 bytes.
 Index  Count   %     Size   % Cumulative  % Kind (class / dict of class)
   962      1 100      296 100 188637558 63728905 dict of numexpr.expressions.ExpressionPartition of a set of 1 object. Total size = 296 bytes.
 Index  Count   %     Size   % Cumulative  % Kind (class / dict of class)
   963      1 100      296 100 188637854 63729005 dict of numpy._globals._NoValueTypePartition of a set of 1 object. Total size = 296 bytes.
 Index  Count   %     Size   % Cumulative  % Kind (class / dict of class)
   964      1 100      296 100 188638150 63729105 dict of numpy.core._ufunc_config._unspecifiedPartition of a set of 1 object. Total size = 296 bytes.
 Index  Count   %     Size   % Cumulative  % Kind (class / dict of class)
   965      1 100      296 100 188638446 63729205 dict of numpy.lib._datasource._FileOpenersPartition of a set of 1 object. Total size = 296 bytes.
 Index  Count   %     Size   % Cumulative  % Kind (class / dict of class)
   966      1 100      296 100 188638742 63729305 dict of numpy.lib.index_tricks.CClassPartition of a set of 1 object. Total size = 296 bytes.
 Index  Count   %     Size   % Cumulative  % Kind (class / dict of class)
   967      1 100      296 100 188639038 63729405 dict of numpy.lib.index_tricks.MGridClassPartition of a set of 1 object. Total size = 296 bytes.
 Index  Count   %     Size   % Cumulative  % Kind (class / dict of class)
   968      1 100      296 100 188639334 63729505 dict of numpy.lib.index_tricks.OGridClassPartition of a set of 1 object. Total size = 296 bytes.
 Index  Count   %     Size   % Cumulative  % Kind (class / dict of class)
   969      1 100      296 100 188639630 63729605 dict of numpy.lib.index_tricks.RClassPartition of a set of 1 object. Total size = 296 bytes.
 Index  Count   %     Size   % Cumulative  % Kind (class / dict of class)
   970      1 100      296 100 188639926 63729705 dict of numpy.ma.core._DomainTanPartition of a set of 1 object. Total size = 296 bytes.
 Index  Count   %     Size   % Cumulative  % Kind (class / dict of class)
   971      1 100      296 100 188640222 63729805 dict of numpy.ma.core._MaskedPrintOptionPartition of a set of 1 object. Total size = 296 bytes.
 Index  Count   %     Size   % Cumulative  % Kind (class / dict of class)
   972      1 100      296 100 188640518 63729905 dict of numpy.ma.extras.mr_classPartition of a set of 1 object. Total size = 296 bytes.
 Index  Count   %     Size   % Cumulative  % Kind (class / dict of class)
   973      1 100      296 100 188640814 63730005 dict of numpy.testing._private.utils._DummyPartition of a set of 1 object. Total size = 296 bytes.
 Index  Count   %     Size   % Cumulative  % Kind (class / dict of class)
   974      1 100      296 100 188641110 63730105 dict of packaging._structures.InfinityTypePartition of a set of 1 object. Total size = 296 bytes.
 Index  Count   %     Size   % Cumulative  % Kind (class / dict of class)
   975      1 100      296 100 188641406 63730205 dict of packaging._structures.NegativeInfinityTypePartition of a set of 1 object. Total size = 296 bytes.
 Index  Count   %     Size   % Cumulative  % Kind (class / dict of class)
   976      1 100      296 100 188641702 63730305 dict of pandas._config.config.DictWrapperPartition of a set of 1 object. Total size = 296 bytes.
 Index  Count   %     Size   % Cumulative  % Kind (class / dict of class)
   977      1 100      296 100 188641998 63730405 dict of pandas._libs.lib._NoDefaultPartition of a set of 1 object. Total size = 296 bytes.
 Index  Count   %     Size   % Cumulative  % Kind (class / dict of class)
   978      1 100      296 100 188642294 63730505 dict of pandas.core.arrays.floating.Float32DtypePartition of a set of 1 object. Total size = 296 bytes.
 Index  Count   %     Size   % Cumulative  % Kind (class / dict of class)
   979      1 100      296 100 188642590 63730605 dict of pandas.core.arrays.floating.Float64DtypePartition of a set of 1 object. Total size = 296 bytes.
 Index  Count   %     Size   % Cumulative  % Kind (class / dict of class)
   980      1 100      296 100 188642886 63730705 dict of pandas.core.arrays.integer.Int16DtypePartition of a set of 1 object. Total size = 296 bytes.
 Index  Count   %     Size   % Cumulative  % Kind (class / dict of class)
   981      1 100      296 100 188643182 63730805 dict of pandas.core.arrays.integer.Int32DtypePartition of a set of 1 object. Total size = 296 bytes.
 Index  Count   %     Size   % Cumulative  % Kind (class / dict of class)
   982      1 100      296 100 188643478 63730905 dict of pandas.core.arrays.integer.Int64DtypePartition of a set of 1 object. Total size = 296 bytes.
 Index  Count   %     Size   % Cumulative  % Kind (class / dict of class)
   983      1 100      296 100 188643774 63731005 dict of pandas.core.arrays.integer.Int8DtypePartition of a set of 1 object. Total size = 296 bytes.
 Index  Count   %     Size   % Cumulative  % Kind (class / dict of class)
   984      1 100      296 100 188644070 63731105 dict of pandas.core.arrays.integer.UInt16DtypePartition of a set of 1 object. Total size = 296 bytes.
 Index  Count   %     Size   % Cumulative  % Kind (class / dict of class)
   985      1 100      296 100 188644366 63731205 dict of pandas.core.arrays.integer.UInt32DtypePartition of a set of 1 object. Total size = 296 bytes.
 Index  Count   %     Size   % Cumulative  % Kind (class / dict of class)
   986      1 100      296 100 188644662 63731305 dict of pandas.core.arrays.integer.UInt64DtypePartition of a set of 1 object. Total size = 296 bytes.
 Index  Count   %     Size   % Cumulative  % Kind (class / dict of class)
   987      1 100      296 100 188644958 63731405 dict of pandas.core.arrays.integer.UInt8DtypePartition of a set of 1 object. Total size = 296 bytes.
 Index  Count   %     Size   % Cumulative  % Kind (class / dict of class)
   988      1 100      296 100 188645254 63731505 dict of pandas.core.dtypes.base.RegistryPartition of a set of 1 object. Total size = 296 bytes.
 Index  Count   %     Size   % Cumulative  % Kind (class / dict of class)
   989      1 100      296 100 188645550 63731605 dict of pandas.core.frame.DataFramePartition of a set of 1 object. Total size = 296 bytes.
 Index  Count   %     Size   % Cumulative  % Kind (class / dict of class)
   990      1 100      296 100 188645846 63731705 dict of pandas.core.indexes.range.RangeIndexPartition of a set of 1 object. Total size = 296 bytes.
 Index  Count   %     Size   % Cumulative  % Kind (class / dict of class)
   991      1 100      296 100 188646142 63731805 dict of pandas.core.indexing._IndexSlicePartition of a set of 1 object. Total size = 296 bytes.
 Index  Count   %     Size   % Cumulative  % Kind (class / dict of class)
   992      1 100      296 100 188646438 63731905 dict of pandas.util.version.InfinityTypePartition of a set of 1 object. Total size = 296 bytes.
 Index  Count   %     Size   % Cumulative  % Kind (class / dict of class)
   993      1 100      296 100 188646734 63732005 dict of pandas.util.version.NegativeInfinityTypePartition of a set of 1 object. Total size = 296 bytes.
 Index  Count   %     Size   % Cumulative  % Kind (class / dict of class)
   994      1 100      296 100 188647030 63732105 dict of parso.python.errors.ErrorFinderConfigPartition of a set of 1 object. Total size = 296 bytes.
 Index  Count   %     Size   % Cumulative  % Kind (class / dict of class)
   995      1 100      296 100 188647326 63732205 dict of parso.python.pep8.PEP8NormalizerConfigPartition of a set of 1 object. Total size = 296 bytes.
 Index  Count   %     Size   % Cumulative  % Kind (class / dict of class)
   996      1 100      296 100 188647622 63732305 dict of pathlib._TerminatingSelectorPartition of a set of 1 object. Total size = 296 bytes.
 Index  Count   %     Size   % Cumulative  % Kind (class / dict of class)
   997      1 100      296 100 188647918 63732405 dict of pathlib._WildcardSelectorPartition of a set of 1 object. Total size = 296 bytes.
 Index  Count   %     Size   % Cumulative  % Kind (class / dict of class)
   998      1 100      296 100 188648214 63732505 dict of plotly.io._templates.TemplatesConfigPartition of a set of 1 object. Total size = 296 bytes.
 Index  Count   %     Size   % Cumulative  % Kind (class / dict of class)
   999      1 100      296 100 188648510 63732605 dict of
                                                  prompt_toolkit.application.current.AppSessionPartition of a set of 1 object. Total size = 296 bytes.
 Index  Count   %     Size   % Cumulative  % Kind (class / dict of class)
  1000      1 100      296 100 188648806 63732705 dict of
                                                  prompt_toolkit.formatted_text.ansi.ANSIFormatterPartition of a set of 1 object. Total size = 296 bytes.
 Index  Count   %     Size   % Cumulative  % Kind (class / dict of class)
  1001      1 100      296 100 188649102 63732805 dict of
                                                  prompt_toolkit.formatted_text.html.HTMLFormatterPartition of a set of 1 object. Total size = 296 bytes.
 Index  Count   %     Size   % Cumulative  % Kind (class / dict of class)
  1002      1 100      296 100 188649398 63732905 dict of
                                                  prompt_toolkit.key_binding.key_processor.KeyPressPartition of a set of 1 object. Total size = 296 bytes.
 Index  Count   %     Size   % Cumulative  % Kind (class / dict of class)
  1003      1 100      296 100 188649694 63733005 dict of prompt_toolkit.layout.dimension.DimensionPartition of a set of 1 object. Total size = 296 bytes.
 Index  Count   %     Size   % Cumulative  % Kind (class / dict of class)
  1004      1 100      296 100 188649990 63733105 dict of psutil._common._WrapNumbersPartition of a set of 1 object. Total size = 296 bytes.
 Index  Count   %     Size   % Cumulative  % Kind (class / dict of class)
  1005      1 100      296 100 188650286 63733205 dict of pure_eval.utils._CPartition of a set of 1 object. Total size = 296 bytes.
 Index  Count   %     Size   % Cumulative  % Kind (class / dict of class)
  1006      1 100      296 100 188650582 63733305 dict of pyarrow.filesystem.LocalFileSystemPartition of a set of 1 object. Total size = 296 bytes.
 Index  Count   %     Size   % Cumulative  % Kind (class / dict of class)
  1007      1 100      296 100 188650878 63733405 dict of pydoc.HTMLDocPartition of a set of 1 object. Total size = 296 bytes.
 Index  Count   %     Size   % Cumulative  % Kind (class / dict of class)
  1008      1 100      296 100 188651174 63733505 dict of pydoc.HTMLReprPartition of a set of 1 object. Total size = 296 bytes.
 Index  Count   %     Size   % Cumulative  % Kind (class / dict of class)
  1009      1 100      296 100 188651470 63733605 dict of pydoc.HelperPartition of a set of 1 object. Total size = 296 bytes.
 Index  Count   %     Size   % Cumulative  % Kind (class / dict of class)
  1010      1 100      296 100 188651766 63733705 dict of pydoc.TextDocPartition of a set of 1 object. Total size = 296 bytes.
 Index  Count   %     Size   % Cumulative  % Kind (class / dict of class)
  1011      1 100      296 100 188652062 63733805 dict of pydoc.TextReprPartition of a set of 1 object. Total size = 296 bytes.
 Index  Count   %     Size   % Cumulative  % Kind (class / dict of class)
  1012      1 100      296 100 188652358 63733905 dict of pydoc._PlainTextDocPartition of a set of 1 object. Total size = 296 bytes.
 Index  Count   %     Size   % Cumulative  % Kind (class / dict of class)
  1013      1 100      296 100 188652654 63734005 dict of pygments.lexer._ThisPartition of a set of 1 object. Total size = 296 bytes.
 Index  Count   %     Size   % Cumulative  % Kind (class / dict of class)
  1014      1 100      296 100 188652950 63734105 dict of pygments.lexer._inheritPartition of a set of 1 object. Total size = 296 bytes.
 Index  Count   %     Size   % Cumulative  % Kind (class / dict of class)
  1015      1 100      296 100 188653246 63734205 dict of pympler.asizeof.AsizerPartition of a set of 1 object. Total size = 296 bytes.
 Index  Count   %     Size   % Cumulative  % Kind (class / dict of class)
  1016      1 100      296 100 188653542 63734305 dict of pyparsing.core.CharsNotInPartition of a set of 1 object. Total size = 296 bytes.
 Index  Count   %     Size   % Cumulative  % Kind (class / dict of class)
  1017      1 100      296 100 188653838 63734405 dict of pyparsing.core.DelimitedListPartition of a set of 1 object. Total size = 296 bytes.
 Index  Count   %     Size   % Cumulative  % Kind (class / dict of class)
  1018      1 100      296 100 188654134 63734505 dict of pyparsing.core.DictPartition of a set of 1 object. Total size = 296 bytes.
 Index  Count   %     Size   % Cumulative  % Kind (class / dict of class)
  1019      1 100      296 100 188654430 63734605 dict of pyparsing.core.LineStartPartition of a set of 1 object. Total size = 296 bytes.
 Index  Count   %     Size   % Cumulative  % Kind (class / dict of class)
  1020      1 100      296 100 188654726 63734705 dict of pyparsing.core.SkipToPartition of a set of 1 object. Total size = 296 bytes.
 Index  Count   %     Size   % Cumulative  % Kind (class / dict of class)
  1021      1 100      296 100 188655022 63734805 dict of pyparsing.core.StringStartPartition of a set of 1 object. Total size = 296 bytes.
 Index  Count   %     Size   % Cumulative  % Kind (class / dict of class)
  1022      1 100      296 100 188655318 63734905 dict of pyparsing.core._NullTokenPartition of a set of 1 object. Total size = 296 bytes.
 Index  Count   %     Size   % Cumulative  % Kind (class / dict of class)
  1023      1 100      296 100 188655614 63735005 dict of pyparsing.util._FifoCachePartition of a set of 1 object. Total size = 296 bytes.
 Index  Count   %     Size   % Cumulative  % Kind (class / dict of class)
  1024      1 100      296 100 188655910 63735105 dict of pytz._CountryNameDictPartition of a set of 1 object. Total size = 296 bytes.
 Index  Count   %     Size   % Cumulative  % Kind (class / dict of class)
  1025      1 100      296 100 188656206 63735205 dict of pytz._CountryTimezoneDictPartition of a set of 1 object. Total size = 296 bytes.
 Index  Count   %     Size   % Cumulative  % Kind (class / dict of class)
  1026      1 100      296 100 188656502 63735305 dict of reprlib.ReprPartition of a set of 1 object. Total size = 296 bytes.
 Index  Count   %     Size   % Cumulative  % Kind (class / dict of class)
  1027      1 100      296 100 188656798 63735405 dict of scipy._lib._pep440.InfinityPartition of a set of 1 object. Total size = 296 bytes.
 Index  Count   %     Size   % Cumulative  % Kind (class / dict of class)
  1028      1 100      296 100 188657094 63735505 dict of scipy._lib._pep440.NegativeInfinityPartition of a set of 1 object. Total size = 296 bytes.
 Index  Count   %     Size   % Cumulative  % Kind (class / dict of class)
  1029      1 100      296 100 188657390 63735605 dict of scipy._lib._threadsafety.ReentrancyLockPartition of a set of 1 object. Total size = 296 bytes.
 Index  Count   %     Size   % Cumulative  % Kind (class / dict of class)
  1030      1 100      296 100 188657686 63735705 dict of
                                                  scipy.optimize._hessian_update_strategy.BFGSPartition of a set of 1 object. Total size = 296 bytes.
 Index  Count   %     Size   % Cumulative  % Kind (class / dict of class)
  1031      1 100      296 100 188657982 63735805 dict of simplejson.decoder.JSONDecoderPartition of a set of 1 object. Total size = 296 bytes.
 Index  Count   %     Size   % Cumulative  % Kind (class / dict of class)
  1032      1 100      296 100 188658278 63735905 dict of simplejson.encoder.JSONEncoderPartition of a set of 1 object. Total size = 296 bytes.
 Index  Count   %     Size   % Cumulative  % Kind (class / dict of class)
  1033      1 100      296 100 188658574 63736005 dict of six._SixMetaPathImporterPartition of a set of 1 object. Total size = 296 bytes.
 Index  Count   %     Size   % Cumulative  % Kind (class / dict of class)
  1034      1 100      296 100 188658870 63736105 dict of socketserver._NoThreadsPartition of a set of 1 object. Total size = 296 bytes.
 Index  Count   %     Size   % Cumulative  % Kind (class / dict of class)
  1035      1 100      296 100 188659166 63736205 dict of stack_data.core.LineGapPartition of a set of 1 object. Total size = 296 bytes.
 Index  Count   %     Size   % Cumulative  % Kind (class / dict of class)
  1036      1 100      296 100 188659462 63736305 dict of string.FormatterPartition of a set of 1 object. Total size = 296 bytes.
 Index  Count   %     Size   % Cumulative  % Kind (class / dict of class)
  1037      1 100      296 100 188659758 63736405 dict of tempfile._RandomNameSequencePartition of a set of 1 object. Total size = 296 bytes.
 Index  Count   %     Size   % Cumulative  % Kind (class / dict of class)
  1038      1 100      296 100 188660054 63736505 dict of threading.ThreadPartition of a set of 1 object. Total size = 296 bytes.
 Index  Count   %     Size   % Cumulative  % Kind (class / dict of class)
  1039      1 100      296 100 188660350 63736605 dict of threading._MainThreadPartition of a set of 1 object. Total size = 296 bytes.
 Index  Count   %     Size   % Cumulative  % Kind (class / dict of class)
  1040      1 100      296 100 188660646 63736705 dict of tornado.concurrent.DummyExecutorPartition of a set of 1 object. Total size = 296 bytes.
 Index  Count   %     Size   % Cumulative  % Kind (class / dict of class)
  1041      1 100      296 100 188660942 63736805 dict of traceback._SentinelPartition of a set of 1 object. Total size = 296 bytes.
 Index  Count   %     Size   % Cumulative  % Kind (class / dict of class)
  1042      1 100      296 100 188661238 63736905 dict of traitlets.config.loader._SentinelPartition of a set of 1 object. Total size = 296 bytes.
 Index  Count   %     Size   % Cumulative  % Kind (class / dict of class)
  1043      1 100      296 100 188661534 63737005 dict of traitlets.traitlets.BytesPartition of a set of 1 object. Total size = 296 bytes.
 Index  Count   %     Size   % Cumulative  % Kind (class / dict of class)
  1044      1 100      296 100 188661830 63737105 dict of typing._CallableTypePartition of a set of 1 object. Total size = 296 bytes.
 Index  Count   %     Size   % Cumulative  % Kind (class / dict of class)
  1045      1 100      296 100 188662126 63737205 dict of typing._DeprecatedGenericAliasPartition of a set of 1 object. Total size = 296 bytes.
 Index  Count   %     Size   % Cumulative  % Kind (class / dict of class)
  1046      1 100      296 100 188662422 63737305 dict of typing._LiteralSpecialFormPartition of a set of 1 object. Total size = 296 bytes.
 Index  Count   %     Size   % Cumulative  % Kind (class / dict of class)
  1047      1 100      296 100 188662718 63737405 dict of typing._TupleTypePartition of a set of 1 object. Total size = 296 bytes.
 Index  Count   %     Size   % Cumulative  % Kind (class / dict of class)
  1048      1 100      296 100 188663014 63737505 dict of typing_extensions._ExtensionsSpecialFormPartition of a set of 1 object. Total size = 296 bytes.
 Index  Count   %     Size   % Cumulative  % Kind (class / dict of class)
  1049      1 100      296 100 188663310 63737605 dict of typing_extensions._SentinelPartition of a set of 1 object. Total size = 296 bytes.
 Index  Count   %     Size   % Cumulative  % Kind (class / dict of class)
  1050      1 100      296 100 188663606 63737705 dict of unittest.loader.TestLoaderPartition of a set of 1 object. Total size = 296 bytes.
 Index  Count   %     Size   % Cumulative  % Kind (class / dict of class)
  1051      1 100      296 100 188663902 63737805 dict of urllib3.packages.six._SixMetaPathImporterPartition of a set of 1 object. Total size = 296 bytes.
 Index  Count   %     Size   % Cumulative  % Kind (class / dict of class)
  1052      1 100      296 100 188664198 63737905 dict of urllib3.util.retry.RetryPartition of a set of 1 object. Total size = 296 bytes.
 Index  Count   %     Size   % Cumulative  % Kind (class / dict of class)
  1053      1 100      296 100 188664494 63738005 dict of werkzeug._internal._ColorStreamHandlerPartition of a set of 1 object. Total size = 296 bytes.
 Index  Count   %     Size   % Cumulative  % Kind (class / dict of class)
  1054      1 100      296 100 188664790 63738105 dict of werkzeug._internal._MissingPartition of a set of 1 object. Total size = 296 bytes.
 Index  Count   %     Size   % Cumulative  % Kind (class / dict of class)
  1055      1 100      296 100 188665086 63738205 dict of werkzeug._reloader.StatReloaderLoopPartition of a set of 1 object. Total size = 296 bytes.
 Index  Count   %     Size   % Cumulative  % Kind (class / dict of class)
  1056      1 100      296 100 188665382 63738305 dict of werkzeug.debug.DebuggedApplicationPartition of a set of 1 object. Total size = 296 bytes.
 Index  Count   %     Size   % Cumulative  % Kind (class / dict of class)
  1057      1 100      296 100 188665678 63738405 dict of werkzeug.debug.repr._HelperPartition of a set of 1 object. Total size = 296 bytes.
 Index  Count   %     Size   % Cumulative  % Kind (class / dict of class)
  1058      1 100      296 100 188665974 63738505 dict of
                                                  werkzeug.routing.converters.UnicodeConverterPartition of a set of 1 object. Total size = 296 bytes.
 Index  Count   %     Size   % Cumulative  % Kind (class / dict of class)
  1059      1 100      296 100 188666270 63738605 dict of werkzeug.routing.map.MapPartition of a set of 1 object. Total size = 296 bytes.
 Index  Count   %     Size   % Cumulative  % Kind (class / dict of class)
  1060      1 100      296 100 188666566 63738705 dict of
                                                  werkzeug.routing.matcher.StateMachineMatcherPartition of a set of 1 object. Total size = 296 bytes.
 Index  Count   %     Size   % Cumulative  % Kind (class / dict of class)
  1061      1 100      296 100 188666862 63738805 dict of werkzeug.sansio.multipart.NeedDataPartition of a set of 1 object. Total size = 296 bytes.
 Index  Count   %     Size   % Cumulative  % Kind (class / dict of class)
  1062      1 100      296 100 188667158 63738905 dict of werkzeug.serving.ThreadedWSGIServerPartition of a set of 1 object. Total size = 296 bytes.
 Index  Count   %     Size   % Cumulative  % Kind (class / dict of class)
  1063      1 100      296 100 188667454 63739005 dict of xarray.core.dtypes.AlwaysGreaterThanPartition of a set of 1 object. Total size = 296 bytes.
 Index  Count   %     Size   % Cumulative  % Kind (class / dict of class)
  1064      1 100      296 100 188667750 63739105 dict of xarray.core.dtypes.AlwaysLessThanPartition of a set of 1 object. Total size = 296 bytes.
 Index  Count   %     Size   % Cumulative  % Kind (class / dict of class)
  1065      1 100      296 100 188668046 63739205 dict of xarray.core.pdcompat._NoDefaultPartition of a set of 1 object. Total size = 296 bytes.
 Index  Count   %     Size   % Cumulative  % Kind (class / dict of class)
  1066      1 100      296 100 188668342 63739305 dict of xarray.core.utils.DefaultPartition of a set of 1 object. Total size = 296 bytes.
 Index  Count   %     Size   % Cumulative  % Kind (class / dict of class)
  1067      1 100      296 100 188668638 63739405 dict of xarray.namedarray._typing.DefaultPartition of a set of 1 object. Total size = 296 bytes.
 Index  Count   %     Size   % Cumulative  % Kind (class / dict of class)
  1068      1 100      296 100 188668934 63739505 dict of xml.dom.minidom.DOMImplementationPartition of a set of 1 object. Total size = 296 bytes.
 Index  Count   %     Size   % Cumulative  % Kind (class / dict of class)
  1069      1 100      296 100 188669230 63739605 dict of zarr.util.NoLockPartition of a set of 6 objects. Total size = 288 bytes.
 Index  Count   %     Size   % Cumulative  % Kind (class / dict of class)
  1070      6 100      288 100 188669518 65510249 dash.html.Br.BrPartition of a set of 6 objects. Total size = 288 bytes.
 Index  Count   %     Size   % Cumulative  % Kind (class / dict of class)
  1071      6 100      288 100 188669806 65510349 datetime.datetimePartition of a set of 1 object. Total size = 288 bytes.
 Index  Count   %     Size   % Cumulative  % Kind (class / dict of class)
  1072      1 100      288 100 188670094 65510449 dict of pyparsing.core.FollowedByPartition of a set of 6 objects. Total size = 288 bytes.
 Index  Count   %     Size   % Cumulative  % Kind (class / dict of class)
  1073      6 100      288 100 188670382 65510549 numpy.core.getlimits.MachArLikePartition of a set of 3 objects. Total size = 288 bytes.
 Index  Count   %     Size   % Cumulative  % Kind (class / dict of class)
  1074      3 100      288 100 188670670 65510649 numpy.dtypes.ObjectDTypePartition of a set of 3 objects. Total size = 288 bytes.
 Index  Count   %     Size   % Cumulative  % Kind (class / dict of class)
  1075      3 100      288 100 188670958 65510749 numpy.dtypes.StrDTypePartition of a set of 6 objects. Total size = 288 bytes.
 Index  Count   %     Size   % Cumulative  % Kind (class / dict of class)
  1076      6 100      288 100 188671246 65510849 numpy.ma.core._DomainSafeDividePartition of a set of 6 objects. Total size = 288 bytes.
 Index  Count   %     Size   % Cumulative  % Kind (class / dict of class)
  1077      6 100      288 100 188671534 65510949 numpy.ma.core._DomainedBinaryOperationPartition of a set of 6 objects. Total size = 288 bytes.
 Index  Count   %     Size   % Cumulative  % Kind (class / dict of class)
  1078      6 100      288 100 188671822 65511049 numpy.vectorizePartition of a set of 6 objects. Total size = 288 bytes.
 Index  Count   %     Size   % Cumulative  % Kind (class / dict of class)
  1079      6 100      288 100 188672110 65511149 pandas.core.internals.managers.SingleBlockManagerPartition of a set of 6 objects. Total size = 288 bytes.
 Index  Count   %     Size   % Cumulative  % Kind (class / dict of class)
  1080      6 100      288 100 188672398 65511249 pandas.core.nanops.bottleneck_switchPartition of a set of 4 objects. Total size = 288 bytes.
 Index  Count   %     Size   % Cumulative  % Kind (class / dict of class)
  1081      4 100      288 100 188672686 65511349 pyarrow.lib.DurationTypePartition of a set of 6 objects. Total size = 288 bytes.
 Index  Count   %     Size   % Cumulative  % Kind (class / dict of class)
  1082      6 100      288 100 188672974 65511449 pyparsing.core.ZeroOrMorePartition of a set of 6 objects. Total size = 288 bytes.
 Index  Count   %     Size   % Cumulative  % Kind (class / dict of class)
  1083      6 100      288 100 188673262 65511549 types.MethodWrapperTypePartition of a set of 6 objects. Total size = 288 bytes.
 Index  Count   %     Size   % Cumulative  % Kind (class / dict of class)
  1084      6 100      288 100 188673550 65511649 werkzeug.sansio.multipart.StatePartition of a set of 1 object. Total size = 280 bytes.
 Index  Count   %     Size   % Cumulative  % Kind (class / dict of class)
  1085      1 100      280 100 188673830 67383511 dict of json.decoder.JSONDecoderPartition of a set of 1 object. Total size = 280 bytes.
 Index  Count   %     Size   % Cumulative  % Kind (class / dict of class)
  1086      1 100      280 100 188674110 67383611 dict of pyparsing.core.WhitePartition of a set of 1 object. Total size = 272 bytes.
 Index  Count   %     Size   % Cumulative  % Kind (class / dict of class)
  1087      1 100      272 100 188674382 69365582 dict of _ctypes.PyCArrayTypePartition of a set of 1 object. Total size = 272 bytes.
 Index  Count   %     Size   % Cumulative  % Kind (class / dict of class)
  1088      1 100      272 100 188674654 69365682 dict of _ctypes.PyCFuncPtrTypePartition of a set of 1 object. Total size = 272 bytes.
 Index  Count   %     Size   % Cumulative  % Kind (class / dict of class)
  1089      1 100      272 100 188674926 69365782 dict of _ctypes.PyCPointerTypePartition of a set of 1 object. Total size = 272 bytes.
 Index  Count   %     Size   % Cumulative  % Kind (class / dict of class)
  1090      1 100      272 100 188675198 69365882 dict of _ctypes.PyCSimpleTypePartition of a set of 1 object. Total size = 272 bytes.
 Index  Count   %     Size   % Cumulative  % Kind (class / dict of class)
  1091      1 100      272 100 188675470 69365982 dict of ast.AttributePartition of a set of 1 object. Total size = 272 bytes.
 Index  Count   %     Size   % Cumulative  % Kind (class / dict of class)
  1092      1 100      272 100 188675742 69366082 dict of ast.CallPartition of a set of 1 object. Total size = 272 bytes.
 Index  Count   %     Size   % Cumulative  % Kind (class / dict of class)
  1093      1 100      272 100 188676014 69366182 dict of ast.IfPartition of a set of 1 object. Total size = 272 bytes.
 Index  Count   %     Size   % Cumulative  % Kind (class / dict of class)
  1094      1 100      272 100 188676286 69366282 dict of ast.IfExpPartition of a set of 1 object. Total size = 272 bytes.
 Index  Count   %     Size   % Cumulative  % Kind (class / dict of class)
  1095      1 100      272 100 188676558 69366382 dict of collections.abc._DeprecateByteStringMetaPartition of a set of 1 object. Total size = 272 bytes.
 Index  Count   %     Size   % Cumulative  % Kind (class / dict of class)
  1096      1 100      272 100 188676830 69366482 dict of numpy.ma.core.MaskedConstantPartition of a set of 1 object. Total size = 272 bytes.
 Index  Count   %     Size   % Cumulative  % Kind (class / dict of class)
  1097      1 100      272 100 188677102 69366582 dict of pandas._libs.tslibs.offsets.OffsetMetaPartition of a set of 1 object. Total size = 272 bytes.
 Index  Count   %     Size   % Cumulative  % Kind (class / dict of class)
  1098      1 100      272 100 188677374 69366682 dict of pandas.core.dtypes.generic.ABCBasePartition of a set of 1 object. Total size = 272 bytes.
 Index  Count   %     Size   % Cumulative  % Kind (class / dict of class)
  1099      1 100      272 100 188677646 69366782 dict of pandas.core.dtypes.generic.ABCBasePartition of a set of 1 object. Total size = 272 bytes.
 Index  Count   %     Size   % Cumulative  % Kind (class / dict of class)
  1100      1 100      272 100 188677918 69366882 dict of pandas.core.dtypes.generic.ABCBasePartition of a set of 1 object. Total size = 272 bytes.
 Index  Count   %     Size   % Cumulative  % Kind (class / dict of class)
  1101      1 100      272 100 188678190 69366982 dict of pandas.core.dtypes.generic.ABCBasePartition of a set of 1 object. Total size = 272 bytes.
 Index  Count   %     Size   % Cumulative  % Kind (class / dict of class)
  1102      1 100      272 100 188678462 69367082 dict of pandas.core.dtypes.generic.ABCBasePartition of a set of 1 object. Total size = 272 bytes.
 Index  Count   %     Size   % Cumulative  % Kind (class / dict of class)
  1103      1 100      272 100 188678734 69367182 dict of pandas.core.dtypes.generic.ABCBasePartition of a set of 1 object. Total size = 272 bytes.
 Index  Count   %     Size   % Cumulative  % Kind (class / dict of class)
  1104      1 100      272 100 188679006 69367282 dict of pandas.core.dtypes.generic.ABCBasePartition of a set of 1 object. Total size = 272 bytes.
 Index  Count   %     Size   % Cumulative  % Kind (class / dict of class)
  1105      1 100      272 100 188679278 69367382 dict of pandas.core.dtypes.generic.ABCBasePartition of a set of 1 object. Total size = 272 bytes.
 Index  Count   %     Size   % Cumulative  % Kind (class / dict of class)
  1106      1 100      272 100 188679550 69367482 dict of pandas.core.dtypes.generic.ABCBasePartition of a set of 1 object. Total size = 272 bytes.
 Index  Count   %     Size   % Cumulative  % Kind (class / dict of class)
  1107      1 100      272 100 188679822 69367582 dict of pandas.core.dtypes.generic.ABCBasePartition of a set of 1 object. Total size = 272 bytes.
 Index  Count   %     Size   % Cumulative  % Kind (class / dict of class)
  1108      1 100      272 100 188680094 69367682 dict of pandas.core.dtypes.generic.ABCBasePartition of a set of 1 object. Total size = 272 bytes.
 Index  Count   %     Size   % Cumulative  % Kind (class / dict of class)
  1109      1 100      272 100 188680366 69367782 dict of pandas.core.dtypes.generic.ABCBasePartition of a set of 1 object. Total size = 272 bytes.
 Index  Count   %     Size   % Cumulative  % Kind (class / dict of class)
  1110      1 100      272 100 188680638 69367882 dict of pandas.core.dtypes.generic.ABCBasePartition of a set of 1 object. Total size = 272 bytes.
 Index  Count   %     Size   % Cumulative  % Kind (class / dict of class)
  1111      1 100      272 100 188680910 69367982 dict of pandas.core.dtypes.generic.ABCBasePartition of a set of 1 object. Total size = 272 bytes.
 Index  Count   %     Size   % Cumulative  % Kind (class / dict of class)
  1112      1 100      272 100 188681182 69368082 dict of pandas.core.dtypes.generic.ABCBasePartition of a set of 1 object. Total size = 272 bytes.
 Index  Count   %     Size   % Cumulative  % Kind (class / dict of class)
  1113      1 100      272 100 188681454 69368182 dict of pandas.core.dtypes.generic.ABCBasePartition of a set of 1 object. Total size = 272 bytes.
 Index  Count   %     Size   % Cumulative  % Kind (class / dict of class)
  1114      1 100      272 100 188681726 69368282 dict of pandas.core.dtypes.generic.ABCBasePartition of a set of 1 object. Total size = 272 bytes.
 Index  Count   %     Size   % Cumulative  % Kind (class / dict of class)
  1115      1 100      272 100 188681998 69368382 dict of pygments.lexer.ProfilingRegexLexerMetaPartition of a set of 1 object. Total size = 272 bytes.
 Index  Count   %     Size   % Cumulative  % Kind (class / dict of class)
  1116      1 100      272 100 188682270 69368482 dict of six._MovedItemsPartition of a set of 1 object. Total size = 272 bytes.
 Index  Count   %     Size   % Cumulative  % Kind (class / dict of class)
  1117      1 100      272 100 188682542 69368582 dict of traitlets.traitlets.MetaHasDescriptorsPartition of a set of 1 object. Total size = 272 bytes.
 Index  Count   %     Size   % Cumulative  % Kind (class / dict of class)
  1118      1 100      272 100 188682814 69368682 dict of typing._AnyMetaPartition of a set of 1 object. Total size = 272 bytes.
 Index  Count   %     Size   % Cumulative  % Kind (class / dict of class)
  1119      1 100      272 100 188683086 69368782 dict of
                                                  urllib3.packages.six.Module_six_moves_urllibPartition of a set of 1 object. Total size = 272 bytes.
 Index  Count   %     Size   % Cumulative  % Kind (class / dict of class)
  1120      1 100      272 100 188683358 69368882 dict of
                                                  urllib3.packages.six.Module_six_moves_urllib_parsePartition of a set of 1 object. Total size = 272 bytes.
 Index  Count   %     Size   % Cumulative  % Kind (class / dict of class)
  1121      1 100      272 100 188683630 69368982 dict of urllib3.packages.six._MovedItemsPartition of a set of 1 object. Total size = 264 bytes.
 Index  Count   %     Size   % Cumulative  % Kind (class / dict of class)
  1122      1 100      264 100 188683894 71471172 dict of subprocess.PopenPartition of a set of 2 objects. Total size = 256 bytes.
 Index  Count   %     Size   % Cumulative  % Kind (class / dict of class)
  1123      2 100      256 100 188684150 73704746 dict of pandas.util.version.VersionPartition of a set of 1 object. Total size = 256 bytes.
 Index  Count   %     Size   % Cumulative  % Kind (class / dict of class)
  1124      1 100      256 100 188684406 73704846 numpy.random.mtrand.RandomStatePartition of a set of 4 objects. Total size = 256 bytes.
 Index  Count   %     Size   % Cumulative  % Kind (class / dict of class)
  1125      4 100      256 100 188684662 73704946 uuid.UUIDPartition of a set of 4 objects. Total size = 240 bytes.
 Index  Count   %     Size   % Cumulative  % Kind (class / dict of class)
  1126      4 100      240 100 188684902 78618709 PIL.Image.DitherPartition of a set of 4 objects. Total size = 240 bytes.
 Index  Count   %     Size   % Cumulative  % Kind (class / dict of class)
  1127      4 100      240 100 188685142 78618809 PIL.Image.QuantizePartition of a set of 5 objects. Total size = 240 bytes.
 Index  Count   %     Size   % Cumulative  % Kind (class / dict of class)
  1128      5 100      240 100 188685382 78618909 _frozen_importlib_external.NamespaceLoaderPartition of a set of 5 objects. Total size = 240 bytes.
 Index  Count   %     Size   % Cumulative  % Kind (class / dict of class)
  1129      5 100      240 100 188685622 78619009 _frozen_importlib_external._NamespacePathPartition of a set of 5 objects. Total size = 240 bytes.
 Index  Count   %     Size   % Cumulative  % Kind (class / dict of class)
  1130      5 100      240 100 188685862 78619109 _weakrefset.WeakSetPartition of a set of 5 objects. Total size = 240 bytes.
 Index  Count   %     Size   % Cumulative  % Kind (class / dict of class)
  1131      5 100      240 100 188686102 78619209 asyncio.sslproto.SSLProtocolStatePartition of a set of 5 objects. Total size = 240 bytes.
 Index  Count   %     Size   % Cumulative  % Kind (class / dict of class)
  1132      5 100      240 100 188686342 78619309 asyncio.timeouts._StatePartition of a set of 5 objects. Total size = 240 bytes.
 Index  Count   %     Size   % Cumulative  % Kind (class / dict of class)
  1133      5 100      240 100 188686582 78619409 click.core.ParameterSourcePartition of a set of 5 objects. Total size = 240 bytes.
 Index  Count   %     Size   % Cumulative  % Kind (class / dict of class)
  1134      5 100      240 100 188686822 78619509 dash.dcc.Tab.TabPartition of a set of 1 object. Total size = 240 bytes.
 Index  Count   %     Size   % Cumulative  % Kind (class / dict of class)
  1135      1 100      240 100 188687062 78619609 email._encoded_words._QByteMapPartition of a set of 5 objects. Total size = 240 bytes.
 Index  Count   %     Size   % Cumulative  % Kind (class / dict of class)
  1136      5 100      240 100 188687302 78619709 encodings.utf_8.IncrementalDecoderPartition of a set of 5 objects. Total size = 240 bytes.
 Index  Count   %     Size   % Cumulative  % Kind (class / dict of class)
  1137      5 100      240 100 188687542 78619809 importlib_metadata.FastPathPartition of a set of 5 objects. Total size = 240 bytes.
 Index  Count   %     Size   % Cumulative  % Kind (class / dict of class)
  1138      5 100      240 100 188687782 78619909 importlib_metadata.LookupPartition of a set of 5 objects. Total size = 240 bytes.
 Index  Count   %     Size   % Cumulative  % Kind (class / dict of class)
  1139      5 100      240 100 188688022 78620009 matplotlib.cbook.GrouperPartition of a set of 5 objects. Total size = 240 bytes.
 Index  Count   %     Size   % Cumulative  % Kind (class / dict of class)
  1140      5 100      240 100 188688262 78620109 matplotlib.dviread.DviStatePartition of a set of 1 object. Total size = 240 bytes.
 Index  Count   %     Size   % Cumulative  % Kind (class / dict of class)
  1141      1 100      240 100 188688502 78620209 memory_profiler.CodeMapPartition of a set of 5 objects. Total size = 240 bytes.
 Index  Count   %     Size   % Cumulative  % Kind (class / dict of class)
  1142      5 100      240 100 188688742 78620309 numpy.ma.extras._fromnxfunction_seqPartition of a set of 5 objects. Total size = 240 bytes.
 Index  Count   %     Size   % Cumulative  % Kind (class / dict of class)
  1143      5 100      240 100 188688982 78620409 prompt_toolkit.filters.base._InvertPartition of a set of 5 objects. Total size = 240 bytes.
 Index  Count   %     Size   % Cumulative  % Kind (class / dict of class)
  1144      5 100      240 100 188689222 78620509 prompt_toolkit.mouse_events.MouseButtonPartition of a set of 5 objects. Total size = 240 bytes.
 Index  Count   %     Size   % Cumulative  % Kind (class / dict of class)
  1145      5 100      240 100 188689462 78620609 prompt_toolkit.mouse_events.MouseEventTypePartition of a set of 5 objects. Total size = 240 bytes.
 Index  Count   %     Size   % Cumulative  % Kind (class / dict of class)
  1146      5 100      240 100 188689702 78620709 scipy.spatial.distance.CDistMetricWrapperPartition of a set of 5 objects. Total size = 240 bytes.
 Index  Count   %     Size   % Cumulative  % Kind (class / dict of class)
  1147      5 100      240 100 188689942 78620809 scipy.spatial.distance.PDistMetricWrapperPartition of a set of 5 objects. Total size = 240 bytes.
 Index  Count   %     Size   % Cumulative  % Kind (class / dict of class)
  1148      5 100      240 100 188690182 78620909 tracemalloc.SnapshotPartition of a set of 5 objects. Total size = 240 bytes.
 Index  Count   %     Size   % Cumulative  % Kind (class / dict of class)
  1149      5 100      240 100 188690422 78621009 tracemalloc._TracesPartition of a set of 5 objects. Total size = 240 bytes.
 Index  Count   %     Size   % Cumulative  % Kind (class / dict of class)
  1150      5 100      240 100 188690662 78621109 traitlets.traitlets.SetPartition of a set of 5 objects. Total size = 240 bytes.
 Index  Count   %     Size   % Cumulative  % Kind (class / dict of class)
  1151      5 100      240 100 188690902 78621209 werkzeug.utils.environ_propertyPartition of a set of 6 objects. Total size = 240 bytes.
 Index  Count   %     Size   % Cumulative  % Kind (class / dict of class)
  1152      6 100      240 100 188691142 78621309 xarray.namedarray.utils.ReprObjectPartition of a set of 4 objects. Total size = 240 bytes.
 Index  Count   %     Size   % Cumulative  % Kind (class / dict of class)
  1153      4 100      240 100 188691382 78621409 zmq.constants.SecurityMechanismPartition of a set of 1 object. Total size = 232 bytes.
 Index  Count   %     Size   % Cumulative  % Kind (class / dict of class)
  1154      1 100      232 100 188691614 81332592 dict of pandas.core.indexes.base.IndexPartition of a set of 4 objects. Total size = 224 bytes.
 Index  Count   %     Size   % Cumulative  % Kind (class / dict of class)
  1155      4 100      224 100 188691838 84237428 _io.IncrementalNewlineDecoderPartition of a set of 2 objects. Total size = 224 bytes.
 Index  Count   %     Size   % Cumulative  % Kind (class / dict of class)
  1156      2 100      224 100 188692062 84237528 prompt_toolkit.styles.base.AttrsPartition of a set of 2 objects. Total size = 208 bytes.
 Index  Count   %     Size   % Cumulative  % Kind (class / dict of class)
  1157      2 100      208 100 188692270 90717438 pyarrow.lib.IpcReadOptionsPartition of a set of 1 object. Total size = 200 bytes.
 Index  Count   %     Size   % Cumulative  % Kind (class / dict of class)
  1158      1 100      200 100 188692470 94346235 IPython.utils.coloransi.ColorSchemeTablePartition of a set of 1 object. Total size = 200 bytes.
 Index  Count   %     Size   % Cumulative  % Kind (class / dict of class)
  1159      1 100      200 100 188692670 94346335 pandas.plotting._misc._OptionsPartition of a set of 4 objects. Total size = 192 bytes.
 Index  Count   %     Size   % Cumulative  % Kind (class / dict of class)
  1160      4 100      192 100 188692862 98277532 IPython.core.completer._DictKeyStatePartition of a set of 4 objects. Total size = 192 bytes.
 Index  Count   %     Size   % Cumulative  % Kind (class / dict of class)
  1161      4 100      192 100 188693054 98277632 IPython.utils.coloransi.ColorSchemePartition of a set of 3 objects. Total size = 192 bytes.
 Index  Count   %     Size   % Cumulative  % Kind (class / dict of class)
  1162      3 100      192 100 188693246 98277732 _csv.DialectPartition of a set of 4 objects. Total size = 192 bytes.
 Index  Count   %     Size   % Cumulative  % Kind (class / dict of class)
  1163      4 100      192 100 188693438 98277832 asyncio.locks._BarrierStatePartition of a set of 4 objects. Total size = 192 bytes.
 Index  Count   %     Size   % Cumulative  % Kind (class / dict of class)
  1164      4 100      192 100 188693630 98277932 asyncio.sslproto.AppProtocolStatePartition of a set of 4 objects. Total size = 192 bytes.
 Index  Count   %     Size   % Cumulative  % Kind (class / dict of class)
  1165      4 100      192 100 188693822 98278032 clgs.dataPartition of a set of 4 objects. Total size = 192 bytes.
 Index  Count   %     Size   % Cumulative  % Kind (class / dict of class)
  1166      4 100      192 100 188694014 98278132 dash.dcc.Graph.GraphPartition of a set of 4 objects. Total size = 192 bytes.
 Index  Count   %     Size   % Cumulative  % Kind (class / dict of class)
  1167      4 100      192 100 188694206 98278232 dash.html.Hr.HrPartition of a set of 4 objects. Total size = 192 bytes.
 Index  Count   %     Size   % Cumulative  % Kind (class / dict of class)
  1168      4 100      192 100 188694398 98278332
                                                  dash_bootstrap_components._components.Button.Butto
                                                  nPartition of a set of 4 objects. Total size = 192 bytes.
 Index  Count   %     Size   % Cumulative  % Kind (class / dict of class)
  1169      4 100      192 100 188694590 98278432 dash_bootstrap_components._components.Card.CardPartition of a set of 4 objects. Total size = 192 bytes.
 Index  Count   %     Size   % Cumulative  % Kind (class / dict of class)
  1170      4 100      192 100 188694782 98278532
                                                  dash_bootstrap_components._components.CardBody.Car
                                                  dBodyPartition of a set of 4 objects. Total size = 192 bytes.
 Index  Count   %     Size   % Cumulative  % Kind (class / dict of class)
  1171      4 100      192 100 188694974 98278632
                                                  dash_bootstrap_components._components.Collapse.Col
                                                  lapsePartition of a set of 4 objects. Total size = 192 bytes.
 Index  Count   %     Size   % Cumulative  % Kind (class / dict of class)
  1172      4 100      192 100 188695166 98278732 jupyter_client.manager._ShutdownStatusPartition of a set of 4 objects. Total size = 192 bytes.
 Index  Count   %     Size   % Cumulative  % Kind (class / dict of class)
  1173      4 100      192 100 188695358 98278832 matplotlib._mathtext._MathStylePartition of a set of 4 objects. Total size = 192 bytes.
 Index  Count   %     Size   % Cumulative  % Kind (class / dict of class)
  1174      4 100      192 100 188695550 98278932 matplotlib.category.StrCategoryConverterPartition of a set of 2 objects. Total size = 192 bytes.
 Index  Count   %     Size   % Cumulative  % Kind (class / dict of class)
  1175      2 100      192 100 188695742 98279032 numpy.dtypes.DateTime64DTypePartition of a set of 2 objects. Total size = 192 bytes.
 Index  Count   %     Size   % Cumulative  % Kind (class / dict of class)
  1176      2 100      192 100 188695934 98279132 numpy.dtypes.TimeDelta64DTypePartition of a set of 4 objects. Total size = 192 bytes.
 Index  Count   %     Size   % Cumulative  % Kind (class / dict of class)
  1177      4 100      192 100 188696126 98279232 pandas._config.config.CallableDynamicDocPartition of a set of 4 objects. Total size = 192 bytes.
 Index  Count   %     Size   % Cumulative  % Kind (class / dict of class)
  1178      4 100      192 100 188696318 98279332
                                                  pandas._libs.tslibs.timedeltas.__pyx_scope_struct_
                                                  1__binary_op_method_timedeltalikePartition of a set of 4 objects. Total size = 192 bytes.
 Index  Count   %     Size   % Cumulative  % Kind (class / dict of class)
  1179      4 100      192 100 188696510 98279432 prompt_toolkit.cache.SimpleCachePartition of a set of 4 objects. Total size = 192 bytes.
 Index  Count   %     Size   % Cumulative  % Kind (class / dict of class)
  1180      4 100      192 100 188696702 98279532
                                                  prompt_toolkit.key_binding.bindings.vi.TextObjectT
                                                  ypePartition of a set of 4 objects. Total size = 192 bytes.
 Index  Count   %     Size   % Cumulative  % Kind (class / dict of class)
  1181      4 100      192 100 188696894 98279632 prompt_toolkit.layout.containers.HorizontalAlignPartition of a set of 4 objects. Total size = 192 bytes.
 Index  Count   %     Size   % Cumulative  % Kind (class / dict of class)
  1182      4 100      192 100 188697086 98279732 prompt_toolkit.layout.containers.VerticalAlignPartition of a set of 4 objects. Total size = 192 bytes.
 Index  Count   %     Size   % Cumulative  % Kind (class / dict of class)
  1183      4 100      192 100 188697278 98279832 pyparsing.core.GroupPartition of a set of 4 objects. Total size = 192 bytes.
 Index  Count   %     Size   % Cumulative  % Kind (class / dict of class)
  1184      4 100      192 100 188697470 98279932 werkzeug.routing.converters.PathConverterPartition of a set of 4 objects. Total size = 192 bytes.
 Index  Count   %     Size   % Cumulative  % Kind (class / dict of class)
  1185      4 100      192 100 188697662 98280032 xarray.core.indexing.IndexingSupportPartition of a set of 4 objects. Total size = 192 bytes.
 Index  Count   %     Size   % Cumulative  % Kind (class / dict of class)
  1186      4 100      192 100 188697854 98280132 xarray.core.utils.UncachedAccessorPartition of a set of 4 objects. Total size = 192 bytes.
 Index  Count   %     Size   % Cumulative  % Kind (class / dict of class)
  1187      4 100      192 100 188698046 98280232 zmq.constants._OptTypePartition of a set of 1 object. Total size = 188 bytes.
 Index  Count   %     Size   % Cumulative  % Kind (class / dict of class)
  1188      1 100      188 100 188698234 100371401 pandas._libs.index.ObjectEnginePartition of a set of 1 object. Total size = 184 bytes.
 Index  Count   %     Size   % Cumulative  % Kind (class / dict of class)
  1189      1 100      184 100 188698418 102553488 ctypes.CFunctionTypePartition of a set of 1 object. Total size = 184 bytes.
 Index  Count   %     Size   % Cumulative  % Kind (class / dict of class)
  1190      1 100      184 100 188698602 102553588 ctypes.CFunctionTypePartition of a set of 1 object. Total size = 184 bytes.
 Index  Count   %     Size   % Cumulative  % Kind (class / dict of class)
  1191      1 100      184 100 188698786 102553688 ctypes.CFunctionTypePartition of a set of 1 object. Total size = 184 bytes.
 Index  Count   %     Size   % Cumulative  % Kind (class / dict of class)
  1192      1 100      184 100 188698970 102553788 ctypes.CFunctionTypePartition of a set of 1 object. Total size = 184 bytes.
 Index  Count   %     Size   % Cumulative  % Kind (class / dict of class)
  1193      1 100      184 100 188699154 102553888 ctypes.CFunctionTypePartition of a set of 1 object. Total size = 184 bytes.
 Index  Count   %     Size   % Cumulative  % Kind (class / dict of class)
  1194      1 100      184 100 188699338 102553988 ctypes.CFunctionTypePartition of a set of 1 object. Total size = 184 bytes.
 Index  Count   %     Size   % Cumulative  % Kind (class / dict of class)
  1195      1 100      184 100 188699522 102554088 ctypes.CFunctionTypePartition of a set of 1 object. Total size = 184 bytes.
 Index  Count   %     Size   % Cumulative  % Kind (class / dict of class)
  1196      1 100      184 100 188699706 102554188 ctypes.CFunctionTypePartition of a set of 1 object. Total size = 184 bytes.
 Index  Count   %     Size   % Cumulative  % Kind (class / dict of class)
  1197      1 100      184 100 188699890 102554288 ctypes.CFunctionTypePartition of a set of 1 object. Total size = 184 bytes.
 Index  Count   %     Size   % Cumulative  % Kind (class / dict of class)
  1198      1 100      184 100 188700074 102554388 ctypes._FuncPtrPartition of a set of 1 object. Total size = 184 bytes.
 Index  Count   %     Size   % Cumulative  % Kind (class / dict of class)
  1199      1 100      184 100 188700258 102554488 dict of _ctypes.PyCStructTypePartition of a set of 1 object. Total size = 184 bytes.
 Index  Count   %     Size   % Cumulative  % Kind (class / dict of class)
  1200      1 100      184 100 188700442 102554588 dict of _ctypes.UnionTypePartition of a set of 1 object. Total size = 184 bytes.
 Index  Count   %     Size   % Cumulative  % Kind (class / dict of class)
  1201      1 100      184 100 188700626 102554688 dict of matplotlib.axes._SubplotBaseMetaPartition of a set of 1 object. Total size = 184 bytes.
 Index  Count   %     Size   % Cumulative  % Kind (class / dict of class)
  1202      1 100      184 100 188700810 102554788 dict of six.Module_six_moves_urllibPartition of a set of 1 object. Total size = 184 bytes.
 Index  Count   %     Size   % Cumulative  % Kind (class / dict of class)
  1203      1 100      184 100 188700994 102554888 dict of six.Module_six_moves_urllib_errorPartition of a set of 1 object. Total size = 184 bytes.
 Index  Count   %     Size   % Cumulative  % Kind (class / dict of class)
  1204      1 100      184 100 188701178 102554988 dict of six.Module_six_moves_urllib_parsePartition of a set of 1 object. Total size = 184 bytes.
 Index  Count   %     Size   % Cumulative  % Kind (class / dict of class)
  1205      1 100      184 100 188701362 102555088 dict of six.Module_six_moves_urllib_requestPartition of a set of 1 object. Total size = 184 bytes.
 Index  Count   %     Size   % Cumulative  % Kind (class / dict of class)
  1206      1 100      184 100 188701546 102555188 dict of six.Module_six_moves_urllib_responsePartition of a set of 1 object. Total size = 184 bytes.
 Index  Count   %     Size   % Cumulative  % Kind (class / dict of class)
  1207      1 100      184 100 188701730 102555288 dict of six.Module_six_moves_urllib_robotparserPartition of a set of 1 object. Total size = 184 bytes.
 Index  Count   %     Size   % Cumulative  % Kind (class / dict of class)
  1208      1 100      184 100 188701914 102555388 dict of typing.NamedTupleMetaPartition of a set of 1 object. Total size = 184 bytes.
 Index  Count   %     Size   % Cumulative  % Kind (class / dict of class)
  1209      1 100      184 100 188702098 102555488 dict of typing_extensions._NamedTupleMetaPartition of a set of 1 object. Total size = 184 bytes.
 Index  Count   %     Size   % Cumulative  % Kind (class / dict of class)
  1210      1 100      184 100 188702282 102555588 dict of
                                                   urllib3.packages.six.Module_six_moves_urllib_erro
                                                   rPartition of a set of 1 object. Total size = 184 bytes.
 Index  Count   %     Size   % Cumulative  % Kind (class / dict of class)
  1211      1 100      184 100 188702466 102555688 dict of
                                                   urllib3.packages.six.Module_six_moves_urllib_requ
                                                   estPartition of a set of 1 object. Total size = 184 bytes.
 Index  Count   %     Size   % Cumulative  % Kind (class / dict of class)
  1212      1 100      184 100 188702650 102555788 dict of
                                                   urllib3.packages.six.Module_six_moves_urllib_resp
                                                   onsePartition of a set of 1 object. Total size = 184 bytes.
 Index  Count   %     Size   % Cumulative  % Kind (class / dict of class)
  1213      1 100      184 100 188702834 102555888 dict of
                                                   urllib3.packages.six.Module_six_moves_urllib_robo
                                                   tparserPartition of a set of 1 object. Total size = 184 bytes.
 Index  Count   %     Size   % Cumulative  % Kind (class / dict of class)
  1214      1 100      184 100 188703018 102555988 pyarrow.lib._PandasAPIShimPartition of a set of 1 object. Total size = 184 bytes.
 Index  Count   %     Size   % Cumulative  % Kind (class / dict of class)
  1215      1 100      184 100 188703202 102556088 sys.flagsPartition of a set of 7 objects. Total size = 182 bytes.
 Index  Count   %     Size   % Cumulative  % Kind (class / dict of class)
  1216      7 100      182 100 188703384 103683178 numpy.float16Partition of a set of 3 objects. Total size = 180 bytes.
 Index  Count   %     Size   % Cumulative  % Kind (class / dict of class)
  1217      3 100      180 100 188703564 104835313 PIL.PngImagePlugin.DisposalPartition of a set of 3 objects. Total size = 180 bytes.
 Index  Count   %     Size   % Cumulative  % Kind (class / dict of class)
  1218      3 100      180 100 188703744 104835413 psutil._common.NicDuplexPartition of a set of 3 objects. Total size = 180 bytes.
 Index  Count   %     Size   % Cumulative  % Kind (class / dict of class)
  1219      3 100      180 100 188703924 104835513 signal.SigmasksPartition of a set of 3 objects. Total size = 180 bytes.
 Index  Count   %     Size   % Cumulative  % Kind (class / dict of class)
  1220      3 100      180 100 188704104 104835613 ssl.VerifyModePartition of a set of 3 objects. Total size = 180 bytes.
 Index  Count   %     Size   % Cumulative  % Kind (class / dict of class)
  1221      3 100      180 100 188704284 104835713 zmq.constants.DeviceTypePartition of a set of 3 objects. Total size = 180 bytes.
 Index  Count   %     Size   % Cumulative  % Kind (class / dict of class)
  1222      3 100      180 100 188704464 104835813 zmq.constants.MessageOptionPartition of a set of 3 objects. Total size = 180 bytes.
 Index  Count   %     Size   % Cumulative  % Kind (class / dict of class)
  1223      3 100      180 100 188704644 104835913 zmq.constants.ReconnectStopPartition of a set of 2 objects. Total size = 176 bytes.
 Index  Count   %     Size   % Cumulative  % Kind (class / dict of class)
  1224      2 100      176 100 188704820 107218648 ValueErrorPartition of a set of 2 objects. Total size = 176 bytes.
 Index  Count   %     Size   % Cumulative  % Kind (class / dict of class)
  1225      2 100      176 100 188704996 107218748 codecs.CodecInfoPartition of a set of 1 object. Total size = 176 bytes.
 Index  Count   %     Size   % Cumulative  % Kind (class / dict of class)
  1226      1 100      176 100 188705172 107218848 dash.dash_table.Format.prefixPartition of a set of 2 objects. Total size = 176 bytes.
 Index  Count   %     Size   % Cumulative  % Kind (class / dict of class)
  1227      2 100      176 100 188705348 107218948 pandas.util.version._VersionPartition of a set of 2 objects. Total size = 176 bytes.
 Index  Count   %     Size   % Cumulative  % Kind (class / dict of class)
  1228      2 100      176 100 188705524 107219048 pyarrow.lib.IpcWriteOptionsPartition of a set of 2 objects. Total size = 176 bytes.
 Index  Count   %     Size   % Cumulative  % Kind (class / dict of class)
  1229      2 100      176 100 188705700 107219148 ssl.PurposePartition of a set of 3 objects. Total size = 168 bytes.
 Index  Count   %     Size   % Cumulative  % Kind (class / dict of class)
  1230      3 100      168 100 188705868 112324921 ast.AssignPartition of a set of 3 objects. Total size = 168 bytes.
 Index  Count   %     Size   % Cumulative  % Kind (class / dict of class)
  1231      3 100      168 100 188706036 112325021 ast.ConstantPartition of a set of 1 object. Total size = 164 bytes.
 Index  Count   %     Size   % Cumulative  % Kind (class / dict of class)
  1232      1 100      164 100 188706200 115064756 pandas.core.indexes.range.RangeIndexPartition of a set of 2 objects. Total size = 160 bytes.
 Index  Count   %     Size   % Cumulative  % Kind (class / dict of class)
  1233      2 100      160 100 188706360 117941475 _thread._localPartition of a set of 2 objects. Total size = 160 bytes.
 Index  Count   %     Size   % Cumulative  % Kind (class / dict of class)
  1234      2 100      160 100 188706520 117941575 h5py.h5t.TypeReferenceIDPartition of a set of 2 objects. Total size = 160 bytes.
 Index  Count   %     Size   % Cumulative  % Kind (class / dict of class)
  1235      2 100      160 100 188706680 117941675 h5py.h5t.TypeStringIDPartition of a set of 2 objects. Total size = 160 bytes.
 Index  Count   %     Size   % Cumulative  % Kind (class / dict of class)
  1236      2 100      160 100 188706840 117941775 numexpr.utils.CacheDictPartition of a set of 1 object. Total size = 152 bytes.
 Index  Count   %     Size   % Cumulative  % Kind (class / dict of class)
  1237      1 100      152 100 188706992 124149337 dash.dash_table.Format.schemePartition of a set of 1 object. Total size = 152 bytes.
 Index  Count   %     Size   % Cumulative  % Kind (class / dict of class)
  1238      1 100      152 100 188707144 124149437 plotly.express._core.PxDefaultsPartition of a set of 6 objects. Total size = 150 bytes.
 Index  Count   %     Size   % Cumulative  % Kind (class / dict of class)
  1239      6 100      150 100 188707294 125804863 numpy.uint8Partition of a set of 3 objects. Total size = 144 bytes.
 Index  Count   %     Size   % Cumulative  % Kind (class / dict of class)
  1240      3 100      144 100 188707438 131046832 IPython.core.interactiveshell.SeparateUnicodePartition of a set of 3 objects. Total size = 144 bytes.
 Index  Count   %     Size   % Cumulative  % Kind (class / dict of class)
  1241      3 100      144 100 188707582 131046932 _sitebuiltins._PrinterPartition of a set of 3 objects. Total size = 144 bytes.
 Index  Count   %     Size   % Cumulative  % Kind (class / dict of class)
  1242      3 100      144 100 188707726 131047032 asyncio.constants._SendfileModePartition of a set of 3 objects. Total size = 144 bytes.
 Index  Count   %     Size   % Cumulative  % Kind (class / dict of class)
  1243      3 100      144 100 188707870 131047132 asyncio.runners._StatePartition of a set of 3 objects. Total size = 144 bytes.
 Index  Count   %     Size   % Cumulative  % Kind (class / dict of class)
  1244      3 100      144 100 188708014 131047232 click.core.CommandPartition of a set of 3 objects. Total size = 144 bytes.
 Index  Count   %     Size   % Cumulative  % Kind (class / dict of class)
  1245      3 100      144 100 188708158 131047332 click.types.PathPartition of a set of 3 objects. Total size = 144 bytes.
 Index  Count   %     Size   % Cumulative  % Kind (class / dict of class)
  1246      3 100      144 100 188708302 131047432 dash.dcc.Input.InputPartition of a set of 3 objects. Total size = 144 bytes.
 Index  Count   %     Size   % Cumulative  % Kind (class / dict of class)
  1247      3 100      144 100 188708446 131047532 dash.dependencies._WildcardPartition of a set of 3 objects. Total size = 144 bytes.
 Index  Count   %     Size   % Cumulative  % Kind (class / dict of class)
  1248      3 100      144 100 188708590 131047632 dash.html.Button.ButtonPartition of a set of 3 objects. Total size = 144 bytes.
 Index  Count   %     Size   % Cumulative  % Kind (class / dict of class)
  1249      3 100      144 100 188708734 131047732 dash.html.Img.ImgPartition of a set of 3 objects. Total size = 144 bytes.
 Index  Count   %     Size   % Cumulative  % Kind (class / dict of class)
  1250      3 100      144 100 188708878 131047832 dataclasses._FIELD_BASEPartition of a set of 3 objects. Total size = 144 bytes.
 Index  Count   %     Size   % Cumulative  % Kind (class / dict of class)
  1251      3 100      144 100 188709022 131047932 flask.config.ConfigAttributePartition of a set of 3 objects. Total size = 144 bytes.
 Index  Count   %     Size   % Cumulative  % Kind (class / dict of class)
  1252      3 100      144 100 188709166 131048032 h5py._hl.base.cached_propertyPartition of a set of 3 objects. Total size = 144 bytes.
 Index  Count   %     Size   % Cumulative  % Kind (class / dict of class)
  1253      3 100      144 100 188709310 131048132 jedi.inference.compiled.value.CheckAttributePartition of a set of 3 objects. Total size = 144 bytes.
 Index  Count   %     Size   % Cumulative  % Kind (class / dict of class)
  1254      3 100      144 100 188709454 131048232 jedi.inference.flow_analysis.StatusPartition of a set of 3 objects. Total size = 144 bytes.
 Index  Count   %     Size   % Cumulative  % Kind (class / dict of class)
  1255      3 100      144 100 188709598 131048332 jinja2.utils._PassArgPartition of a set of 3 objects. Total size = 144 bytes.
 Index  Count   %     Size   % Cumulative  % Kind (class / dict of class)
  1256      3 100      144 100 188709742 131048432 logging.FormatterPartition of a set of 3 objects. Total size = 144 bytes.
 Index  Count   %     Size   % Cumulative  % Kind (class / dict of class)
  1257      3 100      144 100 188709886 131048532 logging.NullHandlerPartition of a set of 3 objects. Total size = 144 bytes.
 Index  Count   %     Size   % Cumulative  % Kind (class / dict of class)
  1258      3 100      144 100 188710030 131048632 logging.PercentStylePartition of a set of 3 objects. Total size = 144 bytes.
 Index  Count   %     Size   % Cumulative  % Kind (class / dict of class)
  1259      3 100      144 100 188710174 131048732 logging.StreamHandlerPartition of a set of 3 objects. Total size = 144 bytes.
 Index  Count   %     Size   % Cumulative  % Kind (class / dict of class)
  1260      3 100      144 100 188710318 131048832 matplotlib.pyplot._ReplDisplayHookPartition of a set of 3 objects. Total size = 144 bytes.
 Index  Count   %     Size   % Cumulative  % Kind (class / dict of class)
  1261      3 100      144 100 188710462 131048932 numpy._CopyModePartition of a set of 3 objects. Total size = 144 bytes.
 Index  Count   %     Size   % Cumulative  % Kind (class / dict of class)
  1262      3 100      144 100 188710606 131049032 numpy.finfoPartition of a set of 3 objects. Total size = 144 bytes.
 Index  Count   %     Size   % Cumulative  % Kind (class / dict of class)
  1263      3 100      144 100 188710750 131049132 numpy.iinfoPartition of a set of 3 objects. Total size = 144 bytes.
 Index  Count   %     Size   % Cumulative  % Kind (class / dict of class)
  1264      3 100      144 100 188710894 131049232 numpy.ma.core._DomainCheckIntervalPartition of a set of 3 objects. Total size = 144 bytes.
 Index  Count   %     Size   % Cumulative  % Kind (class / dict of class)
  1265      3 100      144 100 188711038 131049332 numpy.ma.core._DomainGreaterPartition of a set of 3 objects. Total size = 144 bytes.
 Index  Count   %     Size   % Cumulative  % Kind (class / dict of class)
  1266      3 100      144 100 188711182 131049432 numpy.ma.extras._fromnxfunction_allargsPartition of a set of 3 objects. Total size = 144 bytes.
 Index  Count   %     Size   % Cumulative  % Kind (class / dict of class)
  1267      3 100      144 100 188711326 131049532 pandas._libs.internals.BlockValuesRefsPartition of a set of 3 objects. Total size = 144 bytes.
 Index  Count   %     Size   % Cumulative  % Kind (class / dict of class)
  1268      3 100      144 100 188711470 131049632 pandas._libs.properties.AxisPropertyPartition of a set of 3 objects. Total size = 144 bytes.
 Index  Count   %     Size   % Cumulative  % Kind (class / dict of class)
  1269      3 100      144 100 188711614 131049732 pandas._libs.tslibs.timedeltas.MinMaxResoPartition of a set of 3 objects. Total size = 144 bytes.
 Index  Count   %     Size   % Cumulative  % Kind (class / dict of class)
  1270      3 100      144 100 188711758 131049832 pandas._libs.tslibs.timestamps.MinMaxResoPartition of a set of 2 objects. Total size = 144 bytes.
 Index  Count   %     Size   % Cumulative  % Kind (class / dict of class)
  1271      2 100      144 100 188711902 131049932 pandas.core.indexes.frozen.FrozenListPartition of a set of 3 objects. Total size = 144 bytes.
 Index  Count   %     Size   % Cumulative  % Kind (class / dict of class)
  1272      3 100      144 100 188712046 131050032 pandas.io.parsers.base_parser.BadLineHandleMethodPartition of a set of 3 objects. Total size = 144 bytes.
 Index  Count   %     Size   % Cumulative  % Kind (class / dict of class)
  1273      3 100      144 100 188712190 131050132 prompt_toolkit.buffer.ValidationStatePartition of a set of 3 objects. Total size = 144 bytes.
 Index  Count   %     Size   % Cumulative  % Kind (class / dict of class)
  1274      3 100      144 100 188712334 131050232 prompt_toolkit.layout.containers.WindowAlignPartition of a set of 3 objects. Total size = 144 bytes.
 Index  Count   %     Size   % Cumulative  % Kind (class / dict of class)
  1275      3 100      144 100 188712478 131050332 prompt_toolkit.mouse_events.MouseModifierPartition of a set of 3 objects. Total size = 144 bytes.
 Index  Count   %     Size   % Cumulative  % Kind (class / dict of class)
  1276      3 100      144 100 188712622 131050432 prompt_toolkit.renderer.CPR_SupportPartition of a set of 3 objects. Total size = 144 bytes.
 Index  Count   %     Size   % Cumulative  % Kind (class / dict of class)
  1277      3 100      144 100 188712766 131050532 prompt_toolkit.selection.PasteModePartition of a set of 3 objects. Total size = 144 bytes.
 Index  Count   %     Size   % Cumulative  % Kind (class / dict of class)
  1278      3 100      144 100 188712910 131050632 prompt_toolkit.selection.SelectionTypePartition of a set of 2 objects. Total size = 144 bytes.
 Index  Count   %     Size   % Cumulative  % Kind (class / dict of class)
  1279      2 100      144 100 188713054 131050732 pyarrow.lib.Time32TypePartition of a set of 2 objects. Total size = 144 bytes.
 Index  Count   %     Size   % Cumulative  % Kind (class / dict of class)
  1280      2 100      144 100 188713198 131050832 pyarrow.lib.Time64TypePartition of a set of 3 objects. Total size = 144 bytes.
 Index  Count   %     Size   % Cumulative  % Kind (class / dict of class)
  1281      3 100      144 100 188713342 131050932 pyparsing.core.EmptyPartition of a set of 3 objects. Total size = 144 bytes.
 Index  Count   %     Size   % Cumulative  % Kind (class / dict of class)
  1282      3 100      144 100 188713486 131051032 pyparsing.core.LineEndPartition of a set of 3 objects. Total size = 144 bytes.
 Index  Count   %     Size   % Cumulative  % Kind (class / dict of class)
  1283      3 100      144 100 188713630 131051132 pyparsing.core.NotAnyPartition of a set of 3 objects. Total size = 144 bytes.
 Index  Count   %     Size   % Cumulative  % Kind (class / dict of class)
  1284      3 100      144 100 188713774 131051232 pyparsing.core.OrPartition of a set of 2 objects. Total size = 144 bytes.
 Index  Count   %     Size   % Cumulative  % Kind (class / dict of class)
  1285      2 100      144 100 188713918 131051332 ssl._ASN1ObjectPartition of a set of 3 objects. Total size = 144 bytes.
 Index  Count   %     Size   % Cumulative  % Kind (class / dict of class)
  1286      3 100      144 100 188714062 131051432 stack_data.core.BlankLinesPartition of a set of 3 objects. Total size = 144 bytes.
 Index  Count   %     Size   % Cumulative  % Kind (class / dict of class)
  1287      3 100      144 100 188714206 131051532 threading.ConditionPartition of a set of 3 objects. Total size = 144 bytes.
 Index  Count   %     Size   % Cumulative  % Kind (class / dict of class)
  1288      3 100      144 100 188714350 131051632 threading.EventPartition of a set of 3 objects. Total size = 144 bytes.
 Index  Count   %     Size   % Cumulative  % Kind (class / dict of class)
  1289      3 100      144 100 188714494 131051732 traitlets.traitlets.CBoolPartition of a set of 3 objects. Total size = 144 bytes.
 Index  Count   %     Size   % Cumulative  % Kind (class / dict of class)
  1290      3 100      144 100 188714638 131051832 traitlets.traitlets.UnionPartition of a set of 3 objects. Total size = 144 bytes.
 Index  Count   %     Size   % Cumulative  % Kind (class / dict of class)
  1291      3 100      144 100 188714782 131051932 traitlets.traitlets.ValidateHandlerPartition of a set of 3 objects. Total size = 144 bytes.
 Index  Count   %     Size   % Cumulative  % Kind (class / dict of class)
  1292      3 100      144 100 188714926 131052032 uuid.SafeUUIDPartition of a set of 3 objects. Total size = 144 bytes.
 Index  Count   %     Size   % Cumulative  % Kind (class / dict of class)
  1293      3 100      144 100 188715070 131052132 werkzeug.http.COOPPartition of a set of 3 objects. Total size = 144 bytes.
 Index  Count   %     Size   % Cumulative  % Kind (class / dict of class)
  1294      3 100      144 100 188715214 131052232 xarray.backends.locks.SerializableLockPartition of a set of 1 object. Total size = 128 bytes.
 Index  Count   %     Size   % Cumulative  % Kind (class / dict of class)
  1295      1 100      128 100 188715342 147433861 _frozen_importlib.BuildInfoPartition of a set of 4 objects. Total size = 128 bytes.
 Index  Count   %     Size   % Cumulative  % Kind (class / dict of class)
  1296      4 100      128 100 188715470 147433961 _thread._localdummyPartition of a set of 1 object. Total size = 128 bytes.
 Index  Count   %     Size   % Cumulative  % Kind (class / dict of class)
  1297      1 100      128 100 188715598 147434061 dict of memory_profiler.LineProfilerPartition of a set of 1 object. Total size = 128 bytes.
 Index  Count   %     Size   % Cumulative  % Kind (class / dict of class)
  1298      1 100      128 100 188715726 147434161 numpy.ma.core.MaskedConstantPartition of a set of 1 object. Total size = 128 bytes.
 Index  Count   %     Size   % Cumulative  % Kind (class / dict of class)
  1299      1 100      128 100 188715854 147434261 sys.float_infoPartition of a set of 2 objects. Total size = 120 bytes.
 Index  Count   %     Size   % Cumulative  % Kind (class / dict of class)
  1300      2 100      120 100 188715974 157263312 PIL.Image.PalettePartition of a set of 2 objects. Total size = 120 bytes.
 Index  Count   %     Size   % Cumulative  % Kind (class / dict of class)
  1301      2 100      120 100 188716094 157263412 PIL.PngImagePlugin.BlendPartition of a set of 3 objects. Total size = 120 bytes.
 Index  Count   %     Size   % Cumulative  % Kind (class / dict of class)
  1302      3 100      120 100 188716214 157263512 datetime.timePartition of a set of 2 objects. Total size = 120 bytes.
 Index  Count   %     Size   % Cumulative  % Kind (class / dict of class)
  1303      2 100      120 100 188716334 157263612 packaging._elffile.EIClassPartition of a set of 2 objects. Total size = 120 bytes.
 Index  Count   %     Size   % Cumulative  % Kind (class / dict of class)
  1304      2 100      120 100 188716454 157263712 packaging._elffile.EIDataPartition of a set of 3 objects. Total size = 120 bytes.
 Index  Count   %     Size   % Cumulative  % Kind (class / dict of class)
  1305      3 100      120 100 188716574 157263812
                                                   pandas._libs.tslibs.timedeltas.__pyx_scope_struct
                                                   ___op_unary_methodPartition of a set of 2 objects. Total size = 120 bytes.
 Index  Count   %     Size   % Cumulative  % Kind (class / dict of class)
  1306      2 100      120 100 188716694 157263912 psutil._common.BatteryTimePartition of a set of 3 objects. Total size = 120 bytes.
 Index  Count   %     Size   % Cumulative  % Kind (class / dict of class)
  1307      3 100      120 100 188716814 157264012
                                                   scipy.optimize._bglu_dense.__pyx_scope_struct___c
                                                   onsider_refactorPartition of a set of 2 objects. Total size = 120 bytes.
 Index  Count   %     Size   % Cumulative  % Kind (class / dict of class)
  1308      2 100      120 100 188716934 157264112 signal.HandlersPartition of a set of 2 objects. Total size = 120 bytes.
 Index  Count   %     Size   % Cumulative  % Kind (class / dict of class)
  1309      2 100      120 100 188717054 157264212 zmq.constants.FlagPartition of a set of 1 object. Total size = 112 bytes.
 Index  Count   %     Size   % Cumulative  % Kind (class / dict of class)
  1310      1 100      112 100 188717166 168497470 sys.hash_infoPartition of a set of 1 object. Total size = 104 bytes.
 Index  Count   %     Size   % Cumulative  % Kind (class / dict of class)
  1311      1 100      104 100 188717270 181458913 decimal.DecimalPartition of a set of 1 object. Total size = 104 bytes.
 Index  Count   %     Size   % Cumulative  % Kind (class / dict of class)
  1312      1 100      104 100 188717374 181459013 h5py.h5.H5PYConfigPartition of a set of 1 object. Total size = 104 bytes.
 Index  Count   %     Size   % Cumulative  % Kind (class / dict of class)
  1313      1 100      104 100 188717478 181459113 simplejson._speedups.ScannerPartition of a set of 1 object. Total size = 104 bytes.
 Index  Count   %     Size   % Cumulative  % Kind (class / dict of class)
  1314      1 100      104 100 188717582 181459213 socket.socketPartition of a set of 1 object. Total size = 97 bytes.
 Index  Count   %     Size   % Cumulative  % Kind (class / dict of class)
  1315      1 100       97 100 188717679 194554308 multiprocessing.process.AuthenticationStringPartition of a set of 2 objects. Total size = 96 bytes.
 Index  Count   %     Size   % Cumulative  % Kind (class / dict of class)
  1316      2 100       96 100 188717775 196581016 IPython.core.guarded_eval.EvaluationPolicyPartition of a set of 2 objects. Total size = 96 bytes.
 Index  Count   %     Size   % Cumulative  % Kind (class / dict of class)
  1317      2 100       96 100 188717871 196581116 IPython.core.inputtransformer2.PromptStripperPartition of a set of 2 objects. Total size = 96 bytes.
 Index  Count   %     Size   % Cumulative  % Kind (class / dict of class)
  1318      2 100       96 100 188717967 196581216 _sitebuiltins.QuitterPartition of a set of 2 objects. Total size = 96 bytes.
 Index  Count   %     Size   % Cumulative  % Kind (class / dict of class)
  1319      2 100       96 100 188718063 196581316 _strptime.LocaleTimePartition of a set of 2 objects. Total size = 96 bytes.
 Index  Count   %     Size   % Cumulative  % Kind (class / dict of class)
  1320      2 100       96 100 188718159 196581416 argparse._StoreFalseActionPartition of a set of 1 object. Total size = 96 bytes.
 Index  Count   %     Size   % Cumulative  % Kind (class / dict of class)
  1321      1 100       96 100 188718255 196581516 asyncio.events._RunningLoopPartition of a set of 2 objects. Total size = 96 bytes.
 Index  Count   %     Size   % Cumulative  % Kind (class / dict of class)
  1322      2 100       96 100 188718351 196581616 blinker._utilities.lazy_propertyPartition of a set of 2 objects. Total size = 96 bytes.
 Index  Count   %     Size   % Cumulative  % Kind (class / dict of class)
  1323      2 100       96 100 188718447 196581716 calendar._localized_dayPartition of a set of 2 objects. Total size = 96 bytes.
 Index  Count   %     Size   % Cumulative  % Kind (class / dict of class)
  1324      2 100       96 100 188718543 196581816 calendar._localized_monthPartition of a set of 2 objects. Total size = 96 bytes.
 Index  Count   %     Size   % Cumulative  % Kind (class / dict of class)
  1325      2 100       96 100 188718639 196581916 cffi.model.PointerTypePartition of a set of 2 objects. Total size = 96 bytes.
 Index  Count   %     Size   % Cumulative  % Kind (class / dict of class)
  1326      2 100       96 100 188718735 196582016 ctypes.LibraryLoaderPartition of a set of 2 objects. Total size = 96 bytes.
 Index  Count   %     Size   % Cumulative  % Kind (class / dict of class)
  1327      2 100       96 100 188718831 196582116 dash.html.A.APartition of a set of 2 objects. Total size = 96 bytes.
 Index  Count   %     Size   % Cumulative  % Kind (class / dict of class)
  1328      2 100       96 100 188718927 196582216 dash.resources.ResourcesPartition of a set of 2 objects. Total size = 96 bytes.
 Index  Count   %     Size   % Cumulative  % Kind (class / dict of class)
  1329      2 100       96 100 188719023 196582316 dash.resources._ConfigPartition of a set of 2 objects. Total size = 96 bytes.
 Index  Count   %     Size   % Cumulative  % Kind (class / dict of class)
  1330      2 100       96 100 188719119 196582416
                                                   dash_bootstrap_components._components.RadioItems.
                                                   RadioItemsPartition of a set of 3 objects. Total size = 96 bytes.
 Index  Count   %     Size   % Cumulative  % Kind (class / dict of class)
  1331      3 100       96 100 188719215 196582516 datetime.timezonePartition of a set of 1 object. Total size = 96 bytes.
 Index  Count   %     Size   % Cumulative  % Kind (class / dict of class)
  1332      1 100       96 100 188719311 196582616 dict of matplotlib.artist.ArtistInspectorPartition of a set of 2 objects. Total size = 96 bytes.
 Index  Count   %     Size   % Cumulative  % Kind (class / dict of class)
  1333      2 100       96 100 188719407 196582716 email.charset.CharsetPartition of a set of 2 objects. Total size = 96 bytes.
 Index  Count   %     Size   % Cumulative  % Kind (class / dict of class)
  1334      2 100       96 100 188719503 196582816 encodings.idna.CodecPartition of a set of 2 objects. Total size = 96 bytes.
 Index  Count   %     Size   % Cumulative  % Kind (class / dict of class)
  1335      2 100       96 100 188719599 196582916 flask.cli.AppGroupPartition of a set of 2 objects. Total size = 96 bytes.
 Index  Count   %     Size   % Cumulative  % Kind (class / dict of class)
  1336      2 100       96 100 188719695 196583016 flask.cli.SeparatedPathTypePartition of a set of 2 objects. Total size = 96 bytes.
 Index  Count   %     Size   % Cumulative  % Kind (class / dict of class)
  1337      2 100       96 100 188719791 196583116 guppy.etc.Descriptor.property_nondataPartition of a set of 2 objects. Total size = 96 bytes.
 Index  Count   %     Size   % Cumulative  % Kind (class / dict of class)
  1338      2 100       96 100 188719887 196583216 importlib.metadata.ContextPartition of a set of 2 objects. Total size = 96 bytes.
 Index  Count   %     Size   % Cumulative  % Kind (class / dict of class)
  1339      2 100       96 100 188719983 196583316 importlib_metadata.ContextPartition of a set of 1 object. Total size = 96 bytes.
 Index  Count   %     Size   % Cumulative  % Kind (class / dict of class)
  1340      1 100       96 100 188720079 196583416 inspect.FullArgSpecPartition of a set of 2 objects. Total size = 96 bytes.
 Index  Count   %     Size   % Cumulative  % Kind (class / dict of class)
  1341      2 100       96 100 188720175 196583516 jinja2.utils.LRUCachePartition of a set of 2 objects. Total size = 96 bytes.
 Index  Count   %     Size   % Cumulative  % Kind (class / dict of class)
  1342      2 100       96 100 188720271 196583616 matplotlib._api.classpropertyPartition of a set of 1 object. Total size = 96 bytes.
 Index  Count   %     Size   % Cumulative  % Kind (class / dict of class)
  1343      1 100       96 100 188720367 196583716 matplotlib._api.deprecation._deprecated_propertyPartition of a set of 1 object. Total size = 96 bytes.
 Index  Count   %     Size   % Cumulative  % Kind (class / dict of class)
  1344      1 100       96 100 188720463 196583816 matplotlib._api.deprecation._deprecated_propertyPartition of a set of 1 object. Total size = 96 bytes.
 Index  Count   %     Size   % Cumulative  % Kind (class / dict of class)
  1345      1 100       96 100 188720559 196583916 matplotlib._api.deprecation._deprecated_propertyPartition of a set of 1 object. Total size = 96 bytes.
 Index  Count   %     Size   % Cumulative  % Kind (class / dict of class)
  1346      1 100       96 100 188720655 196584016 matplotlib._api.deprecation._deprecated_propertyPartition of a set of 1 object. Total size = 96 bytes.
 Index  Count   %     Size   % Cumulative  % Kind (class / dict of class)
  1347      1 100       96 100 188720751 196584116 matplotlib._api.deprecation._deprecated_propertyPartition of a set of 1 object. Total size = 96 bytes.
 Index  Count   %     Size   % Cumulative  % Kind (class / dict of class)
  1348      1 100       96 100 188720847 196584216 matplotlib._api.deprecation._deprecated_propertyPartition of a set of 1 object. Total size = 96 bytes.
 Index  Count   %     Size   % Cumulative  % Kind (class / dict of class)
  1349      1 100       96 100 188720943 196584316 matplotlib._api.deprecation._deprecated_propertyPartition of a set of 1 object. Total size = 96 bytes.
 Index  Count   %     Size   % Cumulative  % Kind (class / dict of class)
  1350      1 100       96 100 188721039 196584416 matplotlib._api.deprecation._deprecated_propertyPartition of a set of 1 object. Total size = 96 bytes.
 Index  Count   %     Size   % Cumulative  % Kind (class / dict of class)
  1351      1 100       96 100 188721135 196584516 matplotlib._api.deprecation._deprecated_propertyPartition of a set of 1 object. Total size = 96 bytes.
 Index  Count   %     Size   % Cumulative  % Kind (class / dict of class)
  1352      1 100       96 100 188721231 196584616 matplotlib._api.deprecation._deprecated_propertyPartition of a set of 1 object. Total size = 96 bytes.
 Index  Count   %     Size   % Cumulative  % Kind (class / dict of class)
  1353      1 100       96 100 188721327 196584716 matplotlib._api.deprecation._deprecated_propertyPartition of a set of 1 object. Total size = 96 bytes.
 Index  Count   %     Size   % Cumulative  % Kind (class / dict of class)
  1354      1 100       96 100 188721423 196584816 matplotlib._api.deprecation._deprecated_propertyPartition of a set of 1 object. Total size = 96 bytes.
 Index  Count   %     Size   % Cumulative  % Kind (class / dict of class)
  1355      1 100       96 100 188721519 196584916 matplotlib._api.deprecation._deprecated_propertyPartition of a set of 1 object. Total size = 96 bytes.
 Index  Count   %     Size   % Cumulative  % Kind (class / dict of class)
  1356      1 100       96 100 188721615 196585016 matplotlib._api.deprecation._deprecated_propertyPartition of a set of 1 object. Total size = 96 bytes.
 Index  Count   %     Size   % Cumulative  % Kind (class / dict of class)
  1357      1 100       96 100 188721711 196585116 matplotlib._api.deprecation._deprecated_propertyPartition of a set of 1 object. Total size = 96 bytes.
 Index  Count   %     Size   % Cumulative  % Kind (class / dict of class)
  1358      1 100       96 100 188721807 196585216 matplotlib._api.deprecation._deprecated_propertyPartition of a set of 1 object. Total size = 96 bytes.
 Index  Count   %     Size   % Cumulative  % Kind (class / dict of class)
  1359      1 100       96 100 188721903 196585316 matplotlib._api.deprecation._deprecated_propertyPartition of a set of 1 object. Total size = 96 bytes.
 Index  Count   %     Size   % Cumulative  % Kind (class / dict of class)
  1360      1 100       96 100 188721999 196585416 matplotlib._api.deprecation._deprecated_propertyPartition of a set of 1 object. Total size = 96 bytes.
 Index  Count   %     Size   % Cumulative  % Kind (class / dict of class)
  1361      1 100       96 100 188722095 196585516 matplotlib._api.deprecation._deprecated_propertyPartition of a set of 1 object. Total size = 96 bytes.
 Index  Count   %     Size   % Cumulative  % Kind (class / dict of class)
  1362      1 100       96 100 188722191 196585616 matplotlib._api.deprecation._deprecated_propertyPartition of a set of 1 object. Total size = 96 bytes.
 Index  Count   %     Size   % Cumulative  % Kind (class / dict of class)
  1363      1 100       96 100 188722287 196585716 matplotlib._api.deprecation._deprecated_propertyPartition of a set of 1 object. Total size = 96 bytes.
 Index  Count   %     Size   % Cumulative  % Kind (class / dict of class)
  1364      1 100       96 100 188722383 196585816 matplotlib._api.deprecation._deprecated_propertyPartition of a set of 1 object. Total size = 96 bytes.
 Index  Count   %     Size   % Cumulative  % Kind (class / dict of class)
  1365      1 100       96 100 188722479 196585916 matplotlib._api.deprecation._deprecated_propertyPartition of a set of 2 objects. Total size = 96 bytes.
 Index  Count   %     Size   % Cumulative  % Kind (class / dict of class)
  1366      2 100       96 100 188722575 196586016 matplotlib.axis._LazyTickListPartition of a set of 2 objects. Total size = 96 bytes.
 Index  Count   %     Size   % Cumulative  % Kind (class / dict of class)
  1367      2 100       96 100 188722671 196586116 matplotlib.legend_handler.HandlerPatchPartition of a set of 1 object. Total size = 96 bytes.
 Index  Count   %     Size   % Cumulative  % Kind (class / dict of class)
  1368      1 100       96 100 188722767 196586216 numexpr.expressions.ContextPartition of a set of 2 objects. Total size = 96 bytes.
 Index  Count   %     Size   % Cumulative  % Kind (class / dict of class)
  1369      2 100       96 100 188722863 196586316 numpy.__config__.DisplayModesPartition of a set of 1 object. Total size = 96 bytes.
 Index  Count   %     Size   % Cumulative  % Kind (class / dict of class)
  1370      1 100       96 100 188722959 196586416 numpy.dtypes.BoolDTypePartition of a set of 1 object. Total size = 96 bytes.
 Index  Count   %     Size   % Cumulative  % Kind (class / dict of class)
  1371      1 100       96 100 188723055 196586516 numpy.dtypes.Complex128DTypePartition of a set of 1 object. Total size = 96 bytes.
 Index  Count   %     Size   % Cumulative  % Kind (class / dict of class)
  1372      1 100       96 100 188723151 196586616 numpy.dtypes.Complex64DTypePartition of a set of 1 object. Total size = 96 bytes.
 Index  Count   %     Size   % Cumulative  % Kind (class / dict of class)
  1373      1 100       96 100 188723247 196586716 numpy.dtypes.Float16DTypePartition of a set of 2 objects. Total size = 96 bytes.
 Index  Count   %     Size   % Cumulative  % Kind (class / dict of class)
  1374      2 100       96 100 188723343 196586816 numpy.errstatePartition of a set of 2 objects. Total size = 96 bytes.
 Index  Count   %     Size   % Cumulative  % Kind (class / dict of class)
  1375      2 100       96 100 188723439 196586916 numpy.lib.index_tricks.IndexExpressionPartition of a set of 3 objects. Total size = 96 bytes.
 Index  Count   %     Size   % Cumulative  % Kind (class / dict of class)
  1376      3 100       96 100 188723535 196587016 numpy.longdoublePartition of a set of 3 objects. Total size = 96 bytes.
 Index  Count   %     Size   % Cumulative  % Kind (class / dict of class)
  1377      3 100       96 100 188723631 196587116 numpy.longlongPartition of a set of 2 objects. Total size = 96 bytes.
 Index  Count   %     Size   % Cumulative  % Kind (class / dict of class)
  1378      2 100       96 100 188723727 196587216 numpy.ma.core._DomainGreaterEqualPartition of a set of 2 objects. Total size = 96 bytes.
 Index  Count   %     Size   % Cumulative  % Kind (class / dict of class)
  1379      2 100       96 100 188723823 196587316 numpy.ma.core._extrema_operationPartition of a set of 2 objects. Total size = 96 bytes.
 Index  Count   %     Size   % Cumulative  % Kind (class / dict of class)
  1380      2 100       96 100 188723919 196587416 numpy.ma.extras._fromnxfunction_singlePartition of a set of 2 objects. Total size = 96 bytes.
 Index  Count   %     Size   % Cumulative  % Kind (class / dict of class)
  1381      2 100       96 100 188724015 196587516 os._EnvironPartition of a set of 1 object. Total size = 96 bytes.
 Index  Count   %     Size   % Cumulative  % Kind (class / dict of class)
  1382      1 100       96 100 188724111 196587616 pandas.core.internals.managers.BlockManagerPartition of a set of 2 objects. Total size = 96 bytes.
 Index  Count   %     Size   % Cumulative  % Kind (class / dict of class)
  1383      2 100       96 100 188724207 196587716 pandas.util.version.VersionPartition of a set of 1 object. Total size = 96 bytes.
 Index  Count   %     Size   % Cumulative  % Kind (class / dict of class)
  1384      1 100       96 100 188724303 196587816 platform.uname_resultPartition of a set of 2 objects. Total size = 96 bytes.
 Index  Count   %     Size   % Cumulative  % Kind (class / dict of class)
  1385      2 100       96 100 188724399 196587916 plistlib.PlistFormatPartition of a set of 2 objects. Total size = 96 bytes.
 Index  Count   %     Size   % Cumulative  % Kind (class / dict of class)
  1386      2 100       96 100 188724495 196588016 prompt_toolkit.enums.EditingModePartition of a set of 2 objects. Total size = 96 bytes.
 Index  Count   %     Size   % Cumulative  % Kind (class / dict of class)
  1387      2 100       96 100 188724591 196588116 prompt_toolkit.filters.base.AlwaysPartition of a set of 2 objects. Total size = 96 bytes.
 Index  Count   %     Size   % Cumulative  % Kind (class / dict of class)
  1388      2 100       96 100 188724687 196588216 prompt_toolkit.filters.base.NeverPartition of a set of 2 objects. Total size = 96 bytes.
 Index  Count   %     Size   % Cumulative  % Kind (class / dict of class)
  1389      2 100       96 100 188724783 196588316 prompt_toolkit.filters.base._OrListPartition of a set of 2 objects. Total size = 96 bytes.
 Index  Count   %     Size   % Cumulative  % Kind (class / dict of class)
  1390      2 100       96 100 188724879 196588416 prompt_toolkit.output.vt100._16ColorCachePartition of a set of 2 objects. Total size = 96 bytes.
 Index  Count   %     Size   % Cumulative  % Kind (class / dict of class)
  1391      2 100       96 100 188724975 196588516 prompt_toolkit.search.SearchDirectionPartition of a set of 2 objects. Total size = 96 bytes.
 Index  Count   %     Size   % Cumulative  % Kind (class / dict of class)
  1392      2 100       96 100 188725071 196588616 prompt_toolkit.styles.style.PriorityPartition of a set of 2 objects. Total size = 96 bytes.
 Index  Count   %     Size   % Cumulative  % Kind (class / dict of class)
  1393      2 100       96 100 188725167 196588716 pyparsing.core.OneOrMorePartition of a set of 2 objects. Total size = 96 bytes.
 Index  Count   %     Size   % Cumulative  % Kind (class / dict of class)
  1394      2 100       96 100 188725263 196588816 pyparsing.core.StringEndPartition of a set of 2 objects. Total size = 96 bytes.
 Index  Count   %     Size   % Cumulative  % Kind (class / dict of class)
  1395      2 100       96 100 188725359 196588916 pyparsing.helpers.OpAssocPartition of a set of 2 objects. Total size = 96 bytes.
 Index  Count   %     Size   % Cumulative  % Kind (class / dict of class)
  1396      2 100       96 100 188725455 196589016 scipy.__config__.DisplayModesPartition of a set of 2 objects. Total size = 96 bytes.
 Index  Count   %     Size   % Cumulative  % Kind (class / dict of class)
  1397      2 100       96 100 188725551 196589116 tornado.gen._NullFuturePartition of a set of 1 object. Total size = 96 bytes.
 Index  Count   %     Size   % Cumulative  % Kind (class / dict of class)
  1398      1 100       96 100 188725647 196589216 traceback.FrameSummaryPartition of a set of 2 objects. Total size = 96 bytes.
 Index  Count   %     Size   % Cumulative  % Kind (class / dict of class)
  1399      2 100       96 100 188725743 196589316 traitlets.traitlets.CBytesPartition of a set of 2 objects. Total size = 96 bytes.
 Index  Count   %     Size   % Cumulative  % Kind (class / dict of class)
  1400      2 100       96 100 188725839 196589416 traitlets.traitlets.CRegExpPartition of a set of 2 objects. Total size = 96 bytes.
 Index  Count   %     Size   % Cumulative  % Kind (class / dict of class)
  1401      2 100       96 100 188725935 196589516 traitlets.traitlets.CUnicodePartition of a set of 2 objects. Total size = 96 bytes.
 Index  Count   %     Size   % Cumulative  % Kind (class / dict of class)
  1402      2 100       96 100 188726031 196589616 traitlets.traitlets.ForwardDeclaredInstancePartition of a set of 2 objects. Total size = 96 bytes.
 Index  Count   %     Size   % Cumulative  % Kind (class / dict of class)
  1403      2 100       96 100 188726127 196589716 traitlets.utils.sentinel.SentinelPartition of a set of 2 objects. Total size = 96 bytes.
 Index  Count   %     Size   % Cumulative  % Kind (class / dict of class)
  1404      2 100       96 100 188726223 196589816 types.UnionTypePartition of a set of 2 objects. Total size = 96 bytes.
 Index  Count   %     Size   % Cumulative  % Kind (class / dict of class)
  1405      2 100       96 100 188726319 196589916 werkzeug.exceptions.AborterPartition of a set of 2 objects. Total size = 96 bytes.
 Index  Count   %     Size   % Cumulative  % Kind (class / dict of class)
  1406      2 100       96 100 188726415 196590016 werkzeug.http.COEPPartition of a set of 2 objects. Total size = 96 bytes.
 Index  Count   %     Size   % Cumulative  % Kind (class / dict of class)
  1407      2 100       96 100 188726511 196590116 xarray.backends.locks.CombinedLockPartition of a set of 2 objects. Total size = 96 bytes.
 Index  Count   %     Size   % Cumulative  % Kind (class / dict of class)
  1408      2 100       96 100 188726607 196590216 zmq.sugar.tracker.MessageTrackerPartition of a set of 1 object. Total size = 88 bytes.
 Index  Count   %     Size   % Cumulative  % Kind (class / dict of class)
  1409      1 100       88 100 188726695 214462153 RuntimeErrorPartition of a set of 1 object. Total size = 88 bytes.
 Index  Count   %     Size   % Cumulative  % Kind (class / dict of class)
  1410      1 100       88 100 188726783 214462253 TypeErrorPartition of a set of 1 object. Total size = 88 bytes.
 Index  Count   %     Size   % Cumulative  % Kind (class / dict of class)
  1411      1 100       88 100 188726871 214462353 _json.ScannerPartition of a set of 1 object. Total size = 88 bytes.
 Index  Count   %     Size   % Cumulative  % Kind (class / dict of class)
  1412      1 100       88 100 188726959 214462453 dash._callback_context.FalsyListPartition of a set of 1 object. Total size = 88 bytes.
 Index  Count   %     Size   % Cumulative  % Kind (class / dict of class)
  1413      1 100       88 100 188727047 214462553 dateutil.tz.tz._ttinfoPartition of a set of 1 object. Total size = 88 bytes.
 Index  Count   %     Size   % Cumulative  % Kind (class / dict of class)
  1414      1 100       88 100 188727135 214462653 h5py.version._H5PY_VERSION_CLSPartition of a set of 1 object. Total size = 88 bytes.
 Index  Count   %     Size   % Cumulative  % Kind (class / dict of class)
  1415      1 100       88 100 188727223 214462753 pandas._libs.tslibs.nattype.NaTTypePartition of a set of 1 object. Total size = 80 bytes.
 Index  Count   %     Size   % Cumulative  % Kind (class / dict of class)
  1416      1 100       80 100 188727303 235909129 _io.BytesIOPartition of a set of 2 objects. Total size = 80 bytes.
 Index  Count   %     Size   % Cumulative  % Kind (class / dict of class)
  1417      2 100       80 100 188727383 235909229 builtins.fortranPartition of a set of 2 objects. Total size = 80 bytes.
 Index  Count   %     Size   % Cumulative  % Kind (class / dict of class)
  1418      2 100       80 100 188727463 235909329 builtins.fortranPartition of a set of 1 object. Total size = 80 bytes.
 Index  Count   %     Size   % Cumulative  % Kind (class / dict of class)
  1419      1 100       80 100 188727543 235909429 builtins.hamt_bitmap_nodePartition of a set of 1 object. Total size = 80 bytes.
 Index  Count   %     Size   % Cumulative  % Kind (class / dict of class)
  1420      1 100       80 100 188727623 235909529 dash.dash_table.Format.alignPartition of a set of 1 object. Total size = 80 bytes.
 Index  Count   %     Size   % Cumulative  % Kind (class / dict of class)
  1421      1 100       80 100 188727703 235909629 dash.dash_table.Format.sign