Heap Summary:
Partition of a set of 248734 objects. Total size = 35090652 bytes.
 Index  Count   %     Size   % Cumulative  % Kind (class / dict of class)
     0 248734 100 35090652 100  35090652 100 strPartition of a set of 50890 objects. Total size = 20374104 bytes.
 Index  Count   %     Size   % Cumulative  % Kind (class / dict of class)
     1  50890 100 20374104 100  55464756 272 types.CodeTypePartition of a set of 324 objects. Total size = 20294802 bytes.
 Index  Count   %     Size   % Cumulative  % Kind (class / dict of class)
     2    324 100 20294802 100  75759558 373 numpy.ndarrayPartition of a set of 182888 objects. Total size = 14081784 bytes.
 Index  Count   %     Size   % Cumulative  % Kind (class / dict of class)
     3 182888 100 14081784 100  89841342 638 tuplePartition of a set of 104168 objects. Total size = 8829839 bytes.
 Index  Count   %     Size   % Cumulative  % Kind (class / dict of class)
     4 104168 100  8829839 100  98671181 1117 bytesPartition of a set of 48056 objects. Total size = 7688960 bytes.
 Index  Count   %     Size   % Cumulative  % Kind (class / dict of class)
     5  48056 100  7688960 100 106360141 1383 functionPartition of a set of 5558 objects. Total size = 7359648 bytes.
 Index  Count   %     Size   % Cumulative  % Kind (class / dict of class)
     6   5558 100  7359648 100 113719789 1545 typePartition of a set of 13941 objects. Total size = 4005104 bytes.
 Index  Count   %     Size   % Cumulative  % Kind (class / dict of class)
     7  13941 100  4005104 100 117724893 2939 dict (no owner)Partition of a set of 2535 objects. Total size = 2569872 bytes.
 Index  Count   %     Size   % Cumulative  % Kind (class / dict of class)
     8   2535 100  2569872 100 120294765 4681 dict of modulePartition of a set of 5413 objects. Total size = 2074896 bytes.
 Index  Count   %     Size   % Cumulative  % Kind (class / dict of class)
     9   5413 100  2074896 100 122369661 5898 dict of typePartition of a set of 1960 objects. Total size = 1646784 bytes.
 Index  Count   %     Size   % Cumulative  % Kind (class / dict of class)
    10   1960 100  1646784 100 124016445 7531 setPartition of a set of 14895 objects. Total size = 1624656 bytes.
 Index  Count   %     Size   % Cumulative  % Kind (class / dict of class)
    11  14895 100  1624656 100 125641101 7733 listPartition of a set of 11956 objects. Total size = 956480 bytes.
 Index  Count   %     Size   % Cumulative  % Kind (class / dict of class)
    12  11956 100   956480 100 126597581 13236 weakref.ReferenceTypePartition of a set of 805 objects. Total size = 898072 bytes.
 Index  Count   %     Size   % Cumulative  % Kind (class / dict of class)
    13    805 100   898072 100 127495653 14197 collections.OrderedDictPartition of a set of 555 objects. Total size = 886584 bytes.
 Index  Count   %     Size   % Cumulative  % Kind (class / dict of class)
    14    555 100   886584 100 128382237 14481 abc.ABCMetaPartition of a set of 10507 objects. Total size = 672448 bytes.
 Index  Count   %     Size   % Cumulative  % Kind (class / dict of class)
    15  10507 100   672448 100 129054685 19192 inspect.ParameterPartition of a set of 4476 objects. Total size = 657288 bytes.
 Index  Count   %     Size   % Cumulative  % Kind (class / dict of class)
    16   4476 100   657288 100 129711973 19734 dict of functionPartition of a set of 19690 objects. Total size = 594356 bytes.
 Index  Count   %     Size   % Cumulative  % Kind (class / dict of class)
    17  19690 100   594356 100 130306329 21924 intPartition of a set of 7438 objects. Total size = 535536 bytes.
 Index  Count   %     Size   % Cumulative  % Kind (class / dict of class)
    18   7438 100   535536 100 130841865 24432 types.BuiltinMethodTypePartition of a set of 10408 objects. Total size = 416320 bytes.
 Index  Count   %     Size   % Cumulative  % Kind (class / dict of class)
    19  10408 100   416320 100 131258185 31528 types.CellTypePartition of a set of 236 objects. Total size = 402144 bytes.
 Index  Count   %     Size   % Cumulative  % Kind (class / dict of class)
    20    236 100   402144 100 131660329 32740 dash.development.base_component.ComponentMetaPartition of a set of 1233 objects. Total size = 400984 bytes.
 Index  Count   %     Size   % Cumulative  % Kind (class / dict of class)
    21   1233 100   400984 100 132061313 32934 frozensetPartition of a set of 2528 objects. Total size = 364032 bytes.
 Index  Count   %     Size   % Cumulative  % Kind (class / dict of class)
    22   2528 100   364032 100 132425345 36377 dict of _frozen_importlib.ModuleSpecPartition of a set of 5559 objects. Total size = 355776 bytes.
 Index  Count   %     Size   % Cumulative  % Kind (class / dict of class)
    23   5559 100   355776 100 132781121 37322 types.GetSetDescriptorTypePartition of a set of 13375 objects. Total size = 321000 bytes.
 Index  Count   %     Size   % Cumulative  % Kind (class / dict of class)
    24  13375 100   321000 100 133102121 41465 floatPartition of a set of 555 objects. Total size = 257320 bytes.
 Index  Count   %     Size   % Cumulative  % Kind (class / dict of class)
    25    555 100   257320 100 133359441 51826 dict of abc.ABCMetaPartition of a set of 3112 objects. Total size = 248960 bytes.
 Index  Count   %     Size   % Cumulative  % Kind (class / dict of class)
    26   3112 100   248960 100 133608401 53667 propertyPartition of a set of 3140 objects. Total size = 226080 bytes.
 Index  Count   %     Size   % Cumulative  % Kind (class / dict of class)
    27   3140 100   226080 100 133834481 59198 types.WrapperDescriptorTypePartition of a set of 131 objects. Total size = 223224 bytes.
 Index  Count   %     Size   % Cumulative  % Kind (class / dict of class)
    28    131 100   223224 100 134057705 60055 enum.EnumTypePartition of a set of 3015 objects. Total size = 217080 bytes.
 Index  Count   %     Size   % Cumulative  % Kind (class / dict of class)
    29   3015 100   217080 100 134274785 61855 types.MethodDescriptorTypePartition of a set of 500 objects. Total size = 202916 bytes.
 Index  Count   %     Size   % Cumulative  % Kind (class / dict of class)
    30    500 100   202916 100 134477701 66273 re.PatternPartition of a set of 2246 objects. Total size = 197648 bytes.
 Index  Count   %     Size   % Cumulative  % Kind (class / dict of class)
    31   2246 100   197648 100 134675349 68139 dict of _frozen_importlib_external.SourceFileLoaderPartition of a set of 889 objects. Total size = 184912 bytes.
 Index  Count   %     Size   % Cumulative  % Kind (class / dict of class)
    32    889 100   184912 100 134860261 72932 _cython_3_0_10.cython_function_or_methodPartition of a set of 15 objects. Total size = 182744 bytes.
 Index  Count   %     Size   % Cumulative  % Kind (class / dict of class)
    33     15 100   182744 100 135043005 73897 _io.BufferedWriterPartition of a set of 2535 objects. Total size = 182520 bytes.
 Index  Count   %     Size   % Cumulative  % Kind (class / dict of class)
    34   2535 100   182520 100 135225525 74088 modulePartition of a set of 106 objects. Total size = 180624 bytes.
 Index  Count   %     Size   % Cumulative  % Kind (class / dict of class)
    35    106 100   180624 100 135406149 74966 traitlets.traitlets.MetaHasTraitsPartition of a set of 875 objects. Total size = 161616 bytes.
 Index  Count   %     Size   % Cumulative  % Kind (class / dict of class)
    36    875 100   161616 100 135567765 83883 dict of classmethodPartition of a set of 771 objects. Total size = 160368 bytes.
 Index  Count   %     Size   % Cumulative  % Kind (class / dict of class)
    37    771 100   160368 100 135728133 84635 _cython_3_0_9.cython_function_or_methodPartition of a set of 131 objects. Total size = 158928 bytes.
 Index  Count   %     Size   % Cumulative  % Kind (class / dict of class)
    38    131 100   158928 100 135887061 85502 dict of enum.EnumTypePartition of a set of 2797 objects. Total size = 134256 bytes.
 Index  Count   %     Size   % Cumulative  % Kind (class / dict of class)
    39   2797 100   134256 100 136021317 101315 builtins.PyCapsulePartition of a set of 1933 objects. Total size = 123712 bytes.
 Index  Count   %     Size   % Cumulative  % Kind (class / dict of class)
    40   1933 100   123712 100 136145029 110050 types.MethodTypePartition of a set of 2528 objects. Total size = 121344 bytes.
 Index  Count   %     Size   % Cumulative  % Kind (class / dict of class)
    41   2528 100   121344 100 136266373 112298 _frozen_importlib.ModuleSpecPartition of a set of 537 objects. Total size = 120288 bytes.
 Index  Count   %     Size   % Cumulative  % Kind (class / dict of class)
    42    537 100   120288 100 136386661 113383 builtins.fused_cython_functionPartition of a set of 69 objects. Total size = 117576 bytes.
 Index  Count   %     Size   % Cumulative  % Kind (class / dict of class)
    43     69 100   117576 100 136504237 116099 jinja2.nodes.NodeTypePartition of a set of 605 objects. Total size = 111408 bytes.
 Index  Count   %     Size   % Cumulative  % Kind (class / dict of class)
    44    605 100   111408 100 136615645 122626 dict of staticmethodPartition of a set of 3443 objects. Total size = 110176 bytes.
 Index  Count   %     Size   % Cumulative  % Kind (class / dict of class)
    45   3443 100   110176 100 136725821 124098 numpy.float64Partition of a set of 236 objects. Total size = 109872 bytes.
 Index  Count   %     Size   % Cumulative  % Kind (class / dict of class)
    46    236 100   109872 100 136835693 124541 dict of
                                                dash.development.base_component.ComponentMetaPartition of a set of 2246 objects. Total size = 107808 bytes.
 Index  Count   %     Size   % Cumulative  % Kind (class / dict of class)
    47   2246 100   107808 100 136943501 127025 _frozen_importlib_external.SourceFileLoaderPartition of a set of 378 objects. Total size = 93744 bytes.
 Index  Count   %     Size   % Cumulative  % Kind (class / dict of class)
    48    378 100    93744 100 137037245 146182 numpy.ufuncPartition of a set of 689 objects. Total size = 89456 bytes.
 Index  Count   %     Size   % Cumulative  % Kind (class / dict of class)
    49    689 100    89456 100 137126701 153290 dict of _cython_3_0_10.cython_function_or_methodPartition of a set of 268 objects. Total size = 81472 bytes.
 Index  Count   %     Size   % Cumulative  % Kind (class / dict of class)
    50    268 100    81472 100 137208173 168411 dict of PIL.ExifTags.BasePartition of a set of 267 objects. Total size = 81168 bytes.
 Index  Count   %     Size   % Cumulative  % Kind (class / dict of class)
    51    267 100    81168 100 137289341 169142 dict of scipy.io.wavfile.WAVE_FORMATPartition of a set of 628 objects. Total size = 80384 bytes.
 Index  Count   %     Size   % Cumulative  % Kind (class / dict of class)
    52    628 100    80384 100 137369725 170892 dict of typing._GenericAliasPartition of a set of 106 objects. Total size = 79648 bytes.
 Index  Count   %     Size   % Cumulative  % Kind (class / dict of class)
    53    106 100    79648 100 137449373 172571 dict of traitlets.traitlets.MetaHasTraitsPartition of a set of 47 objects. Total size = 73944 bytes.
 Index  Count   %     Size   % Cumulative  % Kind (class / dict of class)
    54     47 100    73944 100 137523317 185983 typing._ProtocolMetaPartition of a set of 569 objects. Total size = 72832 bytes.
 Index  Count   %     Size   % Cumulative  % Kind (class / dict of class)
    55    569 100    72832 100 137596149 188923 dict of typing._UnionGenericAliasPartition of a set of 1077 objects. Total size = 68928 bytes.
 Index  Count   %     Size   % Cumulative  % Kind (class / dict of class)
    56   1077 100    68928 100 137665077 199723 types.MemberDescriptorTypePartition of a set of 220 objects. Total size = 66880 bytes.
 Index  Count   %     Size   % Cumulative  % Kind (class / dict of class)
    57    220 100    66880 100 137731957 205939 dict of typing.TypeVarPartition of a set of 5 objects. Total size = 66376 bytes.
 Index  Count   %     Size   % Cumulative  % Kind (class / dict of class)
    58      5 100    66376 100 137798333 207603 _io.BufferedReaderPartition of a set of 319 objects. Total size = 66352 bytes.
 Index  Count   %     Size   % Cumulative  % Kind (class / dict of class)
    59    319 100    66352 100 137864685 207778 _cython_3_0_8.cython_function_or_methodPartition of a set of 455 objects. Total size = 58240 bytes.
 Index  Count   %     Size   % Cumulative  % Kind (class / dict of class)
    60    455 100    58240 100 137922925 236818 dict of matplotlib.font_manager.FontEntryPartition of a set of 265 objects. Total size = 55120 bytes.
 Index  Count   %     Size   % Cumulative  % Kind (class / dict of class)
    61    265 100    55120 100 137978045 250323 _cython_3_0_6.cython_function_or_methodPartition of a set of 845 objects. Total size = 54080 bytes.
 Index  Count   %     Size   % Cumulative  % Kind (class / dict of class)
    62    845 100    54080 100 138032125 255237 _abc._abc_dataPartition of a set of 335 objects. Total size = 48240 bytes.
 Index  Count   %     Size   % Cumulative  % Kind (class / dict of class)
    63    335 100    48240 100 138080365 286236 dict of enum.propertyPartition of a set of 846 objects. Total size = 47376 bytes.
 Index  Count   %     Size   % Cumulative  % Kind (class / dict of class)
    64    846 100    47376 100 138127741 291556 functools._lru_list_elemPartition of a set of 233 objects. Total size = 46600 bytes.
 Index  Count   %     Size   % Cumulative  % Kind (class / dict of class)
    65    233 100    46600 100 138174341 296511 builtins.cython_function_or_methodPartition of a set of 28 objects. Total size = 46440 bytes.
 Index  Count   %     Size   % Cumulative  % Kind (class / dict of class)
    66     28 100    46440 100 138220781 297633 _ctypes.PyCSimpleTypePartition of a set of 444 objects. Total size = 46176 bytes.
 Index  Count   %     Size   % Cumulative  % Kind (class / dict of class)
    67    444 100    46176 100 138266957 299435 pathlib.PosixPathPartition of a set of 151 objects. Total size = 45904 bytes.
 Index  Count   %     Size   % Cumulative  % Kind (class / dict of class)
    68    151 100    45904 100 138312861 301309 dict of prompt_toolkit.keys.KeysPartition of a set of 939 objects. Total size = 45072 bytes.
 Index  Count   %     Size   % Cumulative  % Kind (class / dict of class)
    69    939 100    45072 100 138357933 306971 classmethodPartition of a set of 256 objects. Total size = 45056 bytes.
 Index  Count   %     Size   % Cumulative  % Kind (class / dict of class)
    70    256 100    45056 100 138402989 307180 dict of matplotlib.colors.LinearSegmentedColormapPartition of a set of 879 objects. Total size = 42192 bytes.
 Index  Count   %     Size   % Cumulative  % Kind (class / dict of class)
    71    879 100    42192 100 138445181 328131 staticmethodPartition of a set of 31 objects. Total size = 40504 bytes.
 Index  Count   %     Size   % Cumulative  % Kind (class / dict of class)
    72     31 100    40504 100 138485685 341906 matplotlib.RcParamsPartition of a set of 145 objects. Total size = 39440 bytes.
 Index  Count   %     Size   % Cumulative  % Kind (class / dict of class)
    73    145 100    39440 100 138525125 351230 dict of functools._lru_cache_wrapperPartition of a set of 369 objects. Total size = 38376 bytes.
 Index  Count   %     Size   % Cumulative  % Kind (class / dict of class)
    74    369 100    38376 100 138563501 361068 typing.ForwardRefPartition of a set of 799 objects. Total size = 38352 bytes.
 Index  Count   %     Size   % Cumulative  % Kind (class / dict of class)
    75    799 100    38352 100 138601853 361394 inspect.SignaturePartition of a set of 582 objects. Total size = 37248 bytes.
 Index  Count   %     Size   % Cumulative  % Kind (class / dict of class)
    76    582 100    37248 100 138639101 372205 packaging.tags.TagPartition of a set of 461 objects. Total size = 36880 bytes.
 Index  Count   %     Size   % Cumulative  % Kind (class / dict of class)
    77    461 100    36880 100 138675981 376019 functools.partialPartition of a set of 727 objects. Total size = 34896 bytes.
 Index  Count   %     Size   % Cumulative  % Kind (class / dict of class)
    78    727 100    34896 100 138710877 397498 collections._tuplegetterPartition of a set of 20 objects. Total size = 34080 bytes.
 Index  Count   %     Size   % Cumulative  % Kind (class / dict of class)
    79     20 100    34080 100 138744957 407115 jedi.inference.filters._OverwriteMetaPartition of a set of 152 objects. Total size = 34048 bytes.
 Index  Count   %     Size   % Cumulative  % Kind (class / dict of class)
    80    152 100    34048 100 138779005 407598 _cython_3_0_8.fused_cython_functionPartition of a set of 1 object. Total size = 33000 bytes.
 Index  Count   %     Size   % Cumulative  % Kind (class / dict of class)
    81      1 100    33000 100 138812005 420642 pytz.lazy.LazySetPartition of a set of 1 object. Total size = 33000 bytes.
 Index  Count   %     Size   % Cumulative  % Kind (class / dict of class)
    82      1 100    33000 100 138845005 420742 pytz.lazy.LazySetPartition of a set of 809 objects. Total size = 32360 bytes.
 Index  Count   %     Size   % Cumulative  % Kind (class / dict of class)
    83    809 100    32360 100 138877365 429164 types.MappingProxyTypePartition of a set of 102 objects. Total size = 31008 bytes.
 Index  Count   %     Size   % Cumulative  % Kind (class / dict of class)
    84    102 100    31008 100 138908373 447976 dict of zmq.constants.SocketOptionPartition of a set of 270 objects. Total size = 30240 bytes.
 Index  Count   %     Size   % Cumulative  % Kind (class / dict of class)
    85    270 100    30240 100 138938613 459453 dict of _frozen_importlib_external.FileFinderPartition of a set of 628 objects. Total size = 30144 bytes.
 Index  Count   %     Size   % Cumulative  % Kind (class / dict of class)
    86    628 100    30144 100 138968757 461016 typing._GenericAliasPartition of a set of 569 objects. Total size = 27312 bytes.
 Index  Count   %     Size   % Cumulative  % Kind (class / dict of class)
    87    569 100    27312 100 138996069 508919 typing._UnionGenericAliasPartition of a set of 86 objects. Total size = 26864 bytes.
 Index  Count   %     Size   % Cumulative  % Kind (class / dict of class)
    88     86 100    26864 100 139022933 517506 dict of pygments.token._TokenTypePartition of a set of 1 object. Total size = 26048 bytes.
 Index  Count   %     Size   % Cumulative  % Kind (class / dict of class)
    89      1 100    26048 100 139048981 533818 matplotlib.colors._ColorMappingPartition of a set of 96 objects. Total size = 25144 bytes.
 Index  Count   %     Size   % Cumulative  % Kind (class / dict of class)
    90     96 100    25144 100 139074125 553111 dict of pyparsing.core.AndPartition of a set of 63 objects. Total size = 24624 bytes.
 Index  Count   %     Size   % Cumulative  % Kind (class / dict of class)
    91     63 100    24624 100 139098749 564891 dict of pyparsing.core.RegexPartition of a set of 44 objects. Total size = 24616 bytes.
 Index  Count   %     Size   % Cumulative  % Kind (class / dict of class)
    92     44 100    24616 100 139123365 565175 builtins.StgDictPartition of a set of 145 objects. Total size = 24360 bytes.
 Index  Count   %     Size   % Cumulative  % Kind (class / dict of class)
    93    145 100    24360 100 139147725 571214 functools._lru_cache_wrapperPartition of a set of 589 objects. Total size = 23560 bytes.
 Index  Count   %     Size   % Cumulative  % Kind (class / dict of class)
    94    589 100    23560 100 139171285 590710 builtins.fortranPartition of a set of 76 objects. Total size = 23104 bytes.
 Index  Count   %     Size   % Cumulative  % Kind (class / dict of class)
    95     76 100    23104 100 139194389 602469 dict of re._constants._NamedIntConstantPartition of a set of 47 objects. Total size = 22720 bytes.
 Index  Count   %     Size   % Cumulative  % Kind (class / dict of class)
    96     47 100    22720 100 139217109 612751 dict of typing._ProtocolMetaPartition of a set of 121 objects. Total size = 22016 bytes.
 Index  Count   %     Size   % Cumulative  % Kind (class / dict of class)
    97    121 100    22016 100 139239125 632445 collections.defaultdictPartition of a set of 455 objects. Total size = 21840 bytes.
 Index  Count   %     Size   % Cumulative  % Kind (class / dict of class)
    98    455 100    21840 100 139260965 637642 matplotlib.font_manager.FontEntryPartition of a set of 225 objects. Total size = 21600 bytes.
 Index  Count   %     Size   % Cumulative  % Kind (class / dict of class)
    99    225 100    21600 100 139282565 644827 typing.TypeVarPartition of a set of 12 objects. Total size = 20448 bytes.
 Index  Count   %     Size   % Cumulative  % Kind (class / dict of class)
   100     12 100    20448 100 139303013 681255 typing._TypedDictMetaPartition of a set of 317 objects. Total size = 20288 bytes.
 Index  Count   %     Size   % Cumulative  % Kind (class / dict of class)
   101    317 100    20288 100 139323301 686728 numpy._ArrayFunctionDispatcherPartition of a set of 228 objects. Total size = 20064 bytes.
 Index  Count   %     Size   % Cumulative  % Kind (class / dict of class)
   102    228 100    20064 100 139343365 694494 dict of
                                                _frozen_importlib_external.ExtensionFileLoaderPartition of a set of 12 objects. Total size = 19176 bytes.
 Index  Count   %     Size   % Cumulative  % Kind (class / dict of class)
   103     12 100    19176 100 139362541 726755 _ctypes.PyCFuncPtrTypePartition of a set of 69 objects. Total size = 18960 bytes.
 Index  Count   %     Size   % Cumulative  % Kind (class / dict of class)
   104     69 100    18960 100 139381501 735134 dict of jinja2.nodes.NodeTypePartition of a set of 62 objects. Total size = 18848 bytes.
 Index  Count   %     Size   % Cumulative  % Kind (class / dict of class)
   105     62 100    18848 100 139400349 739603 dict of http.HTTPStatusPartition of a set of 231 objects. Total size = 18480 bytes.
 Index  Count   %     Size   % Cumulative  % Kind (class / dict of class)
   106    231 100    18480 100 139418829 754431 types.GenericAliasPartition of a set of 10 objects. Total size = 17040 bytes.
 Index  Count   %     Size   % Cumulative  % Kind (class / dict of class)
   107     10 100    17040 100 139435869 818286 pygments.lexer.RegexLexerMetaPartition of a set of 268 objects. Total size = 16080 bytes.
 Index  Count   %     Size   % Cumulative  % Kind (class / dict of class)
   108    268 100    16080 100 139451949 867238 PIL.ExifTags.BasePartition of a set of 335 objects. Total size = 16080 bytes.
 Index  Count   %     Size   % Cumulative  % Kind (class / dict of class)
   109    335 100    16080 100 139468029 867338 enum.propertyPartition of a set of 267 objects. Total size = 16020 bytes.
 Index  Count   %     Size   % Cumulative  % Kind (class / dict of class)
   110    267 100    16020 100 139484049 870687 scipy.io.wavfile.WAVE_FORMATPartition of a set of 330 objects. Total size = 15840 bytes.
 Index  Count   %     Size   % Cumulative  % Kind (class / dict of class)
   111    330 100    15840 100 139499889 880681 rangePartition of a set of 129 objects. Total size = 15480 bytes.
 Index  Count   %     Size   % Cumulative  % Kind (class / dict of class)
   112    129 100    15480 100 139515369 901262 dict of typing._CallableGenericAliasPartition of a set of 151 objects. Total size = 15413 bytes.
 Index  Count   %     Size   % Cumulative  % Kind (class / dict of class)
   113    151 100    15413 100 139530782 905280 prompt_toolkit.keys.KeysPartition of a set of 378 objects. Total size = 15120 bytes.
 Index  Count   %     Size   % Cumulative  % Kind (class / dict of class)
   114    378 100    15120 100 139545902 922923 h5py._objects.__pyx_scope_struct__with_philPartition of a set of 231 objects. Total size = 14784 bytes.
 Index  Count   %     Size   % Cumulative  % Kind (class / dict of class)
   115    231 100    14784 100 139560686 943998 pyparsing.core.DebugActionsPartition of a set of 113 objects. Total size = 14464 bytes.
 Index  Count   %     Size   % Cumulative  % Kind (class / dict of class)
   116    113 100    14464 100 139575150 964983 dict of typing._LiteralGenericAliasPartition of a set of 9 objects. Total size = 14256 bytes.
 Index  Count   %     Size   % Cumulative  % Kind (class / dict of class)
   117      9 100    14256 100 139589406 979162 dict of pyparsing.core.WordPartition of a set of 98 objects. Total size = 14112 bytes.
 Index  Count   %     Size   % Cumulative  % Kind (class / dict of class)
   118     98 100    14112 100 139603518 989254 dict of pympler.asizeof._TypedefPartition of a set of 53 objects. Total size = 13992 bytes.
 Index  Count   %     Size   % Cumulative  % Kind (class / dict of class)
   119     53 100    13992 100 139617510 997838 dict of pyparsing.core._SingleCharLiteralPartition of a set of 10 objects. Total size = 13872 bytes.
 Index  Count   %     Size   % Cumulative  % Kind (class / dict of class)
   120     10 100    13872 100 139631382 1006570
                                                 importlib_metadata._collections.FreezableDefaultDic
                                                 tPartition of a set of 80 objects. Total size = 13440 bytes.
 Index  Count   %     Size   % Cumulative  % Kind (class / dict of class)
   121     80 100    13440 100 139644822 1039024 dict of matplotlib.colors.ListedColormapPartition of a set of 111 objects. Total size = 13320 bytes.
 Index  Count   %     Size   % Cumulative  % Kind (class / dict of class)
   122    111 100    13320 100 139658142 1048485 dataclasses.FieldPartition of a set of 206 objects. Total size = 13184 bytes.
 Index  Count   %     Size   % Cumulative  % Kind (class / dict of class)
   123    206 100    13184 100 139671326 1059400 pyarrow._compute.ScalarFunctionPartition of a set of 109 objects. Total size = 13080 bytes.
 Index  Count   %     Size   % Cumulative  % Kind (class / dict of class)
   124    109 100    13080 100 139684406 1067924 dict of traitlets.traitlets.UnicodePartition of a set of 270 objects. Total size = 12960 bytes.
 Index  Count   %     Size   % Cumulative  % Kind (class / dict of class)
   125    270 100    12960 100 139697366 1077912 _frozen_importlib_external.FileFinderPartition of a set of 41 objects. Total size = 12464 bytes.
 Index  Count   %     Size   % Cumulative  % Kind (class / dict of class)
   126     41 100    12464 100 139709830 1120907 dict of guppy.etc.Descriptor.property_expPartition of a set of 256 objects. Total size = 12288 bytes.
 Index  Count   %     Size   % Cumulative  % Kind (class / dict of class)
   127    256 100    12288 100 139722118 1137062 matplotlib.colors.LinearSegmentedColormapPartition of a set of 126 objects. Total size = 12096 bytes.
 Index  Count   %     Size   % Cumulative  % Kind (class / dict of class)
   128    126 100    12096 100 139734214 1155210 dict of dash.dependencies.InputPartition of a set of 93 objects. Total size = 11904 bytes.
 Index  Count   %     Size   % Cumulative  % Kind (class / dict of class)
   129     93 100    11904 100 139746118 1173943 dict of traitlets.traitlets.BoolPartition of a set of 39 objects. Total size = 11856 bytes.
 Index  Count   %     Size   % Cumulative  % Kind (class / dict of class)
   130     39 100    11856 100 139757974 1178795 dict of zmq.constants.EventPartition of a set of 147 objects. Total size = 11760 bytes.
 Index  Count   %     Size   % Cumulative  % Kind (class / dict of class)
   131    147 100    11760 100 139769734 1188518 PIL.TiffTags.TagInfoPartition of a set of 37 objects. Total size = 11248 bytes.
 Index  Count   %     Size   % Cumulative  % Kind (class / dict of class)
   132     37 100    11248 100 139780982 1242719 dict of werkzeug.utils.cached_propertyPartition of a set of 228 objects. Total size = 10944 bytes.
 Index  Count   %     Size   % Cumulative  % Kind (class / dict of class)
   133    228 100    10944 100 139791926 1277339 _frozen_importlib_external.ExtensionFileLoaderPartition of a set of 25 objects. Total size = 10800 bytes.
 Index  Count   %     Size   % Cumulative  % Kind (class / dict of class)
   134     25 100    10800 100 139802726 1294470 numpy._DTypeMetaPartition of a set of 34 objects. Total size = 10336 bytes.
 Index  Count   %     Size   % Cumulative  % Kind (class / dict of class)
   135     34 100    10336 100 139813062 1352681 dict of ssl._TLSAlertTypePartition of a set of 73 objects. Total size = 9928 bytes.
 Index  Count   %     Size   % Cumulative  % Kind (class / dict of class)
   136     73 100     9928 100 139822990 1408370 dict of dash.html.Div.DivPartition of a set of 32 objects. Total size = 9728 bytes.
 Index  Count   %     Size   % Cumulative  % Kind (class / dict of class)
   137     32 100     9728 100 139832718 1437425 dict of PIL.ExifTags.GPSPartition of a set of 37 objects. Total size = 9472 bytes.
 Index  Count   %     Size   % Cumulative  % Kind (class / dict of class)
   138     37 100     9472 100 139842190 1476374 dict of pyparsing.core.OptPartition of a set of 31 objects. Total size = 9424 bytes.
 Index  Count   %     Size   % Cumulative  % Kind (class / dict of class)
   139     31 100     9424 100 139851614 1483994 dict of psutil._psposix.NegsignalPartition of a set of 31 objects. Total size = 9424 bytes.
 Index  Count   %     Size   % Cumulative  % Kind (class / dict of class)
   140     31 100     9424 100 139861038 1484094 dict of signal.SignalsPartition of a set of 61 objects. Total size = 8784 bytes.
 Index  Count   %     Size   % Cumulative  % Kind (class / dict of class)
   141     61 100     8784 100 139869822 1592325 dict of traitlets.traitlets.InstancePartition of a set of 151 objects. Total size = 8456 bytes.
 Index  Count   %     Size   % Cumulative  % Kind (class / dict of class)
   142    151 100     8456 100 139878278 1654190 pandas._libs.properties.CachedPropertyPartition of a set of 88 objects. Total size = 8448 bytes.
 Index  Count   %     Size   % Cumulative  % Kind (class / dict of class)
   143     88 100     8448 100 139886726 1655856 dict of six.MovedAttributePartition of a set of 88 objects. Total size = 8448 bytes.
 Index  Count   %     Size   % Cumulative  % Kind (class / dict of class)
   144     88 100     8448 100 139895174 1655956 dict of urllib3.packages.six.MovedAttributePartition of a set of 27 objects. Total size = 8208 bytes.
 Index  Count   %     Size   % Cumulative  % Kind (class / dict of class)
   145     27 100     8208 100 139903382 1704476 dict of ssl.AlertDescriptionPartition of a set of 85 objects. Total size = 8160 bytes.
 Index  Count   %     Size   % Cumulative  % Kind (class / dict of class)
   146     85 100     8160 100 139911542 1714602 dict of dash.dependencies.OutputPartition of a set of 56 objects. Total size = 8064 bytes.
 Index  Count   %     Size   % Cumulative  % Kind (class / dict of class)
   147     56 100     8064 100 139919606 1735114 dict of logging.LoggerPartition of a set of 108 objects. Total size = 7776 bytes.
 Index  Count   %     Size   % Cumulative  % Kind (class / dict of class)
   148    108 100     7776 100 139927382 1799478 types.ClassMethodDescriptorTypePartition of a set of 3 objects. Total size = 7656 bytes.
 Index  Count   %     Size   % Cumulative  % Kind (class / dict of class)
   149      3 100     7656 100 139935038 1827783 random.RandomPartition of a set of 25 objects. Total size = 7600 bytes.
 Index  Count   %     Size   % Cumulative  % Kind (class / dict of class)
   150     25 100     7600 100 139942638 1841350 dict of zmq.constants.ErrnoPartition of a set of 59 objects. Total size = 7552 bytes.
 Index  Count   %     Size   % Cumulative  % Kind (class / dict of class)
   151     59 100     7552 100 139950190 1853154 dict of dash.html.P.PPartition of a set of 24 objects. Total size = 7296 bytes.
 Index  Count   %     Size   % Cumulative  % Kind (class / dict of class)
   152     24 100     7296 100 139957486 1918277 dict of abc.abstractpropertyPartition of a set of 67 objects. Total size = 6968 bytes.
 Index  Count   %     Size   % Cumulative  % Kind (class / dict of class)
   153     67 100     6968 100 139964454 2008675 dict of IPython.terminal.shortcuts.BindingPartition of a set of 4 objects. Total size = 6816 bytes.
 Index  Count   %     Size   % Cumulative  % Kind (class / dict of class)
   154      4 100     6816 100 139971270 2053569 parso.normalizer._NormalizerMetaPartition of a set of 6 objects. Total size = 6728 bytes.
 Index  Count   %     Size   % Cumulative  % Kind (class / dict of class)
   155      6 100     6728 100 139977998 2080529 pandas.core.series.SeriesPartition of a set of 22 objects. Total size = 6688 bytes.
 Index  Count   %     Size   % Cumulative  % Kind (class / dict of class)
   156     22 100     6688 100 139984686 2093072 dict of ssl._TLSMessageTypePartition of a set of 1 object. Total size = 6576 bytes.
 Index  Count   %     Size   % Cumulative  % Kind (class / dict of class)
   157      1 100     6576 100 139991262 2128821 dict of requests.structures.LookupDictPartition of a set of 63 objects. Total size = 6552 bytes.
 Index  Count   %     Size   % Cumulative  % Kind (class / dict of class)
   158     63 100     6552 100 139997814 2136719 dict of prompt_toolkit.filters.base._AndListPartition of a set of 40 objects. Total size = 6400 bytes.
 Index  Count   %     Size   % Cumulative  % Kind (class / dict of class)
   159     40 100     6400 100 140004214 2187566 dict of traitlets.traitlets.ListPartition of a set of 21 objects. Total size = 6384 bytes.
 Index  Count   %     Size   % Cumulative  % Kind (class / dict of class)
   160     21 100     6384 100 140010598 2193148 dict of PIL.ExifTags.LightSourcePartition of a set of 21 objects. Total size = 6384 bytes.
 Index  Count   %     Size   % Cumulative  % Kind (class / dict of class)
   161     21 100     6384 100 140016982 2193248 dict of re.RegexFlagPartition of a set of 21 objects. Total size = 6384 bytes.
 Index  Count   %     Size   % Cumulative  % Kind (class / dict of class)
   162     21 100     6384 100 140023366 2193348 dict of zmq.constants.SocketTypePartition of a set of 49 objects. Total size = 6272 bytes.
 Index  Count   %     Size   % Cumulative  % Kind (class / dict of class)
   163     49 100     6272 100 140029638 2232615 dict of
                                                 prompt_toolkit.key_binding.key_bindings.BindingPartition of a set of 86 objects. Total size = 6264 bytes.
 Index  Count   %     Size   % Cumulative  % Kind (class / dict of class)
   164     86 100     6264 100 140035902 2235567 pygments.token._TokenTypePartition of a set of 30 objects. Total size = 6240 bytes.
 Index  Count   %     Size   % Cumulative  % Kind (class / dict of class)
   165     30 100     6240 100 140042142 2244265 _cython_3_0_11.cython_function_or_methodPartition of a set of 129 objects. Total size = 6192 bytes.
 Index  Count   %     Size   % Cumulative  % Kind (class / dict of class)
   166    129 100     6192 100 140048334 2261762 typing._CallableGenericAliasPartition of a set of 102 objects. Total size = 6120 bytes.
 Index  Count   %     Size   % Cumulative  % Kind (class / dict of class)
   167    102 100     6120 100 140054454 2288471 zmq.constants.SocketOptionPartition of a set of 8 objects. Total size = 6080 bytes.
 Index  Count   %     Size   % Cumulative  % Kind (class / dict of class)
   168      8 100     6080 100 140060534 2303627 collections.dequePartition of a set of 126 objects. Total size = 6048 bytes.
 Index  Count   %     Size   % Cumulative  % Kind (class / dict of class)
   169    126 100     6048 100 140066582 2315916 dash.dependencies.InputPartition of a set of 54 objects. Total size = 6048 bytes.
 Index  Count   %     Size   % Cumulative  % Kind (class / dict of class)
   170     54 100     6048 100 140072630 2316016 dict of traitlets.traitlets.ObserveHandlerPartition of a set of 58 objects. Total size = 6032 bytes.
 Index  Count   %     Size   % Cumulative  % Kind (class / dict of class)
   171     58 100     6032 100 140078662 2322259 dict of prompt_toolkit.filters.base.ConditionPartition of a set of 150 objects. Total size = 6000 bytes.
 Index  Count   %     Size   % Cumulative  % Kind (class / dict of class)
   172    150 100     6000 100 140084662 2334744 builtins.fortranPartition of a set of 20 objects. Total size = 5976 bytes.
 Index  Count   %     Size   % Cumulative  % Kind (class / dict of class)
   173     20 100     5976 100 140090638 2344221 dict of jedi.inference.filters._OverwriteMetaPartition of a set of 5 objects. Total size = 5920 bytes.
 Index  Count   %     Size   % Cumulative  % Kind (class / dict of class)
   174      5 100     5920 100 140096558 2366496 numpy.core.numerictypes._typedictPartition of a set of 35 objects. Total size = 5912 bytes.
 Index  Count   %     Size   % Cumulative  % Kind (class / dict of class)
   175     35 100     5912 100 140102470 2369798 _struct.StructPartition of a set of 1 object. Total size = 5908 bytes.
 Index  Count   %     Size   % Cumulative  % Kind (class / dict of class)
   176      1 100     5908 100 140108378 2371503 pandas.core.frame.DataFramePartition of a set of 80 objects. Total size = 5760 bytes.
 Index  Count   %     Size   % Cumulative  % Kind (class / dict of class)
   177     80 100     5760 100 140114138 2432537 werkzeug.local._ProxyLookupPartition of a set of 71 objects. Total size = 5680 bytes.
 Index  Count   %     Size   % Cumulative  % Kind (class / dict of class)
   178     71 100     5680 100 140119818 2466898 pandas._config.config.RegisteredOptionPartition of a set of 4 objects. Total size = 5544 bytes.
 Index  Count   %     Size   % Cumulative  % Kind (class / dict of class)
   179      4 100     5544 100 140125362 2527514 _ctypes.PyCPointerTypePartition of a set of 18 objects. Total size = 5472 bytes.
 Index  Count   %     Size   % Cumulative  % Kind (class / dict of class)
   180     18 100     5472 100 140130834 2560871 dict of ast._PrecedencePartition of a set of 1 object. Total size = 5448 bytes.
 Index  Count   %     Size   % Cumulative  % Kind (class / dict of class)
   181      1 100     5448 100 140136282 2572252 pytz.lazy.LazyListPartition of a set of 113 objects. Total size = 5424 bytes.
 Index  Count   %     Size   % Cumulative  % Kind (class / dict of class)
   182    113 100     5424 100 140141706 2583734 typing._LiteralGenericAliasPartition of a set of 24 objects. Total size = 5376 bytes.
 Index  Count   %     Size   % Cumulative  % Kind (class / dict of class)
   183     24 100     5376 100 140147082 2606903 _cython_3_0_6.fused_cython_functionPartition of a set of 25 objects. Total size = 5248 bytes.
 Index  Count   %     Size   % Cumulative  % Kind (class / dict of class)
   184     25 100     5248 100 140152330 2670586 dict of numpy._DTypeMetaPartition of a set of 109 objects. Total size = 5232 bytes.
 Index  Count   %     Size   % Cumulative  % Kind (class / dict of class)
   185    109 100     5232 100 140157562 2678852 traitlets.traitlets.UnicodePartition of a set of 17 objects. Total size = 5168 bytes.
 Index  Count   %     Size   % Cumulative  % Kind (class / dict of class)
   186     17 100     5168 100 140162730 2712127 dict of inspect.BufferFlagsPartition of a set of 3 objects. Total size = 5112 bytes.
 Index  Count   %     Size   % Cumulative  % Kind (class / dict of class)
   187      3 100     5112 100 140167842 2741937 jedi.inference.cache.CachedMetaClassPartition of a set of 3 objects. Total size = 5112 bytes.
 Index  Count   %     Size   % Cumulative  % Kind (class / dict of class)
   188      3 100     5112 100 140172954 2742037 numcodecs.ndarray_like._CachedProtocolMetaPartition of a set of 3 objects. Total size = 5112 bytes.
 Index  Count   %     Size   % Cumulative  % Kind (class / dict of class)
   189      3 100     5112 100 140178066 2742137 pygments.lexer.LexerMetaPartition of a set of 3 objects. Total size = 5112 bytes.
 Index  Count   %     Size   % Cumulative  % Kind (class / dict of class)
   190      3 100     5112 100 140183178 2742237 typing_extensions._TypeVarLikeMetaPartition of a set of 46 objects. Total size = 4896 bytes.
 Index  Count   %     Size   % Cumulative  % Kind (class / dict of class)
   191     46 100     4896 100 140188074 2863319 pygments.lexer.includePartition of a set of 98 objects. Total size = 4704 bytes.
 Index  Count   %     Size   % Cumulative  % Kind (class / dict of class)
   192     98 100     4704 100 140192778 2980289 pympler.asizeof._TypedefPartition of a set of 5 objects. Total size = 4680 bytes.
 Index  Count   %     Size   % Cumulative  % Kind (class / dict of class)
   193      5 100     4680 100 140197458 2995672 ast._ABCPartition of a set of 29 objects. Total size = 4640 bytes.
 Index  Count   %     Size   % Cumulative  % Kind (class / dict of class)
   194     29 100     4640 100 140202098 3021597 dict of traitlets.traitlets.DictPartition of a set of 96 objects. Total size = 4608 bytes.
 Index  Count   %     Size   % Cumulative  % Kind (class / dict of class)
   195     96 100     4608 100 140206706 3042680 pyparsing.core.AndPartition of a set of 76 objects. Total size = 4564 bytes.
 Index  Count   %     Size   % Cumulative  % Kind (class / dict of class)
   196     76 100     4564 100 140211270 3072114 re._constants._NamedIntConstantPartition of a set of 15 objects. Total size = 4560 bytes.
 Index  Count   %     Size   % Cumulative  % Kind (class / dict of class)
   197     15 100     4560 100 140215830 3074909 dict of ssl.OptionsPartition of a set of 93 objects. Total size = 4464 bytes.
 Index  Count   %     Size   % Cumulative  % Kind (class / dict of class)
   198     93 100     4464 100 140220294 3141136 traitlets.traitlets.BoolPartition of a set of 15 objects. Total size = 4440 bytes.
 Index  Count   %     Size   % Cumulative  % Kind (class / dict of class)
   199     15 100     4440 100 140224734 3158215 dict of click.core.OptionPartition of a set of 37 objects. Total size = 4440 bytes.
 Index  Count   %     Size   % Cumulative  % Kind (class / dict of class)
   200     37 100     4440 100 140229174 3158315 dict of typing._SpecialGenericAliasPartition of a set of 24 objects. Total size = 4416 bytes.
 Index  Count   %     Size   % Cumulative  % Kind (class / dict of class)
   201     24 100     4416 100 140233590 3175579 dict of argparse._ArgumentGroupPartition of a set of 20 objects. Total size = 4320 bytes.
 Index  Count   %     Size   % Cumulative  % Kind (class / dict of class)
   202     20 100     4320 100 140237910 3246248 _io.TextIOWrapperPartition of a set of 16 objects. Total size = 4224 bytes.
 Index  Count   %     Size   % Cumulative  % Kind (class / dict of class)
   203     16 100     4224 100 140242134 3320126 dict of pyparsing.core.CombinePartition of a set of 88 objects. Total size = 4224 bytes.
 Index  Count   %     Size   % Cumulative  % Kind (class / dict of class)
   204     88 100     4224 100 140246358 3320226 six.MovedAttributePartition of a set of 88 objects. Total size = 4224 bytes.
 Index  Count   %     Size   % Cumulative  % Kind (class / dict of class)
   205     88 100     4224 100 140250582 3320326 urllib3.packages.six.MovedAttributePartition of a set of 31 objects. Total size = 4216 bytes.
 Index  Count   %     Size   % Cumulative  % Kind (class / dict of class)
   206     31 100     4216 100 140254798 3326727 dict of traitlets.traitlets.IntPartition of a set of 85 objects. Total size = 4080 bytes.
 Index  Count   %     Size   % Cumulative  % Kind (class / dict of class)
   207     85 100     4080 100 140258878 3437718 dash.dependencies.OutputPartition of a set of 46 objects. Total size = 4048 bytes.
 Index  Count   %     Size   % Cumulative  % Kind (class / dict of class)
   208     46 100     4048 100 140262926 3464993 dict of six.MovedModulePartition of a set of 46 objects. Total size = 4048 bytes.
 Index  Count   %     Size   % Cumulative  % Kind (class / dict of class)
   209     46 100     4048 100 140266974 3465093 dict of urllib3.packages.six.MovedModulePartition of a set of 41 objects. Total size = 3936 bytes.
 Index  Count   %     Size   % Cumulative  % Kind (class / dict of class)
   210     41 100     3936 100 140270910 3563793 guppy.etc.Descriptor.property_expPartition of a set of 80 objects. Total size = 3840 bytes.
 Index  Count   %     Size   % Cumulative  % Kind (class / dict of class)
   211     80 100     3840 100 140274750 3652988 matplotlib.colors.ListedColormapPartition of a set of 34 objects. Total size = 3808 bytes.
 Index  Count   %     Size   % Cumulative  % Kind (class / dict of class)
   212     34 100     3808 100 140278558 3683786 dict of werkzeug.routing.rules.RulePartPartition of a set of 19 objects. Total size = 3776 bytes.
 Index  Count   %     Size   % Cumulative  % Kind (class / dict of class)
   213     19 100     3776 100 140282334 3715104 dict of types.SimpleNamespacePartition of a set of 36 objects. Total size = 3744 bytes.
 Index  Count   %     Size   % Cumulative  % Kind (class / dict of class)
   214     36 100     3744 100 140286078 3746957 dict of traitlets.traitlets.DefaultHandlerPartition of a set of 62 objects. Total size = 3720 bytes.
 Index  Count   %     Size   % Cumulative  % Kind (class / dict of class)
   215     62 100     3720 100 140289798 3771231 http.HTTPStatusPartition of a set of 1 object. Total size = 3720 bytes.
 Index  Count   %     Size   % Cumulative  % Kind (class / dict of class)
   216      1 100     3720 100 140293518 3771331 pytz.lazy.LazyListPartition of a set of 20 objects. Total size = 3680 bytes.
 Index  Count   %     Size   % Cumulative  % Kind (class / dict of class)
   217     20 100     3680 100 140297198 3812424 dict of _io.FileIOPartition of a set of 20 objects. Total size = 3680 bytes.
 Index  Count   %     Size   % Cumulative  % Kind (class / dict of class)
   218     20 100     3680 100 140300878 3812524 dict of _io.TextIOWrapperPartition of a set of 12 objects. Total size = 3648 bytes.
 Index  Count   %     Size   % Cumulative  % Kind (class / dict of class)
   219     12 100     3648 100 140304526 3846067 dict of calendar.MonthPartition of a set of 64 objects. Total size = 3584 bytes.
 Index  Count   %     Size   % Cumulative  % Kind (class / dict of class)
   220     64 100     3584 100 140308110 3914847 operator.attrgetterPartition of a set of 37 objects. Total size = 3552 bytes.
 Index  Count   %     Size   % Cumulative  % Kind (class / dict of class)
   221     37 100     3552 100 140311662 3950216 werkzeug.utils.cached_propertyPartition of a set of 73 objects. Total size = 3504 bytes.
 Index  Count   %     Size   % Cumulative  % Kind (class / dict of class)
   222     73 100     3504 100 140315166 4004428 dash.html.Div.DivPartition of a set of 14 objects. Total size = 3472 bytes.
 Index  Count   %     Size   % Cumulative  % Kind (class / dict of class)
   223     14 100     3472 100 140318638 4041435 dict of pyparsing.core.MatchFirstPartition of a set of 14 objects. Total size = 3472 bytes.
 Index  Count   %     Size   % Cumulative  % Kind (class / dict of class)
   224     14 100     3472 100 140322110 4041535 dict of pyparsing.core.SuppressPartition of a set of 27 objects. Total size = 3456 bytes.
 Index  Count   %     Size   % Cumulative  % Kind (class / dict of class)
   225     27 100     3456 100 140325566 4060346 dict of traitlets.traitlets.TypePartition of a set of 27 objects. Total size = 3456 bytes.
 Index  Count   %     Size   % Cumulative  % Kind (class / dict of class)
   226     27 100     3456 100 140329022 4060446 dict of werkzeug.utils.header_propertyPartition of a set of 39 objects. Total size = 3432 bytes.
 Index  Count   %     Size   % Cumulative  % Kind (class / dict of class)
   227     39 100     3432 100 140332454 4088941 dict of IPython.core.magic_arguments.argumentPartition of a set of 2 objects. Total size = 3408 bytes.
 Index  Count   %     Size   % Cumulative  % Kind (class / dict of class)
   228      2 100     3408 100 140335862 4117836
                                                 jupyter_client.provisioning.provisioner_base.Kernel
                                                 ProvisionerMetaPartition of a set of 2 objects. Total size = 3408 bytes.
 Index  Count   %     Size   % Cumulative  % Kind (class / dict of class)
   229      2 100     3408 100 140339270 4117936 pygments.style.StyleMetaPartition of a set of 2 objects. Total size = 3408 bytes.
 Index  Count   %     Size   % Cumulative  % Kind (class / dict of class)
   230      2 100     3408 100 140342678 4118036 typing._DeprecatedTypePartition of a set of 2 objects. Total size = 3408 bytes.
 Index  Count   %     Size   % Cumulative  % Kind (class / dict of class)
   231      2 100     3408 100 140346086 4118136 typing_extensions._TypedDictMetaPartition of a set of 21 objects. Total size = 3360 bytes.
 Index  Count   %     Size   % Cumulative  % Kind (class / dict of class)
   232     21 100     3360 100 140349446 4177067 dict of dash.dcc.Slider.SliderPartition of a set of 1 object. Total size = 3328 bytes.
 Index  Count   %     Size   % Cumulative  % Kind (class / dict of class)
   233      1 100     3328 100 140352774 4217331 dict of fsspec.spec._CachedPartition of a set of 67 objects. Total size = 3216 bytes.
 Index  Count   %     Size   % Cumulative  % Kind (class / dict of class)
   234     67 100     3216 100 140355990 4364303 IPython.terminal.shortcuts.BindingPartition of a set of 10 objects. Total size = 3208 bytes.
 Index  Count   %     Size   % Cumulative  % Kind (class / dict of class)
   235     10 100     3208 100 140359198 4375287 dict of pygments.lexer.RegexLexerMetaPartition of a set of 20 objects. Total size = 3200 bytes.
 Index  Count   %     Size   % Cumulative  % Kind (class / dict of class)
   236     20 100     3200 100 140362398 4386325 dict of argparse._StoreTrueActionPartition of a set of 25 objects. Total size = 3200 bytes.
 Index  Count   %     Size   % Cumulative  % Kind (class / dict of class)
   237     25 100     3200 100 140365598 4386425 dict of traitlets.traitlets.AnyPartition of a set of 12 objects. Total size = 3176 bytes.
 Index  Count   %     Size   % Cumulative  % Kind (class / dict of class)
   238     12 100     3176 100 140368774 4419672 dict of typing._TypedDictMetaPartition of a set of 28 objects. Total size = 3136 bytes.
 Index  Count   %     Size   % Cumulative  % Kind (class / dict of class)
   239     28 100     3136 100 140371910 4476145 dataclasses._DataclassParamsPartition of a set of 12 objects. Total size = 3072 bytes.
 Index  Count   %     Size   % Cumulative  % Kind (class / dict of class)
   240     12 100     3072 100 140374982 4569498 dict of
                                                 IPython.core.magic_arguments.MagicArgumentParserPartition of a set of 10 objects. Total size = 3040 bytes.
 Index  Count   %     Size   % Cumulative  % Kind (class / dict of class)
   241     10 100     3040 100 140378022 4617698 dict of importlib.metadata._text.FoldedCasePartition of a set of 10 objects. Total size = 3040 bytes.
 Index  Count   %     Size   % Cumulative  % Kind (class / dict of class)
   242     10 100     3040 100 140381062 4617798 dict of
                                                 importlib_metadata._collections.FreezableDefaultDic
                                                 tPartition of a set of 10 objects. Total size = 3040 bytes.
 Index  Count   %     Size   % Cumulative  % Kind (class / dict of class)
   243     10 100     3040 100 140384102 4617898 dict of importlib_metadata._text.FoldedCasePartition of a set of 10 objects. Total size = 3040 bytes.
 Index  Count   %     Size   % Cumulative  % Kind (class / dict of class)
   244     10 100     3040 100 140387142 4617998 dict of socket.AddressFamilyPartition of a set of 10 objects. Total size = 3040 bytes.
 Index  Count   %     Size   % Cumulative  % Kind (class / dict of class)
   245     10 100     3040 100 140390182 4618098 dict of socket.AddressInfoPartition of a set of 10 objects. Total size = 3040 bytes.
 Index  Count   %     Size   % Cumulative  % Kind (class / dict of class)
   246     10 100     3040 100 140393222 4618198 dict of socket.MsgFlagPartition of a set of 63 objects. Total size = 3024 bytes.
 Index  Count   %     Size   % Cumulative  % Kind (class / dict of class)
   247     63 100     3024 100 140396246 4642733 prompt_toolkit.filters.base._AndListPartition of a set of 63 objects. Total size = 3024 bytes.
 Index  Count   %     Size   % Cumulative  % Kind (class / dict of class)
   248     63 100     3024 100 140399270 4642833 pyparsing.core.RegexPartition of a set of 37 objects. Total size = 2960 bytes.
 Index  Count   %     Size   % Cumulative  % Kind (class / dict of class)
   249     37 100     2960 100 140402230 4743319 builtins.builtin_methodPartition of a set of 61 objects. Total size = 2928 bytes.
 Index  Count   %     Size   % Cumulative  % Kind (class / dict of class)
   250     61 100     2928 100 140405158 4795258 traitlets.traitlets.InstancePartition of a set of 28 objects. Total size = 2912 bytes.
 Index  Count   %     Size   % Cumulative  % Kind (class / dict of class)
   251     28 100     2912 100 140408070 4821706 dict of ipaddress.IPv6NetworkPartition of a set of 26 objects. Total size = 2912 bytes.
 Index  Count   %     Size   % Cumulative  % Kind (class / dict of class)
   252     26 100     2912 100 140410982 4821806 dict of numpy.ma.core._MaskedUnaryOperationPartition of a set of 19 objects. Total size = 2888 bytes.
 Index  Count   %     Size   % Cumulative  % Kind (class / dict of class)
   253     19 100     2888 100 140413870 4861976 dict of ipaddress.IPv4NetworkPartition of a set of 19 objects. Total size = 2888 bytes.
 Index  Count   %     Size   % Cumulative  % Kind (class / dict of class)
   254     19 100     2888 100 140416758 4862076 dict of matplotlib.path.PathPartition of a set of 18 objects. Total size = 2880 bytes.
 Index  Count   %     Size   % Cumulative  % Kind (class / dict of class)
   255     18 100     2880 100 140419638 4875682 dict of argparse._StoreActionPartition of a set of 18 objects. Total size = 2880 bytes.
 Index  Count   %     Size   % Cumulative  % Kind (class / dict of class)
   256     18 100     2880 100 140422518 4875782 dict of cycler.CyclerPartition of a set of 18 objects. Total size = 2880 bytes.
 Index  Count   %     Size   % Cumulative  % Kind (class / dict of class)
   257     18 100     2880 100 140425398 4875882 dict of numpy.ma.core._MaskedBinaryOperationPartition of a set of 18 objects. Total size = 2880 bytes.
 Index  Count   %     Size   % Cumulative  % Kind (class / dict of class)
   258     18 100     2880 100 140428278 4875982 dict of pygments.lexer.wordsPartition of a set of 20 objects. Total size = 2880 bytes.
 Index  Count   %     Size   % Cumulative  % Kind (class / dict of class)
   259     20 100     2880 100 140431158 4876082 dict of scipy._lib._testutils.PytestTesterPartition of a set of 18 objects. Total size = 2880 bytes.
 Index  Count   %     Size   % Cumulative  % Kind (class / dict of class)
   260     18 100     2880 100 140434038 4876182 dict of stack_data.utils.cached_propertyPartition of a set of 21 objects. Total size = 2856 bytes.
 Index  Count   %     Size   % Cumulative  % Kind (class / dict of class)
   261     21 100     2856 100 140436894 4917258 dict of scipy.spatial.distance.MetricInfoPartition of a set of 21 objects. Total size = 2856 bytes.
 Index  Count   %     Size   % Cumulative  % Kind (class / dict of class)
   262     21 100     2856 100 140439750 4917358 dict of weakref.WeakKeyDictionaryPartition of a set of 59 objects. Total size = 2832 bytes.
 Index  Count   %     Size   % Cumulative  % Kind (class / dict of class)
   263     59 100     2832 100 140442582 4959131 dash.html.P.PPartition of a set of 27 objects. Total size = 2808 bytes.
 Index  Count   %     Size   % Cumulative  % Kind (class / dict of class)
   264     27 100     2808 100 140445390 5001616 dict of matplotlib.rcsetup.ValidateInStringsPartition of a set of 58 objects. Total size = 2784 bytes.
 Index  Count   %     Size   % Cumulative  % Kind (class / dict of class)
   265     58 100     2784 100 140448174 5044834 prompt_toolkit.filters.base.ConditionPartition of a set of 15 objects. Total size = 2760 bytes.
 Index  Count   %     Size   % Cumulative  % Kind (class / dict of class)
   266     15 100     2760 100 140450934 5088802 dict of functools.cached_propertyPartition of a set of 43 objects. Total size = 2752 bytes.
 Index  Count   %     Size   % Cumulative  % Kind (class / dict of class)
   267     43 100     2752 100 140453686 5103695 ipaddress.IPv6AddressPartition of a set of 9 objects. Total size = 2736 bytes.
 Index  Count   %     Size   % Cumulative  % Kind (class / dict of class)
   268      9 100     2736 100 140456422 5133641 dict of http.HTTPMethodPartition of a set of 9 objects. Total size = 2736 bytes.
 Index  Count   %     Size   % Cumulative  % Kind (class / dict of class)
   269      9 100     2736 100 140459158 5133741 dict of pstats.SortKeyPartition of a set of 9 objects. Total size = 2736 bytes.
 Index  Count   %     Size   % Cumulative  % Kind (class / dict of class)
   270      9 100     2736 100 140461894 5133841 dict of ssl.SSLErrorNumberPartition of a set of 9 objects. Total size = 2736 bytes.
 Index  Count   %     Size   % Cumulative  % Kind (class / dict of class)
   271      9 100     2736 100 140464630 5133941 dict of zmq.constants.ContextOptionPartition of a set of 10 objects. Total size = 2720 bytes.
 Index  Count   %     Size   % Cumulative  % Kind (class / dict of class)
   272     10 100     2720 100 140467350 5164241 dict of ast.NamePartition of a set of 14 objects. Total size = 2688 bytes.
 Index  Count   %     Size   % Cumulative  % Kind (class / dict of class)
   273     14 100     2688 100 140470038 5225820 dict of pandas._libs.tslibs.dtypes.NpyDatetimeUnitPartition of a set of 24 objects. Total size = 2688 bytes.
 Index  Count   %     Size   % Cumulative  % Kind (class / dict of class)
   274     24 100     2688 100 140472726 5225920 dict of
                                                 pandas.compat.numpy.function.CompatValidatorPartition of a set of 14 objects. Total size = 2688 bytes.
 Index  Count   %     Size   % Cumulative  % Kind (class / dict of class)
   275     14 100     2688 100 140475414 5226020 dict of weakref.WeakValueDictionaryPartition of a set of 56 objects. Total size = 2688 bytes.
 Index  Count   %     Size   % Cumulative  % Kind (class / dict of class)
   276     56 100     2688 100 140478102 5226120 logging.LoggerPartition of a set of 1 object. Total size = 2624 bytes.
 Index  Count   %     Size   % Cumulative  % Kind (class / dict of class)
   277      1 100     2624 100 140480726 5353686 numpy.random._mt19937.MT19937Partition of a set of 13 objects. Total size = 2600 bytes.
 Index  Count   %     Size   % Cumulative  % Kind (class / dict of class)
   278     13 100     2600 100 140483326 5403205 dict of numpy.ma.core._convert2maPartition of a set of 13 objects. Total size = 2600 bytes.
 Index  Count   %     Size   % Cumulative  % Kind (class / dict of class)
   279     13 100     2600 100 140485926 5403305 dict of pandas._libs.tslibs.dtypes.FreqGroupPartition of a set of 13 objects. Total size = 2600 bytes.
 Index  Count   %     Size   % Cumulative  % Kind (class / dict of class)
   280     13 100     2600 100 140488526 5403405 dict of parso.python.token.PythonTokenTypesPartition of a set of 13 objects. Total size = 2600 bytes.
 Index  Count   %     Size   % Cumulative  % Kind (class / dict of class)
   281     13 100     2600 100 140491126 5403505 dict of parso.python.token.TokenTypePartition of a set of 13 objects. Total size = 2600 bytes.
 Index  Count   %     Size   % Cumulative  % Kind (class / dict of class)
   282     13 100     2600 100 140493726 5403605 dict of pygments.lexer.defaultPartition of a set of 13 objects. Total size = 2600 bytes.
 Index  Count   %     Size   % Cumulative  % Kind (class / dict of class)
   283     13 100     2600 100 140496326 5403705 dict of traitlets.traitlets.ObjectNamePartition of a set of 4 objects. Total size = 2592 bytes.
 Index  Count   %     Size   % Cumulative  % Kind (class / dict of class)
   284      4 100     2592 100 140498918 5420483 IPython.utils.ipstruct.StructPartition of a set of 54 objects. Total size = 2592 bytes.
 Index  Count   %     Size   % Cumulative  % Kind (class / dict of class)
   285     54 100     2592 100 140501510 5420583 traitlets.traitlets.ObserveHandlerPartition of a set of 17 objects. Total size = 2584 bytes.
 Index  Count   %     Size   % Cumulative  % Kind (class / dict of class)
   286     17 100     2584 100 140504094 5437465 dict of logging.PlaceHolderPartition of a set of 1 object. Total size = 2552 bytes.
 Index  Count   %     Size   % Cumulative  % Kind (class / dict of class)
   287      1 100     2552 100 140506646 5505746 random.SystemRandomPartition of a set of 53 objects. Total size = 2544 bytes.
 Index  Count   %     Size   % Cumulative  % Kind (class / dict of class)
   288     53 100     2544 100 140509190 5523160 pyparsing.core._SingleCharLiteralPartition of a set of 15 objects. Total size = 2520 bytes.
 Index  Count   %     Size   % Cumulative  % Kind (class / dict of class)
   289     15 100     2520 100 140511710 5575862 dict of encodings.utf_8.IncrementalEncoderPartition of a set of 26 objects. Total size = 2496 bytes.
 Index  Count   %     Size   % Cumulative  % Kind (class / dict of class)
   290     26 100     2496 100 140514206 5629576 dict of numpy.ma.core._frommethodPartition of a set of 10 objects. Total size = 2480 bytes.
 Index  Count   %     Size   % Cumulative  % Kind (class / dict of class)
   291     10 100     2480 100 140516686 5665995 dict of werkzeug.routing.rules.RulePartition of a set of 34 objects. Total size = 2448 bytes.
 Index  Count   %     Size   % Cumulative  % Kind (class / dict of class)
   292     34 100     2448 100 140519134 5740161 werkzeug.routing.rules.WeightingPartition of a set of 8 objects. Total size = 2432 bytes.
 Index  Count   %     Size   % Cumulative  % Kind (class / dict of class)
   293      8 100     2432 100 140521566 5778025 dict of
                                                 pandas.core.interchange.dataframe_protocol.DlpackDe
                                                 viceTypePartition of a set of 11 objects. Total size = 2376 bytes.
 Index  Count   %     Size   % Cumulative  % Kind (class / dict of class)
   294     11 100     2376 100 140523942 5914307 dict of dash.dcc.Store.StorePartition of a set of 11 objects. Total size = 2376 bytes.
 Index  Count   %     Size   % Cumulative  % Kind (class / dict of class)
   295     11 100     2376 100 140526318 5914407 dict of numpy._pytesttester.PytestTesterPartition of a set of 9 objects. Total size = 2376 bytes.
 Index  Count   %     Size   % Cumulative  % Kind (class / dict of class)
   296      9 100     2376 100 140528694 5914507 dict of pyparsing.core.LiteralPartition of a set of 49 objects. Total size = 2352 bytes.
 Index  Count   %     Size   % Cumulative  % Kind (class / dict of class)
   297     49 100     2352 100 140531046 5974959 prompt_toolkit.key_binding.key_bindings.BindingPartition of a set of 39 objects. Total size = 2340 bytes.
 Index  Count   %     Size   % Cumulative  % Kind (class / dict of class)
   298     39 100     2340 100 140533386 6005700 zmq.constants.EventPartition of a set of 24 objects. Total size = 2304 bytes.
 Index  Count   %     Size   % Cumulative  % Kind (class / dict of class)
   299     24 100     2304 100 140535690 6099639 abc.abstractpropertyPartition of a set of 10 objects. Total size = 2240 bytes.
 Index  Count   %     Size   % Cumulative  % Kind (class / dict of class)
   300     10 100     2240 100 140537930 6274015 dict of __future__._FeaturePartition of a set of 10 objects. Total size = 2240 bytes.
 Index  Count   %     Size   % Cumulative  % Kind (class / dict of class)
   301     10 100     2240 100 140540170 6274115 dict of blinker.base.NamedSignalPartition of a set of 10 objects. Total size = 2240 bytes.
 Index  Count   %     Size   % Cumulative  % Kind (class / dict of class)
   302     10 100     2240 100 140542410 6274215 dict of numcodecs.blosc.BloscPartition of a set of 10 objects. Total size = 2240 bytes.
 Index  Count   %     Size   % Cumulative  % Kind (class / dict of class)
   303     10 100     2240 100 140544650 6274315 dict of pandas._libs.tslibs.dtypes.ResolutionPartition of a set of 8 objects. Total size = 2240 bytes.
 Index  Count   %     Size   % Cumulative  % Kind (class / dict of class)
   304      8 100     2240 100 140546890 6274415 dict of zarr.core.ArrayPartition of a set of 46 objects. Total size = 2208 bytes.
 Index  Count   %     Size   % Cumulative  % Kind (class / dict of class)
   305     46 100     2208 100 140549098 6365448 six.MovedModulePartition of a set of 46 objects. Total size = 2208 bytes.
 Index  Count   %     Size   % Cumulative  % Kind (class / dict of class)
   306     46 100     2208 100 140551306 6365548 urllib3.packages.six.MovedModulePartition of a set of 2 objects. Total size = 2136 bytes.
 Index  Count   %     Size   % Cumulative  % Kind (class / dict of class)
   307      2 100     2136 100 140553442 6580217 _ctypes.PyCStructTypePartition of a set of 7 objects. Total size = 2128 bytes.
 Index  Count   %     Size   % Cumulative  % Kind (class / dict of class)
   308      7 100     2128 100 140555570 6605055 dict of PIL.Image.TransposePartition of a set of 7 objects. Total size = 2128 bytes.
 Index  Count   %     Size   % Cumulative  % Kind (class / dict of class)
   309      7 100     2128 100 140557698 6605155 dict of calendar.DayPartition of a set of 7 objects. Total size = 2128 bytes.
 Index  Count   %     Size   % Cumulative  % Kind (class / dict of class)
   310      7 100     2128 100 140559826 6605255 dict of matplotlib.backend_tools.CursorsPartition of a set of 7 objects. Total size = 2128 bytes.
 Index  Count   %     Size   % Cumulative  % Kind (class / dict of class)
   311      7 100     2128 100 140561954 6605355 dict of
                                                 pandas.core.interchange.dataframe_protocol.DtypeKin
                                                 dPartition of a set of 7 objects. Total size = 2128 bytes.
 Index  Count   %     Size   % Cumulative  % Kind (class / dict of class)
   312      7 100     2128 100 140564082 6605455 dict of pandas.core.internals.blocks.NumpyBlockPartition of a set of 7 objects. Total size = 2128 bytes.
 Index  Count   %     Size   % Cumulative  % Kind (class / dict of class)
   313      7 100     2128 100 140566210 6605555 dict of ssl.TLSVersionPartition of a set of 7 objects. Total size = 2128 bytes.
 Index  Count   %     Size   % Cumulative  % Kind (class / dict of class)
   314      7 100     2128 100 140568338 6605655 dict of ssl.VerifyFlagsPartition of a set of 53 objects. Total size = 2120 bytes.
 Index  Count   %     Size   % Cumulative  % Kind (class / dict of class)
   315     53 100     2120 100 140570458 6630682 builtins.fortranPartition of a set of 28 objects. Total size = 2048 bytes.
 Index  Count   %     Size   % Cumulative  % Kind (class / dict of class)
   316     28 100     2048 100 140572506 6863892 pygments.lexer.combinedPartition of a set of 34 objects. Total size = 2040 bytes.
 Index  Count   %     Size   % Cumulative  % Kind (class / dict of class)
   317     34 100     2040 100 140574546 6890909 ssl._TLSAlertTypePartition of a set of 49 objects. Total size = 1960 bytes.
 Index  Count   %     Size   % Cumulative  % Kind (class / dict of class)
   318     49 100     1960 100 140576506 7172271 pympler.asizeof._ClaskeyPartition of a set of 32 objects. Total size = 1920 bytes.
 Index  Count   %     Size   % Cumulative  % Kind (class / dict of class)
   319     32 100     1920 100 140578426 7321793 PIL.ExifTags.GPSPartition of a set of 8 objects. Total size = 1920 bytes.
 Index  Count   %     Size   % Cumulative  % Kind (class / dict of class)
   320      8 100     1920 100 140580346 7321893 dict of dash.dcc.Dropdown.DropdownPartition of a set of 8 objects. Total size = 1920 bytes.
 Index  Count   %     Size   % Cumulative  % Kind (class / dict of class)
   321      8 100     1920 100 140582266 7321993 dict of pandas.core.accessor.CachedAccessorPartition of a set of 8 objects. Total size = 1920 bytes.
 Index  Count   %     Size   % Cumulative  % Kind (class / dict of class)
   322      8 100     1920 100 140584186 7322093 dict of pandas.core.nanops.disallowPartition of a set of 8 objects. Total size = 1920 bytes.
 Index  Count   %     Size   % Cumulative  % Kind (class / dict of class)
   323      8 100     1920 100 140586106 7322193 dict of pyparsing.core.DiagnosticsPartition of a set of 8 objects. Total size = 1920 bytes.
 Index  Count   %     Size   % Cumulative  % Kind (class / dict of class)
   324      8 100     1920 100 140588026 7322293 dict of pyparsing.unicode._lazyclasspropertyPartition of a set of 8 objects. Total size = 1920 bytes.
 Index  Count   %     Size   % Cumulative  % Kind (class / dict of class)
   325      8 100     1920 100 140589946 7322393 dict of traitlets.traitlets.EnumPartition of a set of 8 objects. Total size = 1920 bytes.
 Index  Count   %     Size   % Cumulative  % Kind (class / dict of class)
   326      8 100     1920 100 140591866 7322493 dict of zarr.attrs.AttributesPartition of a set of 8 objects. Total size = 1920 bytes.
 Index  Count   %     Size   % Cumulative  % Kind (class / dict of class)
   327      8 100     1920 100 140593786 7322593 dict of zarr.indexing.BlockIndexPartition of a set of 8 objects. Total size = 1920 bytes.
 Index  Count   %     Size   % Cumulative  % Kind (class / dict of class)
   328      8 100     1920 100 140595706 7322693 dict of zarr.indexing.OIndexPartition of a set of 8 objects. Total size = 1920 bytes.
 Index  Count   %     Size   % Cumulative  % Kind (class / dict of class)
   329      8 100     1920 100 140597626 7322793 dict of zarr.indexing.VIndexPartition of a set of 8 objects. Total size = 1920 bytes.
 Index  Count   %     Size   % Cumulative  % Kind (class / dict of class)
   330      8 100     1920 100 140599546 7322893 dict of zarr.storage.DirectoryStorePartition of a set of 24 objects. Total size = 1920 bytes.
 Index  Count   %     Size   % Cumulative  % Kind (class / dict of class)
   331     24 100     1920 100 140601466 7322993 h5py.h5t.TypeIntegerIDPartition of a set of 40 objects. Total size = 1920 bytes.
 Index  Count   %     Size   % Cumulative  % Kind (class / dict of class)
   332     40 100     1920 100 140603386 7323093 traitlets.traitlets.ListPartition of a set of 39 objects. Total size = 1872 bytes.
 Index  Count   %     Size   % Cumulative  % Kind (class / dict of class)
   333     39 100     1872 100 140605258 7510965 IPython.core.magic_arguments.argumentPartition of a set of 31 objects. Total size = 1860 bytes.
 Index  Count   %     Size   % Cumulative  % Kind (class / dict of class)
   334     31 100     1860 100 140607118 7559522 psutil._psposix.NegsignalPartition of a set of 31 objects. Total size = 1860 bytes.
 Index  Count   %     Size   % Cumulative  % Kind (class / dict of class)
   335     31 100     1860 100 140608978 7559622 signal.SignalsPartition of a set of 6 objects. Total size = 1824 bytes.
 Index  Count   %     Size   % Cumulative  % Kind (class / dict of class)
   336      6 100     1824 100 140610802 7708926 dict of PIL.Image.ResamplingPartition of a set of 6 objects. Total size = 1824 bytes.
 Index  Count   %     Size   % Cumulative  % Kind (class / dict of class)
   337      6 100     1824 100 140612626 7709026 dict of ssl._SSLMethodPartition of a set of 6 objects. Total size = 1824 bytes.
 Index  Count   %     Size   % Cumulative  % Kind (class / dict of class)
   338      6 100     1824 100 140614450 7709126 dict of ssl._TLSContentTypePartition of a set of 4 objects. Total size = 1816 bytes.
 Index  Count   %     Size   % Cumulative  % Kind (class / dict of class)
   339      4 100     1816 100 140616266 7743186 dash._utils.AttributeDictPartition of a set of 6 objects. Total size = 1776 bytes.
 Index  Count   %     Size   % Cumulative  % Kind (class / dict of class)
   340      6 100     1776 100 140618042 7917683 dict of numpy.core.getlimits.MachArLikePartition of a set of 37 objects. Total size = 1776 bytes.
 Index  Count   %     Size   % Cumulative  % Kind (class / dict of class)
   341     37 100     1776 100 140619818 7917783 pyparsing.core.OptPartition of a set of 37 objects. Total size = 1776 bytes.
 Index  Count   %     Size   % Cumulative  % Kind (class / dict of class)
   342     37 100     1776 100 140621594 7917883 typing._SpecialGenericAliasPartition of a set of 7 objects. Total size = 1736 bytes.
 Index  Count   %     Size   % Cumulative  % Kind (class / dict of class)
   343      7 100     1736 100 140623330 8100422 dict of dateutil.rrule.weekdayPartition of a set of 7 objects. Total size = 1736 bytes.
 Index  Count   %     Size   % Cumulative  % Kind (class / dict of class)
   344      7 100     1736 100 140625066 8100522 dict of prompt_toolkit.cursor_shapes.CursorShapePartition of a set of 7 objects. Total size = 1736 bytes.
 Index  Count   %     Size   % Cumulative  % Kind (class / dict of class)
   345      7 100     1736 100 140626802 8100622 dict of traitlets.traitlets.CaselessStrEnumPartition of a set of 7 objects. Total size = 1736 bytes.
 Index  Count   %     Size   % Cumulative  % Kind (class / dict of class)
   346      7 100     1736 100 140628538 8100722 dict of traitlets.traitlets.DottedObjectNamePartition of a set of 7 objects. Total size = 1736 bytes.
 Index  Count   %     Size   % Cumulative  % Kind (class / dict of class)
   347      7 100     1736 100 140630274 8100822 dict of traitlets.traitlets.FloatPartition of a set of 36 objects. Total size = 1728 bytes.
 Index  Count   %     Size   % Cumulative  % Kind (class / dict of class)
   348     36 100     1728 100 140632002 8138426 traitlets.traitlets.DefaultHandlerPartition of a set of 1 object. Total size = 1704 bytes.
 Index  Count   %     Size   % Cumulative  % Kind (class / dict of class)
   349      1 100     1704 100 140633706 8253152 dateutil.tz._factories._TzOffsetFactoryPartition of a set of 1 object. Total size = 1704 bytes.
 Index  Count   %     Size   % Cumulative  % Kind (class / dict of class)
   350      1 100     1704 100 140635410 8253252 dateutil.tz._factories._TzSingletonPartition of a set of 1 object. Total size = 1704 bytes.
 Index  Count   %     Size   % Cumulative  % Kind (class / dict of class)
   351      1 100     1704 100 140637114 8253352 dateutil.tz._factories._TzStrFactoryPartition of a set of 1 object. Total size = 1704 bytes.
 Index  Count   %     Size   % Cumulative  % Kind (class / dict of class)
   352      1 100     1704 100 140638818 8253452 fsspec.spec._CachedPartition of a set of 1 object. Total size = 1704 bytes.
 Index  Count   %     Size   % Cumulative  % Kind (class / dict of class)
   353      1 100     1704 100 140640522 8253552 matplotlib.axes._SubplotBaseMetaPartition of a set of 1 object. Total size = 1704 bytes.
 Index  Count   %     Size   % Cumulative  % Kind (class / dict of class)
   354      1 100     1704 100 140642226 8253652 pandas._libs.tslibs.offsets.OffsetMetaPartition of a set of 1 object. Total size = 1704 bytes.
 Index  Count   %     Size   % Cumulative  % Kind (class / dict of class)
   355      1 100     1704 100 140643930 8253752 pandas.core.dtypes.generic.ABCBasePartition of a set of 1 object. Total size = 1704 bytes.
 Index  Count   %     Size   % Cumulative  % Kind (class / dict of class)
   356      1 100     1704 100 140645634 8253852 pandas.core.dtypes.generic.ABCBasePartition of a set of 1 object. Total size = 1704 bytes.
 Index  Count   %     Size   % Cumulative  % Kind (class / dict of class)
   357      1 100     1704 100 140647338 8253952 pandas.core.dtypes.generic.ABCBasePartition of a set of 1 object. Total size = 1704 bytes.
 Index  Count   %     Size   % Cumulative  % Kind (class / dict of class)
   358      1 100     1704 100 140649042 8254052 pandas.core.dtypes.generic.ABCBasePartition of a set of 1 object. Total size = 1704 bytes.
 Index  Count   %     Size   % Cumulative  % Kind (class / dict of class)
   359      1 100     1704 100 140650746 8254152 pandas.core.dtypes.generic.ABCBasePartition of a set of 1 object. Total size = 1704 bytes.
 Index  Count   %     Size   % Cumulative  % Kind (class / dict of class)
   360      1 100     1704 100 140652450 8254252 pandas.core.dtypes.generic.ABCBasePartition of a set of 1 object. Total size = 1704 bytes.
 Index  Count   %     Size   % Cumulative  % Kind (class / dict of class)
   361      1 100     1704 100 140654154 8254352 pandas.core.dtypes.generic.ABCBasePartition of a set of 1 object. Total size = 1704 bytes.
 Index  Count   %     Size   % Cumulative  % Kind (class / dict of class)
   362      1 100     1704 100 140655858 8254452 pandas.core.dtypes.generic.ABCBasePartition of a set of 1 object. Total size = 1704 bytes.
 Index  Count   %     Size   % Cumulative  % Kind (class / dict of class)
   363      1 100     1704 100 140657562 8254552 pandas.core.dtypes.generic.ABCBasePartition of a set of 1 object. Total size = 1704 bytes.
 Index  Count   %     Size   % Cumulative  % Kind (class / dict of class)
   364      1 100     1704 100 140659266 8254652 pandas.core.dtypes.generic.ABCBasePartition of a set of 1 object. Total size = 1704 bytes.
 Index  Count   %     Size   % Cumulative  % Kind (class / dict of class)
   365      1 100     1704 100 140660970 8254752 pandas.core.dtypes.generic.ABCBasePartition of a set of 1 object. Total size = 1704 bytes.
 Index  Count   %     Size   % Cumulative  % Kind (class / dict of class)
   366      1 100     1704 100 140662674 8254852 pandas.core.dtypes.generic.ABCBasePartition of a set of 1 object. Total size = 1704 bytes.
 Index  Count   %     Size   % Cumulative  % Kind (class / dict of class)
   367      1 100     1704 100 140664378 8254952 pandas.core.dtypes.generic.ABCBasePartition of a set of 1 object. Total size = 1704 bytes.
 Index  Count   %     Size   % Cumulative  % Kind (class / dict of class)
   368      1 100     1704 100 140666082 8255052 pandas.core.dtypes.generic.ABCBasePartition of a set of 1 object. Total size = 1704 bytes.
 Index  Count   %     Size   % Cumulative  % Kind (class / dict of class)
   369      1 100     1704 100 140667786 8255152 pandas.core.dtypes.generic.ABCBasePartition of a set of 1 object. Total size = 1704 bytes.
 Index  Count   %     Size   % Cumulative  % Kind (class / dict of class)
   370      1 100     1704 100 140669490 8255252 pandas.core.dtypes.generic.ABCBasePartition of a set of 1 object. Total size = 1704 bytes.
 Index  Count   %     Size   % Cumulative  % Kind (class / dict of class)
   371      1 100     1704 100 140671194 8255352 pandas.core.dtypes.generic.ABCBasePartition of a set of 1 object. Total size = 1704 bytes.
 Index  Count   %     Size   % Cumulative  % Kind (class / dict of class)
   372      1 100     1704 100 140672898 8255452 pygments.lexer.ProfilingRegexLexerMetaPartition of a set of 1 object. Total size = 1704 bytes.
 Index  Count   %     Size   % Cumulative  % Kind (class / dict of class)
   373      1 100     1704 100 140674602 8255552 traitlets.traitlets.MetaHasDescriptorsPartition of a set of 1 object. Total size = 1704 bytes.
 Index  Count   %     Size   % Cumulative  % Kind (class / dict of class)
   374      1 100     1704 100 140676306 8255652 typing.NamedTupleMetaPartition of a set of 1 object. Total size = 1704 bytes.
 Index  Count   %     Size   % Cumulative  % Kind (class / dict of class)
   375      1 100     1704 100 140678010 8255752 typing._AnyMetaPartition of a set of 1 object. Total size = 1704 bytes.
 Index  Count   %     Size   % Cumulative  % Kind (class / dict of class)
   376      1 100     1704 100 140679714 8255852 typing_extensions._NamedTupleMetaPartition of a set of 1 object. Total size = 1704 bytes.
 Index  Count   %     Size   % Cumulative  % Kind (class / dict of class)
   377      1 100     1704 100 140681418 8255952 urllib3.util.retry._RetryMetaPartition of a set of 30 objects. Total size = 1680 bytes.
 Index  Count   %     Size   % Cumulative  % Kind (class / dict of class)
   378     30 100     1680 100 140683098 8373994 ipaddress.IPv4AddressPartition of a set of 2 objects. Total size = 1664 bytes.
 Index  Count   %     Size   % Cumulative  % Kind (class / dict of class)
   379      2 100     1664 100 140684762 8454613 dict of
                                                 jupyter_client.provisioning.provisioner_base.Kernel
                                                 ProvisionerMetaPartition of a set of 4 objects. Total size = 1664 bytes.
 Index  Count   %     Size   % Cumulative  % Kind (class / dict of class)
   380      4 100     1664 100 140686426 8454713 dict of parso.normalizer._NormalizerMetaPartition of a set of 17 objects. Total size = 1632 bytes.
 Index  Count   %     Size   % Cumulative  % Kind (class / dict of class)
   381     17 100     1632 100 140688058 8620592 dict of werkzeug.routing.matcher.StatePartition of a set of 34 objects. Total size = 1632 bytes.
 Index  Count   %     Size   % Cumulative  % Kind (class / dict of class)
   382     34 100     1632 100 140689690 8620692 werkzeug.routing.rules.RulePartPartition of a set of 27 objects. Total size = 1620 bytes.
 Index  Count   %     Size   % Cumulative  % Kind (class / dict of class)
   383     27 100     1620 100 140691310 8684649 ssl.AlertDescriptionPartition of a set of 1 object. Total size = 1600 bytes.
 Index  Count   %     Size   % Cumulative  % Kind (class / dict of class)
   384      1 100     1600 100 140692910 8793307 matplotlib._docstring._ArtistKwdocLoaderPartition of a set of 25 objects. Total size = 1600 bytes.
 Index  Count   %     Size   % Cumulative  % Kind (class / dict of class)
   385     25 100     1600 100 140694510 8793407 pyarrow._compute.VectorFunctionPartition of a set of 1 object. Total size = 1584 bytes.
 Index  Count   %     Size   % Cumulative  % Kind (class / dict of class)
   386      1 100     1584 100 140696094 8882329 dict of pygments.lexers._automodulePartition of a set of 6 objects. Total size = 1536 bytes.
 Index  Count   %     Size   % Cumulative  % Kind (class / dict of class)
   387      6 100     1536 100 140697630 9160002 dict of dash.html.Br.BrPartition of a set of 6 objects. Total size = 1536 bytes.
 Index  Count   %     Size   % Cumulative  % Kind (class / dict of class)
   388      6 100     1536 100 140699166 9160102 dict of numpy.ma.core._DomainSafeDividePartition of a set of 6 objects. Total size = 1536 bytes.
 Index  Count   %     Size   % Cumulative  % Kind (class / dict of class)
   389      6 100     1536 100 140700702 9160202 dict of numpy.ma.core._DomainedBinaryOperationPartition of a set of 6 objects. Total size = 1536 bytes.
 Index  Count   %     Size   % Cumulative  % Kind (class / dict of class)
   390      6 100     1536 100 140702238 9160302 dict of numpy.vectorizePartition of a set of 6 objects. Total size = 1536 bytes.
 Index  Count   %     Size   % Cumulative  % Kind (class / dict of class)
   391      6 100     1536 100 140703774 9160402 dict of pandas.core.nanops.bottleneck_switchPartition of a set of 6 objects. Total size = 1536 bytes.
 Index  Count   %     Size   % Cumulative  % Kind (class / dict of class)
   392      6 100     1536 100 140705310 9160502 dict of pyparsing.core.ZeroOrMorePartition of a set of 6 objects. Total size = 1536 bytes.
 Index  Count   %     Size   % Cumulative  % Kind (class / dict of class)
   393      6 100     1536 100 140706846 9160602 dict of werkzeug.sansio.multipart.StatePartition of a set of 5 objects. Total size = 1520 bytes.
 Index  Count   %     Size   % Cumulative  % Kind (class / dict of class)
   394      5 100     1520 100 140708366 9257129 dict of PIL.ExifTags.IFDPartition of a set of 5 objects. Total size = 1520 bytes.
 Index  Count   %     Size   % Cumulative  % Kind (class / dict of class)
   395      5 100     1520 100 140709886 9257229 dict of PIL.ExifTags.InteropPartition of a set of 5 objects. Total size = 1520 bytes.
 Index  Count   %     Size   % Cumulative  % Kind (class / dict of class)
   396      5 100     1520 100 140711406 9257329 dict of PIL.Image.TransformPartition of a set of 5 objects. Total size = 1520 bytes.
 Index  Count   %     Size   % Cumulative  % Kind (class / dict of class)
   397      5 100     1520 100 140712926 9257429 dict of inspect._ParameterKindPartition of a set of 5 objects. Total size = 1520 bytes.
 Index  Count   %     Size   % Cumulative  % Kind (class / dict of class)
   398      5 100     1520 100 140714446 9257529 dict of matplotlib.backend_bases.MouseButtonPartition of a set of 5 objects. Total size = 1520 bytes.
 Index  Count   %     Size   % Cumulative  % Kind (class / dict of class)
   399      5 100     1520 100 140715966 9257629 dict of packaging._elffile.EMachinePartition of a set of 5 objects. Total size = 1520 bytes.
 Index  Count   %     Size   % Cumulative  % Kind (class / dict of class)
   400      5 100     1520 100 140717486 9257729 dict of
                                                 pandas.core.interchange.dataframe_protocol.ColumnNu
                                                 llTypePartition of a set of 5 objects. Total size = 1520 bytes.
 Index  Count   %     Size   % Cumulative  % Kind (class / dict of class)
   401      5 100     1520 100 140719006 9257829 dict of
                                                 prompt_toolkit.key_binding.vi_state.InputModePartition of a set of 5 objects. Total size = 1520 bytes.
 Index  Count   %     Size   % Cumulative  % Kind (class / dict of class)
   402      5 100     1520 100 140720526 9257929 dict of pyarrow.lib.MetadataVersionPartition of a set of 5 objects. Total size = 1520 bytes.
 Index  Count   %     Size   % Cumulative  % Kind (class / dict of class)
   403      5 100     1520 100 140722046 9258029 dict of socket.SocketKindPartition of a set of 5 objects. Total size = 1520 bytes.
 Index  Count   %     Size   % Cumulative  % Kind (class / dict of class)
   404      5 100     1520 100 140723566 9258129 dict of zmq.constants.PollEventPartition of a set of 25 objects. Total size = 1500 bytes.
 Index  Count   %     Size   % Cumulative  % Kind (class / dict of class)
   405     25 100     1500 100 140725066 9381671 zmq.constants.ErrnoPartition of a set of 31 objects. Total size = 1488 bytes.
 Index  Count   %     Size   % Cumulative  % Kind (class / dict of class)
   406     31 100     1488 100 140726554 9457430 traitlets.traitlets.IntPartition of a set of 7 objects. Total size = 1464 bytes.
 Index  Count   %     Size   % Cumulative  % Kind (class / dict of class)
   407      7 100     1464 100 140728018 9612570 types.GeneratorTypePartition of a set of 15 objects. Total size = 1440 bytes.
 Index  Count   %     Size   % Cumulative  % Kind (class / dict of class)
   408     15 100     1440 100 140729458 9772879 numpy.core.multiarray.typeinforangedPartition of a set of 25 objects. Total size = 1400 bytes.
 Index  Count   %     Size   % Cumulative  % Kind (class / dict of class)
   409     25 100     1400 100 140730858 10052204 _thread.lockPartition of a set of 3 objects. Total size = 1392 bytes.
 Index  Count   %     Size   % Cumulative  % Kind (class / dict of class)
   410      3 100     1392 100 140732250 10110075 dict of numcodecs.ndarray_like._CachedProtocolMetaPartition of a set of 29 objects. Total size = 1392 bytes.
 Index  Count   %     Size   % Cumulative  % Kind (class / dict of class)
   411     29 100     1392 100 140733642 10110175 traitlets.traitlets.DictPartition of a set of 7 objects. Total size = 1368 bytes.
 Index  Count   %     Size   % Cumulative  % Kind (class / dict of class)
   412      7 100     1368 100 140735010 10287647 traitlets.config.loader.ConfigPartition of a set of 7 objects. Total size = 1344 bytes.
 Index  Count   %     Size   % Cumulative  % Kind (class / dict of class)
   413      7 100     1344 100 140736354 10471455 dict of pandas.core.flags.FlagsPartition of a set of 28 objects. Total size = 1344 bytes.
 Index  Count   %     Size   % Cumulative  % Kind (class / dict of class)
   414     28 100     1344 100 140737698 10471555 ipaddress.IPv6NetworkPartition of a set of 5 objects. Total size = 1320 bytes.
 Index  Count   %     Size   % Cumulative  % Kind (class / dict of class)
   415      5 100     1320 100 140739018 10662047 dict of asyncio.sslproto.SSLProtocolStatePartition of a set of 5 objects. Total size = 1320 bytes.
 Index  Count   %     Size   % Cumulative  % Kind (class / dict of class)
   416      5 100     1320 100 140740338 10662147 dict of asyncio.timeouts._StatePartition of a set of 5 objects. Total size = 1320 bytes.
 Index  Count   %     Size   % Cumulative  % Kind (class / dict of class)
   417      5 100     1320 100 140741658 10662247 dict of click.core.ParameterSourcePartition of a set of 5 objects. Total size = 1320 bytes.
 Index  Count   %     Size   % Cumulative  % Kind (class / dict of class)
   418      5 100     1320 100 140742978 10662347 dict of dash.dcc.Tab.TabPartition of a set of 5 objects. Total size = 1320 bytes.
 Index  Count   %     Size   % Cumulative  % Kind (class / dict of class)
   419      5 100     1320 100 140744298 10662447 dict of importlib_metadata.FastPathPartition of a set of 5 objects. Total size = 1320 bytes.
 Index  Count   %     Size   % Cumulative  % Kind (class / dict of class)
   420      5 100     1320 100 140745618 10662547 dict of matplotlib.cbook.GrouperPartition of a set of 5 objects. Total size = 1320 bytes.
 Index  Count   %     Size   % Cumulative  % Kind (class / dict of class)
   421      5 100     1320 100 140746938 10662647 dict of matplotlib.dviread.DviStatePartition of a set of 5 objects. Total size = 1320 bytes.
 Index  Count   %     Size   % Cumulative  % Kind (class / dict of class)
   422      5 100     1320 100 140748258 10662747 dict of numpy.ma.extras._fromnxfunction_seqPartition of a set of 5 objects. Total size = 1320 bytes.
 Index  Count   %     Size   % Cumulative  % Kind (class / dict of class)
   423      5 100     1320 100 140749578 10662847 dict of prompt_toolkit.filters.base._InvertPartition of a set of 5 objects. Total size = 1320 bytes.
 Index  Count   %     Size   % Cumulative  % Kind (class / dict of class)
   424      5 100     1320 100 140750898 10662947 dict of prompt_toolkit.mouse_events.MouseButtonPartition of a set of 5 objects. Total size = 1320 bytes.
 Index  Count   %     Size   % Cumulative  % Kind (class / dict of class)
   425      5 100     1320 100 140752218 10663047 dict of prompt_toolkit.mouse_events.MouseEventTypePartition of a set of 5 objects. Total size = 1320 bytes.
 Index  Count   %     Size   % Cumulative  % Kind (class / dict of class)
   426      5 100     1320 100 140753538 10663147 dict of scipy.spatial.distance.CDistMetricWrapperPartition of a set of 5 objects. Total size = 1320 bytes.
 Index  Count   %     Size   % Cumulative  % Kind (class / dict of class)
   427      5 100     1320 100 140754858 10663247 dict of scipy.spatial.distance.PDistMetricWrapperPartition of a set of 5 objects. Total size = 1320 bytes.
 Index  Count   %     Size   % Cumulative  % Kind (class / dict of class)
   428      5 100     1320 100 140756178 10663347 dict of traitlets.traitlets.SetPartition of a set of 5 objects. Total size = 1320 bytes.
 Index  Count   %     Size   % Cumulative  % Kind (class / dict of class)
   429      5 100     1320 100 140757498 10663447 dict of werkzeug.utils.environ_propertyPartition of a set of 22 objects. Total size = 1320 bytes.
 Index  Count   %     Size   % Cumulative  % Kind (class / dict of class)
   430     22 100     1320 100 140758818 10663547 ssl._TLSMessageTypePartition of a set of 27 objects. Total size = 1296 bytes.
 Index  Count   %     Size   % Cumulative  % Kind (class / dict of class)
   431     27 100     1296 100 140760114 10861120 matplotlib.rcsetup.ValidateInStringsPartition of a set of 27 objects. Total size = 1296 bytes.
 Index  Count   %     Size   % Cumulative  % Kind (class / dict of class)
   432     27 100     1296 100 140761410 10861220 traitlets.traitlets.TypePartition of a set of 27 objects. Total size = 1296 bytes.
 Index  Count   %     Size   % Cumulative  % Kind (class / dict of class)
   433     27 100     1296 100 140762706 10861320 werkzeug.utils.header_propertyPartition of a set of 7 objects. Total size = 1288 bytes.
 Index  Count   %     Size   % Cumulative  % Kind (class / dict of class)
   434      7 100     1288 100 140763994 10928882 dict of functools.partialPartition of a set of 20 objects. Total size = 1280 bytes.
 Index  Count   %     Size   % Cumulative  % Kind (class / dict of class)
   435     20 100     1280 100 140765274 10997287 _io.FileIOPartition of a set of 5 objects. Total size = 1280 bytes.
 Index  Count   %     Size   % Cumulative  % Kind (class / dict of class)
   436      5 100     1280 100 140766554 10997387 dict of _weakrefset.WeakSetPartition of a set of 21 objects. Total size = 1260 bytes.
 Index  Count   %     Size   % Cumulative  % Kind (class / dict of class)
   437     21 100     1260 100 140767814 11172049 PIL.ExifTags.LightSourcePartition of a set of 21 objects. Total size = 1260 bytes.
 Index  Count   %     Size   % Cumulative  % Kind (class / dict of class)
   438     21 100     1260 100 140769074 11172149 re.RegexFlagPartition of a set of 21 objects. Total size = 1260 bytes.
 Index  Count   %     Size   % Cumulative  % Kind (class / dict of class)
   439     21 100     1260 100 140770334 11172249 zmq.constants.SocketTypePartition of a set of 6 objects. Total size = 1248 bytes.
 Index  Count   %     Size   % Cumulative  % Kind (class / dict of class)
   440      6 100     1248 100 140771582 11279774 dict of
                                                  pandas.core.internals.managers.SingleBlockManagerPartition of a set of 26 objects. Total size = 1248 bytes.
 Index  Count   %     Size   % Cumulative  % Kind (class / dict of class)
   441     26 100     1248 100 140772830 11279874 numpy.ma.core._MaskedUnaryOperationPartition of a set of 26 objects. Total size = 1248 bytes.
 Index  Count   %     Size   % Cumulative  % Kind (class / dict of class)
   442     26 100     1248 100 140774078 11279974 numpy.ma.core._frommethodPartition of a set of 22 objects. Total size = 1232 bytes.
 Index  Count   %     Size   % Cumulative  % Kind (class / dict of class)
   443     22 100     1232 100 140775310 11426567
                                                  pandas._libs.missing.__pyx_scope_struct___create_b
                                                  inary_propagating_opPartition of a set of 4 objects. Total size = 1216 bytes.
 Index  Count   %     Size   % Cumulative  % Kind (class / dict of class)
   444      4 100     1216 100 140776526 11577017 dict of IPython.utils.ipstruct.StructPartition of a set of 4 objects. Total size = 1216 bytes.
 Index  Count   %     Size   % Cumulative  % Kind (class / dict of class)
   445      4 100     1216 100 140777742 11577117 dict of PIL.Image.DitherPartition of a set of 4 objects. Total size = 1216 bytes.
 Index  Count   %     Size   % Cumulative  % Kind (class / dict of class)
   446      4 100     1216 100 140778958 11577217 dict of PIL.Image.QuantizePartition of a set of 4 objects. Total size = 1216 bytes.
 Index  Count   %     Size   % Cumulative  % Kind (class / dict of class)
   447      4 100     1216 100 140780174 11577317 dict of enum.FlagBoundaryPartition of a set of 4 objects. Total size = 1216 bytes.
 Index  Count   %     Size   % Cumulative  % Kind (class / dict of class)
   448      4 100     1216 100 140781390 11577417 dict of
                                                  prompt_toolkit.output.color_depth.ColorDepthPartition of a set of 4 objects. Total size = 1216 bytes.
 Index  Count   %     Size   % Cumulative  % Kind (class / dict of class)
   449      4 100     1216 100 140782606 11577517 dict of zmq.constants.SecurityMechanismPartition of a set of 6 objects. Total size = 1200 bytes.
 Index  Count   %     Size   % Cumulative  % Kind (class / dict of class)
   450      6 100     1200 100 140783806 11731984 dict of pandas.core.series.SeriesPartition of a set of 25 objects. Total size = 1200 bytes.
 Index  Count   %     Size   % Cumulative  % Kind (class / dict of class)
   451     25 100     1200 100 140785006 11732084 traitlets.traitlets.AnyPartition of a set of 5 objects. Total size = 1160 bytes.
 Index  Count   %     Size   % Cumulative  % Kind (class / dict of class)
   452      5 100     1160 100 140786166 12136738 dict of importlib_metadata.LookupPartition of a set of 24 objects. Total size = 1152 bytes.
 Index  Count   %     Size   % Cumulative  % Kind (class / dict of class)
   453     24 100     1152 100 140787318 12221121 argparse._ArgumentGroupPartition of a set of 24 objects. Total size = 1152 bytes.
 Index  Count   %     Size   % Cumulative  % Kind (class / dict of class)
   454     24 100     1152 100 140788470 12221221 pandas.compat.numpy.function.CompatValidatorPartition of a set of 16 objects. Total size = 1152 bytes.
 Index  Count   %     Size   % Cumulative  % Kind (class / dict of class)
   455     16 100     1152 100 140789622 12221321 pyarrow.lib.TimestampTypePartition of a set of 71 objects. Total size = 1136 bytes.
 Index  Count   %     Size   % Cumulative  % Kind (class / dict of class)
   456     71 100     1136 100 140790758 12393553 objectPartition of a set of 2 objects. Total size = 1136 bytes.
 Index  Count   %     Size   % Cumulative  % Kind (class / dict of class)
   457      2 100     1136 100 140791894 12393653 werkzeug.datastructures.structures.ImmutableDictPartition of a set of 5 objects. Total size = 1120 bytes.
 Index  Count   %     Size   % Cumulative  % Kind (class / dict of class)
   458      5 100     1120 100 140793014 12570805 dict of _frozen_importlib_external.NamespaceLoaderPartition of a set of 5 objects. Total size = 1120 bytes.
 Index  Count   %     Size   % Cumulative  % Kind (class / dict of class)
   459      5 100     1120 100 140794134 12570905 dict of _frozen_importlib_external._NamespacePathPartition of a set of 28 objects. Total size = 1120 bytes.
 Index  Count   %     Size   % Cumulative  % Kind (class / dict of class)
   460     28 100     1120 100 140795254 12571005 numpy.datetime64Partition of a set of 28 objects. Total size = 1120 bytes.
 Index  Count   %     Size   % Cumulative  % Kind (class / dict of class)
   461     28 100     1120 100 140796374 12571105 numpy.timedelta64Partition of a set of 10 objects. Total size = 1095 bytes.
 Index  Count   %     Size   % Cumulative  % Kind (class / dict of class)
   462     10 100     1095 100 140797469 12858216 importlib.metadata._text.FoldedCasePartition of a set of 10 objects. Total size = 1095 bytes.
 Index  Count   %     Size   % Cumulative  % Kind (class / dict of class)
   463     10 100     1095 100 140798564 12858316 importlib_metadata._text.FoldedCasePartition of a set of 17 objects. Total size = 1088 bytes.
 Index  Count   %     Size   % Cumulative  % Kind (class / dict of class)
   464     17 100     1088 100 140799652 12941144 _thread.RLockPartition of a set of 4 objects. Total size = 1088 bytes.
 Index  Count   %     Size   % Cumulative  % Kind (class / dict of class)
   465      4 100     1088 100 140800740 12941244 dict of IPython.core.completer._DictKeyStatePartition of a set of 4 objects. Total size = 1088 bytes.
 Index  Count   %     Size   % Cumulative  % Kind (class / dict of class)
   466      4 100     1088 100 140801828 12941344 dict of IPython.utils.coloransi.ColorSchemePartition of a set of 4 objects. Total size = 1088 bytes.
 Index  Count   %     Size   % Cumulative  % Kind (class / dict of class)
   467      4 100     1088 100 140802916 12941444 dict of asyncio.locks._BarrierStatePartition of a set of 4 objects. Total size = 1088 bytes.
 Index  Count   %     Size   % Cumulative  % Kind (class / dict of class)
   468      4 100     1088 100 140804004 12941544 dict of asyncio.sslproto.AppProtocolStatePartition of a set of 4 objects. Total size = 1088 bytes.
 Index  Count   %     Size   % Cumulative  % Kind (class / dict of class)
   469      4 100     1088 100 140805092 12941644 dict of clgs.dataPartition of a set of 4 objects. Total size = 1088 bytes.
 Index  Count   %     Size   % Cumulative  % Kind (class / dict of class)
   470      4 100     1088 100 140806180 12941744 dict of dash.dcc.Graph.GraphPartition of a set of 4 objects. Total size = 1088 bytes.
 Index  Count   %     Size   % Cumulative  % Kind (class / dict of class)
   471      4 100     1088 100 140807268 12941844 dict of dash.html.Hr.HrPartition of a set of 4 objects. Total size = 1088 bytes.
 Index  Count   %     Size   % Cumulative  % Kind (class / dict of class)
   472      4 100     1088 100 140808356 12941944 dict of
                                                  dash_bootstrap_components._components.Button.Butto
                                                  nPartition of a set of 4 objects. Total size = 1088 bytes.
 Index  Count   %     Size   % Cumulative  % Kind (class / dict of class)
   473      4 100     1088 100 140809444 12942044 dict of
                                                  dash_bootstrap_components._components.Card.CardPartition of a set of 4 objects. Total size = 1088 bytes.
 Index  Count   %     Size   % Cumulative  % Kind (class / dict of class)
   474      4 100     1088 100 140810532 12942144 dict of
                                                  dash_bootstrap_components._components.CardBody.Car
                                                  dBodyPartition of a set of 4 objects. Total size = 1088 bytes.
 Index  Count   %     Size   % Cumulative  % Kind (class / dict of class)
   475      4 100     1088 100 140811620 12942244 dict of
                                                  dash_bootstrap_components._components.Collapse.Col
                                                  lapsePartition of a set of 4 objects. Total size = 1088 bytes.
 Index  Count   %     Size   % Cumulative  % Kind (class / dict of class)
   476      4 100     1088 100 140812708 12942344 dict of jupyter_client.manager._ShutdownStatusPartition of a set of 4 objects. Total size = 1088 bytes.
 Index  Count   %     Size   % Cumulative  % Kind (class / dict of class)
   477      4 100     1088 100 140813796 12942444 dict of matplotlib._mathtext._MathStylePartition of a set of 4 objects. Total size = 1088 bytes.
 Index  Count   %     Size   % Cumulative  % Kind (class / dict of class)
   478      4 100     1088 100 140814884 12942544 dict of matplotlib.category.StrCategoryConverterPartition of a set of 4 objects. Total size = 1088 bytes.
 Index  Count   %     Size   % Cumulative  % Kind (class / dict of class)
   479      4 100     1088 100 140815972 12942644 dict of pandas._config.config.CallableDynamicDocPartition of a set of 4 objects. Total size = 1088 bytes.
 Index  Count   %     Size   % Cumulative  % Kind (class / dict of class)
   480      4 100     1088 100 140817060 12942744 dict of prompt_toolkit.cache.SimpleCachePartition of a set of 4 objects. Total size = 1088 bytes.
 Index  Count   %     Size   % Cumulative  % Kind (class / dict of class)
   481      4 100     1088 100 140818148 12942844 dict of
                                                  prompt_toolkit.key_binding.bindings.vi.TextObjectT
                                                  ypePartition of a set of 4 objects. Total size = 1088 bytes.
 Index  Count   %     Size   % Cumulative  % Kind (class / dict of class)
   482      4 100     1088 100 140819236 12942944 dict of
                                                  prompt_toolkit.layout.containers.HorizontalAlignPartition of a set of 4 objects. Total size = 1088 bytes.
 Index  Count   %     Size   % Cumulative  % Kind (class / dict of class)
   483      4 100     1088 100 140820324 12943044 dict of
                                                  prompt_toolkit.layout.containers.VerticalAlignPartition of a set of 4 objects. Total size = 1088 bytes.
 Index  Count   %     Size   % Cumulative  % Kind (class / dict of class)
   484      4 100     1088 100 140821412 12943144 dict of werkzeug.routing.converters.PathConverterPartition of a set of 4 objects. Total size = 1088 bytes.
 Index  Count   %     Size   % Cumulative  % Kind (class / dict of class)
   485      4 100     1088 100 140822500 12943244 dict of xarray.core.indexing.IndexingSupportPartition of a set of 4 objects. Total size = 1088 bytes.
 Index  Count   %     Size   % Cumulative  % Kind (class / dict of class)
   486      4 100     1088 100 140823588 12943344 dict of xarray.core.utils.UncachedAccessorPartition of a set of 4 objects. Total size = 1088 bytes.
 Index  Count   %     Size   % Cumulative  % Kind (class / dict of class)
   487      4 100     1088 100 140824676 12943444 dict of zmq.constants._OptTypePartition of a set of 17 objects. Total size = 1088 bytes.
 Index  Count   %     Size   % Cumulative  % Kind (class / dict of class)
   488     17 100     1088 100 140825764 12943544 pyarrow._compute.ScalarAggregateFunctionPartition of a set of 18 objects. Total size = 1080 bytes.
 Index  Count   %     Size   % Cumulative  % Kind (class / dict of class)
   489     18 100     1080 100 140826844 13039523 ast._PrecedencePartition of a set of 13 objects. Total size = 1040 bytes.
 Index  Count   %     Size   % Cumulative  % Kind (class / dict of class)
   490     13 100     1040 100 140827884 13541143 h5py.h5t.TypeFloatIDPartition of a set of 4 objects. Total size = 1024 bytes.
 Index  Count   %     Size   % Cumulative  % Kind (class / dict of class)
   491      4 100     1024 100 140828908 13752823 dict of pyparsing.core.GroupPartition of a set of 17 objects. Total size = 1020 bytes.
 Index  Count   %     Size   % Cumulative  % Kind (class / dict of class)
   492     17 100     1020 100 140829928 13806856 inspect.BufferFlagsPartition of a set of 21 objects. Total size = 1008 bytes.
 Index  Count   %     Size   % Cumulative  % Kind (class / dict of class)
   493     21 100     1008 100 140830936 13971323 dash.dcc.Slider.SliderPartition of a set of 21 objects. Total size = 1008 bytes.
 Index  Count   %     Size   % Cumulative  % Kind (class / dict of class)
   494     21 100     1008 100 140831944 13971423 scipy.spatial.distance.MetricInfoPartition of a set of 14 objects. Total size = 1008 bytes.
 Index  Count   %     Size   % Cumulative  % Kind (class / dict of class)
   495     14 100     1008 100 140832952 13971523 typing._SpecialFormPartition of a set of 21 objects. Total size = 1008 bytes.
 Index  Count   %     Size   % Cumulative  % Kind (class / dict of class)
   496     21 100     1008 100 140833960 13971623 weakref.WeakKeyDictionaryPartition of a set of 25 objects. Total size = 1000 bytes.
 Index  Count   %     Size   % Cumulative  % Kind (class / dict of class)
   497     25 100     1000 100 140834960 14083496 builtins.fortranPartition of a set of 25 objects. Total size = 1000 bytes.
 Index  Count   %     Size   % Cumulative  % Kind (class / dict of class)
   498     25 100     1000 100 140835960 14083596 builtins.fortranPartition of a set of 20 objects. Total size = 960 bytes.
 Index  Count   %     Size   % Cumulative  % Kind (class / dict of class)
   499     20 100      960 100 140836920 14670512 argparse._StoreTrueActionPartition of a set of 15 objects. Total size = 960 bytes.
 Index  Count   %     Size   % Cumulative  % Kind (class / dict of class)
   500     15 100      960 100 140837880 14670612 dict of _io.BufferedWriterPartition of a set of 12 objects. Total size = 960 bytes.
 Index  Count   %     Size   % Cumulative  % Kind (class / dict of class)
   501     12 100      960 100 140838840 14670712 h5py.h5t.TypeBitfieldIDPartition of a set of 15 objects. Total size = 960 bytes.
 Index  Count   %     Size   % Cumulative  % Kind (class / dict of class)
   502     15 100      960 100 140839800 14670812 pyarrow.lib.DataTypePartition of a set of 20 objects. Total size = 960 bytes.
 Index  Count   %     Size   % Cumulative  % Kind (class / dict of class)
   503     20 100      960 100 140840760 14670912 scipy._lib._testutils.PytestTesterPartition of a set of 1 object. Total size = 936 bytes.
 Index  Count   %     Size   % Cumulative  % Kind (class / dict of class)
   504      1 100      936 100 140841696 15047190 collections.abc._DeprecateByteStringMetaPartition of a set of 1 object. Total size = 936 bytes.
 Index  Count   %     Size   % Cumulative  % Kind (class / dict of class)
   505      1 100      936 100 140842632 15047290 ctypes._endian._swapped_struct_metaPartition of a set of 1 object. Total size = 936 bytes.
 Index  Count   %     Size   % Cumulative  % Kind (class / dict of class)
   506      1 100      936 100 140843568 15047390 ctypes._endian._swapped_union_metaPartition of a set of 13 objects. Total size = 936 bytes.
 Index  Count   %     Size   % Cumulative  % Kind (class / dict of class)
   507     13 100      936 100 140844504 15047490 psutil._psosx.scputimesPartition of a set of 1 object. Total size = 936 bytes.
 Index  Count   %     Size   % Cumulative  % Kind (class / dict of class)
   508      1 100      936 100 140845440 15047590 typing_extensions._ProtocolMetaPartition of a set of 13 objects. Total size = 936 bytes.
 Index  Count   %     Size   % Cumulative  % Kind (class / dict of class)
   509     13 100      936 100 140846376 15047690 werkzeug.local._ProxyIOpPartition of a set of 29 objects. Total size = 928 bytes.
 Index  Count   %     Size   % Cumulative  % Kind (class / dict of class)
   510     29 100      928 100 140847304 15177511 complexPartition of a set of 9 objects. Total size = 924 bytes.
 Index  Count   %     Size   % Cumulative  % Kind (class / dict of class)
   511      9 100      924 100 140848228 15243315 pstats.SortKeyPartition of a set of 5 objects. Total size = 920 bytes.
 Index  Count   %     Size   % Cumulative  % Kind (class / dict of class)
   512      5 100      920 100 140849148 15309690 dict of ast._ABCPartition of a set of 3 objects. Total size = 920 bytes.
 Index  Count   %     Size   % Cumulative  % Kind (class / dict of class)
   513      3 100      920 100 140850068 15309790 dict of pygments.lexer.LexerMetaPartition of a set of 5 objects. Total size = 920 bytes.
 Index  Count   %     Size   % Cumulative  % Kind (class / dict of class)
   514      5 100      920 100 140850988 15309890 re.MatchPartition of a set of 9 objects. Total size = 917 bytes.
 Index  Count   %     Size   % Cumulative  % Kind (class / dict of class)
   515      9 100      917 100 140851905 15360077 http.HTTPMethodPartition of a set of 3 objects. Total size = 912 bytes.
 Index  Count   %     Size   % Cumulative  % Kind (class / dict of class)
   516      3 100      912 100 140852817 15444388 dict of PIL.PngImagePlugin.DisposalPartition of a set of 3 objects. Total size = 912 bytes.
 Index  Count   %     Size   % Cumulative  % Kind (class / dict of class)
   517      3 100      912 100 140853729 15444488 dict of enum.EnumCheckPartition of a set of 3 objects. Total size = 912 bytes.
 Index  Count   %     Size   % Cumulative  % Kind (class / dict of class)
   518      3 100      912 100 140854641 15444588 dict of matplotlib._enums.CapStylePartition of a set of 3 objects. Total size = 912 bytes.
 Index  Count   %     Size   % Cumulative  % Kind (class / dict of class)
   519      3 100      912 100 140855553 15444688 dict of matplotlib._enums.JoinStylePartition of a set of 3 objects. Total size = 912 bytes.
 Index  Count   %     Size   % Cumulative  % Kind (class / dict of class)
   520      3 100      912 100 140856465 15444788 dict of matplotlib.backend_bases._ModePartition of a set of 3 objects. Total size = 912 bytes.
 Index  Count   %     Size   % Cumulative  % Kind (class / dict of class)
   521      3 100      912 100 140857377 15444888 dict of
                                                  prompt_toolkit.shortcuts.prompt.CompleteStylePartition of a set of 3 objects. Total size = 912 bytes.
 Index  Count   %     Size   % Cumulative  % Kind (class / dict of class)
   522      3 100      912 100 140858289 15444988 dict of psutil._common.NicDuplexPartition of a set of 3 objects. Total size = 912 bytes.
 Index  Count   %     Size   % Cumulative  % Kind (class / dict of class)
   523      3 100      912 100 140859201 15445088 dict of random.RandomPartition of a set of 3 objects. Total size = 912 bytes.
 Index  Count   %     Size   % Cumulative  % Kind (class / dict of class)
   524      3 100      912 100 140860113 15445188 dict of signal.SigmasksPartition of a set of 3 objects. Total size = 912 bytes.
 Index  Count   %     Size   % Cumulative  % Kind (class / dict of class)
   525      3 100      912 100 140861025 15445288 dict of ssl.VerifyModePartition of a set of 3 objects. Total size = 912 bytes.
 Index  Count   %     Size   % Cumulative  % Kind (class / dict of class)
   526      3 100      912 100 140861937 15445388 dict of zmq.constants.DeviceTypePartition of a set of 3 objects. Total size = 912 bytes.
 Index  Count   %     Size   % Cumulative  % Kind (class / dict of class)
   527      3 100      912 100 140862849 15445488 dict of zmq.constants.MessageOptionPartition of a set of 3 objects. Total size = 912 bytes.
 Index  Count   %     Size   % Cumulative  % Kind (class / dict of class)
   528      3 100      912 100 140863761 15445588 dict of zmq.constants.ReconnectStopPartition of a set of 19 objects. Total size = 912 bytes.
 Index  Count   %     Size   % Cumulative  % Kind (class / dict of class)
   529     19 100      912 100 140864673 15445688 ipaddress.IPv4NetworkPartition of a set of 19 objects. Total size = 912 bytes.
 Index  Count   %     Size   % Cumulative  % Kind (class / dict of class)
   530     19 100      912 100 140865585 15445788 matplotlib.path.PathPartition of a set of 15 objects. Total size = 908 bytes.
 Index  Count   %     Size   % Cumulative  % Kind (class / dict of class)
   531     15 100      908 100 140866493 15513931 ssl.OptionsPartition of a set of 11 objects. Total size = 880 bytes.
 Index  Count   %     Size   % Cumulative  % Kind (class / dict of class)
   532     11 100      880 100 140867373 16007656 numpy.core.multiarray.typeinfoPartition of a set of 18 objects. Total size = 864 bytes.
 Index  Count   %     Size   % Cumulative  % Kind (class / dict of class)
   533     18 100      864 100 140868237 16304194 argparse._StoreActionPartition of a set of 18 objects. Total size = 864 bytes.
 Index  Count   %     Size   % Cumulative  % Kind (class / dict of class)
   534     18 100      864 100 140869101 16304294 cycler.CyclerPartition of a set of 9 objects. Total size = 864 bytes.
 Index  Count   %     Size   % Cumulative  % Kind (class / dict of class)
   535      9 100      864 100 140869965 16304394 numpy.dtypes.VoidDTypePartition of a set of 18 objects. Total size = 864 bytes.
 Index  Count   %     Size   % Cumulative  % Kind (class / dict of class)
   536     18 100      864 100 140870829 16304494 numpy.ma.core._MaskedBinaryOperationPartition of a set of 18 objects. Total size = 864 bytes.
 Index  Count   %     Size   % Cumulative  % Kind (class / dict of class)
   537     18 100      864 100 140871693 16304594 pygments.lexer.wordsPartition of a set of 18 objects. Total size = 864 bytes.
 Index  Count   %     Size   % Cumulative  % Kind (class / dict of class)
   538     18 100      864 100 140872557 16304694 stack_data.utils.cached_propertyPartition of a set of 1 object. Total size = 848 bytes.
 Index  Count   %     Size   % Cumulative  % Kind (class / dict of class)
   539      1 100      848 100 140873405 16612430 _strptime.TimeREPartition of a set of 1 object. Total size = 848 bytes.
 Index  Count   %     Size   % Cumulative  % Kind (class / dict of class)
   540      1 100      848 100 140874253 16612530 flask.config.ConfigPartition of a set of 1 object. Total size = 848 bytes.
 Index  Count   %     Size   % Cumulative  % Kind (class / dict of class)
   541      1 100      848 100 140875101 16612630 pandas._libs.tslibs.strptime.TimeREPartition of a set of 3 objects. Total size = 840 bytes.
 Index  Count   %     Size   % Cumulative  % Kind (class / dict of class)
   542      3 100      840 100 140875941 16770945 dict of
                                                  IPython.core.interactiveshell.SeparateUnicodePartition of a set of 3 objects. Total size = 840 bytes.
 Index  Count   %     Size   % Cumulative  % Kind (class / dict of class)
   543      3 100      840 100 140876781 16771045 dict of _sitebuiltins._PrinterPartition of a set of 3 objects. Total size = 840 bytes.
 Index  Count   %     Size   % Cumulative  % Kind (class / dict of class)
   544      3 100      840 100 140877621 16771145 dict of asyncio.constants._SendfileModePartition of a set of 3 objects. Total size = 840 bytes.
 Index  Count   %     Size   % Cumulative  % Kind (class / dict of class)
   545      3 100      840 100 140878461 16771245 dict of asyncio.runners._StatePartition of a set of 3 objects. Total size = 840 bytes.
 Index  Count   %     Size   % Cumulative  % Kind (class / dict of class)
   546      3 100      840 100 140879301 16771345 dict of click.core.CommandPartition of a set of 3 objects. Total size = 840 bytes.
 Index  Count   %     Size   % Cumulative  % Kind (class / dict of class)
   547      3 100      840 100 140880141 16771445 dict of click.types.PathPartition of a set of 3 objects. Total size = 840 bytes.
 Index  Count   %     Size   % Cumulative  % Kind (class / dict of class)
   548      3 100      840 100 140880981 16771545 dict of dash.dcc.Input.InputPartition of a set of 3 objects. Total size = 840 bytes.
 Index  Count   %     Size   % Cumulative  % Kind (class / dict of class)
   549      3 100      840 100 140881821 16771645 dict of dash.dependencies._WildcardPartition of a set of 3 objects. Total size = 840 bytes.
 Index  Count   %     Size   % Cumulative  % Kind (class / dict of class)
   550      3 100      840 100 140882661 16771745 dict of dash.html.Button.ButtonPartition of a set of 3 objects. Total size = 840 bytes.
 Index  Count   %     Size   % Cumulative  % Kind (class / dict of class)
   551      3 100      840 100 140883501 16771845 dict of dash.html.Img.ImgPartition of a set of 3 objects. Total size = 840 bytes.
 Index  Count   %     Size   % Cumulative  % Kind (class / dict of class)
   552      3 100      840 100 140884341 16771945 dict of dataclasses._FIELD_BASEPartition of a set of 3 objects. Total size = 840 bytes.
 Index  Count   %     Size   % Cumulative  % Kind (class / dict of class)
   553      3 100      840 100 140885181 16772045 dict of flask.config.ConfigAttributePartition of a set of 3 objects. Total size = 840 bytes.
 Index  Count   %     Size   % Cumulative  % Kind (class / dict of class)
   554      3 100      840 100 140886021 16772145 dict of h5py._hl.base.cached_propertyPartition of a set of 3 objects. Total size = 840 bytes.
 Index  Count   %     Size   % Cumulative  % Kind (class / dict of class)
   555      3 100      840 100 140886861 16772245 dict of
                                                  jedi.inference.compiled.value.CheckAttributePartition of a set of 3 objects. Total size = 840 bytes.
 Index  Count   %     Size   % Cumulative  % Kind (class / dict of class)
   556      3 100      840 100 140887701 16772345 dict of jedi.inference.flow_analysis.StatusPartition of a set of 3 objects. Total size = 840 bytes.
 Index  Count   %     Size   % Cumulative  % Kind (class / dict of class)
   557      3 100      840 100 140888541 16772445 dict of jinja2.utils._PassArgPartition of a set of 3 objects. Total size = 840 bytes.
 Index  Count   %     Size   % Cumulative  % Kind (class / dict of class)
   558      3 100      840 100 140889381 16772545 dict of logging.FormatterPartition of a set of 3 objects. Total size = 840 bytes.
 Index  Count   %     Size   % Cumulative  % Kind (class / dict of class)
   559      3 100      840 100 140890221 16772645 dict of logging.NullHandlerPartition of a set of 3 objects. Total size = 840 bytes.
 Index  Count   %     Size   % Cumulative  % Kind (class / dict of class)
   560      3 100      840 100 140891061 16772745 dict of logging.PercentStylePartition of a set of 3 objects. Total size = 840 bytes.
 Index  Count   %     Size   % Cumulative  % Kind (class / dict of class)
   561      3 100      840 100 140891901 16772845 dict of logging.StreamHandlerPartition of a set of 3 objects. Total size = 840 bytes.
 Index  Count   %     Size   % Cumulative  % Kind (class / dict of class)
   562      3 100      840 100 140892741 16772945 dict of matplotlib.pyplot._ReplDisplayHookPartition of a set of 3 objects. Total size = 840 bytes.
 Index  Count   %     Size   % Cumulative  % Kind (class / dict of class)
   563      3 100      840 100 140893581 16773045 dict of numpy._CopyModePartition of a set of 3 objects. Total size = 840 bytes.
 Index  Count   %     Size   % Cumulative  % Kind (class / dict of class)
   564      3 100      840 100 140894421 16773145 dict of numpy.finfoPartition of a set of 3 objects. Total size = 840 bytes.
 Index  Count   %     Size   % Cumulative  % Kind (class / dict of class)
   565      3 100      840 100 140895261 16773245 dict of numpy.ma.core._DomainCheckIntervalPartition of a set of 3 objects. Total size = 840 bytes.
 Index  Count   %     Size   % Cumulative  % Kind (class / dict of class)
   566      3 100      840 100 140896101 16773345 dict of numpy.ma.core._DomainGreaterPartition of a set of 3 objects. Total size = 840 bytes.
 Index  Count   %     Size   % Cumulative  % Kind (class / dict of class)
   567      3 100      840 100 140896941 16773445 dict of numpy.ma.extras._fromnxfunction_allargsPartition of a set of 3 objects. Total size = 840 bytes.
 Index  Count   %     Size   % Cumulative  % Kind (class / dict of class)
   568      3 100      840 100 140897781 16773545 dict of pandas._libs.tslibs.timedeltas.MinMaxResoPartition of a set of 3 objects. Total size = 840 bytes.
 Index  Count   %     Size   % Cumulative  % Kind (class / dict of class)
   569      3 100      840 100 140898621 16773645 dict of pandas._libs.tslibs.timestamps.MinMaxResoPartition of a set of 3 objects. Total size = 840 bytes.
 Index  Count   %     Size   % Cumulative  % Kind (class / dict of class)
   570      3 100      840 100 140899461 16773745 dict of
                                                  pandas.io.parsers.base_parser.BadLineHandleMethodPartition of a set of 3 objects. Total size = 840 bytes.
 Index  Count   %     Size   % Cumulative  % Kind (class / dict of class)
   571      3 100      840 100 140900301 16773845 dict of prompt_toolkit.buffer.ValidationStatePartition of a set of 3 objects. Total size = 840 bytes.
 Index  Count   %     Size   % Cumulative  % Kind (class / dict of class)
   572      3 100      840 100 140901141 16773945 dict of
                                                  prompt_toolkit.layout.containers.WindowAlignPartition of a set of 3 objects. Total size = 840 bytes.
 Index  Count   %     Size   % Cumulative  % Kind (class / dict of class)
   573      3 100      840 100 140901981 16774045 dict of prompt_toolkit.mouse_events.MouseModifierPartition of a set of 3 objects. Total size = 840 bytes.
 Index  Count   %     Size   % Cumulative  % Kind (class / dict of class)
   574      3 100      840 100 140902821 16774145 dict of prompt_toolkit.renderer.CPR_SupportPartition of a set of 3 objects. Total size = 840 bytes.
 Index  Count   %     Size   % Cumulative  % Kind (class / dict of class)
   575      3 100      840 100 140903661 16774245 dict of prompt_toolkit.selection.PasteModePartition of a set of 3 objects. Total size = 840 bytes.
 Index  Count   %     Size   % Cumulative  % Kind (class / dict of class)
   576      3 100      840 100 140904501 16774345 dict of prompt_toolkit.selection.SelectionTypePartition of a set of 3 objects. Total size = 840 bytes.
 Index  Count   %     Size   % Cumulative  % Kind (class / dict of class)
   577      3 100      840 100 140905341 16774445 dict of pyparsing.core.EmptyPartition of a set of 3 objects. Total size = 840 bytes.
 Index  Count   %     Size   % Cumulative  % Kind (class / dict of class)
   578      3 100      840 100 140906181 16774545 dict of stack_data.core.BlankLinesPartition of a set of 3 objects. Total size = 840 bytes.
 Index  Count   %     Size   % Cumulative  % Kind (class / dict of class)
   579      3 100      840 100 140907021 16774645 dict of traitlets.traitlets.CBoolPartition of a set of 3 objects. Total size = 840 bytes.
 Index  Count   %     Size   % Cumulative  % Kind (class / dict of class)
   580      3 100      840 100 140907861 16774745 dict of traitlets.traitlets.UnionPartition of a set of 3 objects. Total size = 840 bytes.
 Index  Count   %     Size   % Cumulative  % Kind (class / dict of class)
   581      3 100      840 100 140908701 16774845 dict of traitlets.traitlets.ValidateHandlerPartition of a set of 3 objects. Total size = 840 bytes.
 Index  Count   %     Size   % Cumulative  % Kind (class / dict of class)
   582      3 100      840 100 140909541 16774945 dict of uuid.SafeUUIDPartition of a set of 3 objects. Total size = 840 bytes.
 Index  Count   %     Size   % Cumulative  % Kind (class / dict of class)
   583      3 100      840 100 140910381 16775045 dict of werkzeug.http.COOPPartition of a set of 3 objects. Total size = 840 bytes.
 Index  Count   %     Size   % Cumulative  % Kind (class / dict of class)
   584      3 100      840 100 140911221 16775145 dict of xarray.backends.locks.SerializableLockPartition of a set of 1 object. Total size = 832 bytes.
 Index  Count   %     Size   % Cumulative  % Kind (class / dict of class)
   585      1 100      832 100 140912053 16936545 dict of dateutil.tz._factories._TzOffsetFactoryPartition of a set of 1 object. Total size = 832 bytes.
 Index  Count   %     Size   % Cumulative  % Kind (class / dict of class)
   586      1 100      832 100 140912885 16936645 dict of pygments.formatters._automodulePartition of a set of 1 object. Total size = 832 bytes.
 Index  Count   %     Size   % Cumulative  % Kind (class / dict of class)
   587      1 100      832 100 140913717 16936745 dict of urllib3.util.retry._RetryMetaPartition of a set of 3 objects. Total size = 816 bytes.
 Index  Count   %     Size   % Cumulative  % Kind (class / dict of class)
   588      3 100      816 100 140914533 17268938 dict of ast.AssignPartition of a set of 3 objects. Total size = 816 bytes.
 Index  Count   %     Size   % Cumulative  % Kind (class / dict of class)
   589      3 100      816 100 140915349 17269038 dict of ast.ConstantPartition of a set of 3 objects. Total size = 816 bytes.
 Index  Count   %     Size   % Cumulative  % Kind (class / dict of class)
   590      3 100      816 100 140916165 17269138 dict of jedi.inference.cache.CachedMetaClassPartition of a set of 3 objects. Total size = 816 bytes.
 Index  Count   %     Size   % Cumulative  % Kind (class / dict of class)
   591      3 100      816 100 140916981 17269238 dict of typing_extensions._TypeVarLikeMetaPartition of a set of 17 objects. Total size = 816 bytes.
 Index  Count   %     Size   % Cumulative  % Kind (class / dict of class)
   592     17 100      816 100 140917797 17269338 logging.PlaceHolderPartition of a set of 17 objects. Total size = 816 bytes.
 Index  Count   %     Size   % Cumulative  % Kind (class / dict of class)
   593     17 100      816 100 140918613 17269438 werkzeug.routing.matcher.StatePartition of a set of 11 objects. Total size = 792 bytes.
 Index  Count   %     Size   % Cumulative  % Kind (class / dict of class)
   594     11 100      792 100 140919405 17792854 h5py.h5p.PropClassIDPartition of a set of 7 objects. Total size = 784 bytes.
 Index  Count   %     Size   % Cumulative  % Kind (class / dict of class)
   595      7 100      784 100 140920189 17974514 dict of contextlib._GeneratorContextManagerPartition of a set of 3 objects. Total size = 768 bytes.
 Index  Count   %     Size   % Cumulative  % Kind (class / dict of class)
   596      3 100      768 100 140920957 18349083 dict of pyparsing.core.LineEndPartition of a set of 16 objects. Total size = 768 bytes.
 Index  Count   %     Size   % Cumulative  % Kind (class / dict of class)
   597     16 100      768 100 140921725 18349183 pyparsing.core.CombinePartition of a set of 19 objects. Total size = 760 bytes.
 Index  Count   %     Size   % Cumulative  % Kind (class / dict of class)
   598     19 100      760 100 140922485 18542432 types.SimpleNamespacePartition of a set of 27 objects. Total size = 756 bytes.
 Index  Count   %     Size   % Cumulative  % Kind (class / dict of class)
   599     27 100      756 100 140923241 18640640 numpy.float32Partition of a set of 3 objects. Total size = 744 bytes.
 Index  Count   %     Size   % Cumulative  % Kind (class / dict of class)
   600      3 100      744 100 140923985 18941396 dict of pyparsing.core.NotAnyPartition of a set of 3 objects. Total size = 744 bytes.
 Index  Count   %     Size   % Cumulative  % Kind (class / dict of class)
   601      3 100      744 100 140924729 18941496 dict of pyparsing.core.OrPartition of a set of 12 objects. Total size = 720 bytes.
 Index  Count   %     Size   % Cumulative  % Kind (class / dict of class)
   602     12 100      720 100 140925449 19572979 calendar.MonthPartition of a set of 15 objects. Total size = 720 bytes.
 Index  Count   %     Size   % Cumulative  % Kind (class / dict of class)
   603     15 100      720 100 140926169 19573079 click.core.OptionPartition of a set of 15 objects. Total size = 720 bytes.
 Index  Count   %     Size   % Cumulative  % Kind (class / dict of class)
   604     15 100      720 100 140926889 19573179 encodings.utf_8.IncrementalEncoderPartition of a set of 15 objects. Total size = 720 bytes.
 Index  Count   %     Size   % Cumulative  % Kind (class / dict of class)
   605     15 100      720 100 140927609 19573279 functools.cached_propertyPartition of a set of 22 objects. Total size = 704 bytes.
 Index  Count   %     Size   % Cumulative  % Kind (class / dict of class)
   606     22 100      704 100 140928313 20018226 datetime.datePartition of a set of 8 objects. Total size = 704 bytes.
 Index  Count   %     Size   % Cumulative  % Kind (class / dict of class)
   607      8 100      704 100 140929017 20018326 pandas.core.internals.blocks.NumpyBlockPartition of a set of 7 objects. Total size = 672 bytes.
 Index  Count   %     Size   % Cumulative  % Kind (class / dict of class)
   608      7 100      672 100 140929689 20971680 numpy.dtypes.UInt16DTypePartition of a set of 7 objects. Total size = 672 bytes.
 Index  Count   %     Size   % Cumulative  % Kind (class / dict of class)
   609      7 100      672 100 140930361 20971780 numpy.dtypes.UInt32DTypePartition of a set of 7 objects. Total size = 672 bytes.
 Index  Count   %     Size   % Cumulative  % Kind (class / dict of class)
   610      7 100      672 100 140931033 20971880 numpy.dtypes.UInt8DTypePartition of a set of 14 objects. Total size = 672 bytes.
 Index  Count   %     Size   % Cumulative  % Kind (class / dict of class)
   611     14 100      672 100 140931705 20971980 pandas._libs.tslibs.dtypes.NpyDatetimeUnitPartition of a set of 14 objects. Total size = 672 bytes.
 Index  Count   %     Size   % Cumulative  % Kind (class / dict of class)
   612     14 100      672 100 140932377 20972080 pyparsing.core.MatchFirstPartition of a set of 14 objects. Total size = 672 bytes.
 Index  Count   %     Size   % Cumulative  % Kind (class / dict of class)
   613     14 100      672 100 140933049 20972180 pyparsing.core.SuppressPartition of a set of 14 objects. Total size = 672 bytes.
 Index  Count   %     Size   % Cumulative  % Kind (class / dict of class)
   614     14 100      672 100 140933721 20972280 weakref.WeakValueDictionaryPartition of a set of 2 objects. Total size = 648 bytes.
 Index  Count   %     Size   % Cumulative  % Kind (class / dict of class)
   615      2 100      648 100 140934369 21749131 dict of pygments.style.StyleMetaPartition of a set of 2 objects. Total size = 648 bytes.
 Index  Count   %     Size   % Cumulative  % Kind (class / dict of class)
   616      2 100      648 100 140935017 21749231 dict of typing_extensions._TypedDictMetaPartition of a set of 8 objects. Total size = 640 bytes.
 Index  Count   %     Size   % Cumulative  % Kind (class / dict of class)
   617      8 100      640 100 140935657 22021196 matplotlib._mathtext._GlueSpecPartition of a set of 16 objects. Total size = 640 bytes.
 Index  Count   %     Size   % Cumulative  % Kind (class / dict of class)
   618     16 100      640 100 140936297 22021296
                                                  pandas._libs.tslibs.offsets.__pyx_scope_struct_1_a
                                                  pply_wrapsPartition of a set of 13 objects. Total size = 624 bytes.
 Index  Count   %     Size   % Cumulative  % Kind (class / dict of class)
   619     13 100      624 100 140936921 22586045 numpy.ma.core._convert2maPartition of a set of 13 objects. Total size = 624 bytes.
 Index  Count   %     Size   % Cumulative  % Kind (class / dict of class)
   620     13 100      624 100 140937545 22586145 pandas._libs.tslibs.dtypes.FreqGroupPartition of a set of 13 objects. Total size = 624 bytes.
 Index  Count   %     Size   % Cumulative  % Kind (class / dict of class)
   621     13 100      624 100 140938169 22586245 parso.python.token.PythonTokenTypesPartition of a set of 13 objects. Total size = 624 bytes.
 Index  Count   %     Size   % Cumulative  % Kind (class / dict of class)
   622     13 100      624 100 140938793 22586345 parso.python.token.TokenTypePartition of a set of 13 objects. Total size = 624 bytes.
 Index  Count   %     Size   % Cumulative  % Kind (class / dict of class)
   623     13 100      624 100 140939417 22586445 pygments.lexer.defaultPartition of a set of 13 objects. Total size = 624 bytes.
 Index  Count   %     Size   % Cumulative  % Kind (class / dict of class)
   624     13 100      624 100 140940041 22586545 traitlets.traitlets.ObjectNamePartition of a set of 2 objects. Total size = 608 bytes.
 Index  Count   %     Size   % Cumulative  % Kind (class / dict of class)
   625      2 100      608 100 140940649 23181028 dict of PIL.Image.PalettePartition of a set of 2 objects. Total size = 608 bytes.
 Index  Count   %     Size   % Cumulative  % Kind (class / dict of class)
   626      2 100      608 100 140941257 23181128 dict of PIL.PngImagePlugin.BlendPartition of a set of 2 objects. Total size = 608 bytes.
 Index  Count   %     Size   % Cumulative  % Kind (class / dict of class)
   627      2 100      608 100 140941865 23181228 dict of dash._utils.AttributeDictPartition of a set of 2 objects. Total size = 608 bytes.
 Index  Count   %     Size   % Cumulative  % Kind (class / dict of class)
   628      2 100      608 100 140942473 23181328 dict of numexpr.utils.CacheDictPartition of a set of 2 objects. Total size = 608 bytes.
 Index  Count   %     Size   % Cumulative  % Kind (class / dict of class)
   629      2 100      608 100 140943081 23181428 dict of packaging._elffile.EIClassPartition of a set of 2 objects. Total size = 608 bytes.
 Index  Count   %     Size   % Cumulative  % Kind (class / dict of class)
   630      2 100      608 100 140943689 23181528 dict of packaging._elffile.EIDataPartition of a set of 2 objects. Total size = 608 bytes.
 Index  Count   %     Size   % Cumulative  % Kind (class / dict of class)
   631      2 100      608 100 140944297 23181628 dict of psutil._common.BatteryTimePartition of a set of 2 objects. Total size = 608 bytes.
 Index  Count   %     Size   % Cumulative  % Kind (class / dict of class)
   632      2 100      608 100 140944905 23181728 dict of signal.HandlersPartition of a set of 2 objects. Total size = 608 bytes.
 Index  Count   %     Size   % Cumulative  % Kind (class / dict of class)
   633      2 100      608 100 140945513 23181828 dict of ssl.PurposePartition of a set of 2 objects. Total size = 608 bytes.
 Index  Count   %     Size   % Cumulative  % Kind (class / dict of class)
   634      2 100      608 100 140946121 23181928 dict of zmq.constants.FlagPartition of a set of 15 objects. Total size = 600 bytes.
 Index  Count   %     Size   % Cumulative  % Kind (class / dict of class)
   635     15 100      600 100 140946721 23491120 datetime.timedeltaPartition of a set of 10 objects. Total size = 600 bytes.
 Index  Count   %     Size   % Cumulative  % Kind (class / dict of class)
   636     10 100      600 100 140947321 23491220 socket.AddressFamilyPartition of a set of 10 objects. Total size = 600 bytes.
 Index  Count   %     Size   % Cumulative  % Kind (class / dict of class)
   637     10 100      600 100 140947921 23491320 socket.AddressInfoPartition of a set of 10 objects. Total size = 600 bytes.
 Index  Count   %     Size   % Cumulative  % Kind (class / dict of class)
   638     10 100      600 100 140948521 23491420 socket.MsgFlagPartition of a set of 12 objects. Total size = 576 bytes.
 Index  Count   %     Size   % Cumulative  % Kind (class / dict of class)
   639     12 100      576 100 140949097 24470329 IPython.core.magic_arguments.MagicArgumentParserPartition of a set of 2 objects. Total size = 576 bytes.
 Index  Count   %     Size   % Cumulative  % Kind (class / dict of class)
   640      2 100      576 100 140949673 24470429 dict of IPython.core.guarded_eval.EvaluationPolicyPartition of a set of 2 objects. Total size = 576 bytes.
 Index  Count   %     Size   % Cumulative  % Kind (class / dict of class)
   641      2 100      576 100 140950249 24470529 dict of
                                                  IPython.core.inputtransformer2.PromptStripperPartition of a set of 2 objects. Total size = 576 bytes.
 Index  Count   %     Size   % Cumulative  % Kind (class / dict of class)
   642      2 100      576 100 140950825 24470629 dict of _sitebuiltins.QuitterPartition of a set of 2 objects. Total size = 576 bytes.
 Index  Count   %     Size   % Cumulative  % Kind (class / dict of class)
   643      2 100      576 100 140951401 24470729 dict of _strptime.LocaleTimePartition of a set of 2 objects. Total size = 576 bytes.
 Index  Count   %     Size   % Cumulative  % Kind (class / dict of class)
   644      2 100      576 100 140951977 24470829 dict of argparse._StoreFalseActionPartition of a set of 2 objects. Total size = 576 bytes.
 Index  Count   %     Size   % Cumulative  % Kind (class / dict of class)
   645      2 100      576 100 140952553 24470929 dict of blinker._utilities.lazy_propertyPartition of a set of 2 objects. Total size = 576 bytes.
 Index  Count   %     Size   % Cumulative  % Kind (class / dict of class)
   646      2 100      576 100 140953129 24471029 dict of calendar._localized_dayPartition of a set of 2 objects. Total size = 576 bytes.
 Index  Count   %     Size   % Cumulative  % Kind (class / dict of class)
   647      2 100      576 100 140953705 24471129 dict of calendar._localized_monthPartition of a set of 2 objects. Total size = 576 bytes.
 Index  Count   %     Size   % Cumulative  % Kind (class / dict of class)
   648      2 100      576 100 140954281 24471229 dict of cffi.model.PointerTypePartition of a set of 2 objects. Total size = 576 bytes.
 Index  Count   %     Size   % Cumulative  % Kind (class / dict of class)
   649      2 100      576 100 140954857 24471329 dict of ctypes.LibraryLoaderPartition of a set of 2 objects. Total size = 576 bytes.
 Index  Count   %     Size   % Cumulative  % Kind (class / dict of class)
   650      2 100      576 100 140955433 24471429 dict of dash.html.A.APartition of a set of 2 objects. Total size = 576 bytes.
 Index  Count   %     Size   % Cumulative  % Kind (class / dict of class)
   651      2 100      576 100 140956009 24471529 dict of dash.resources.ResourcesPartition of a set of 2 objects. Total size = 576 bytes.
 Index  Count   %     Size   % Cumulative  % Kind (class / dict of class)
   652      2 100      576 100 140956585 24471629 dict of dash.resources._ConfigPartition of a set of 2 objects. Total size = 576 bytes.
 Index  Count   %     Size   % Cumulative  % Kind (class / dict of class)
   653      2 100      576 100 140957161 24471729 dict of
                                                  dash_bootstrap_components._components.RadioItems.R
                                                  adioItemsPartition of a set of 2 objects. Total size = 576 bytes.
 Index  Count   %     Size   % Cumulative  % Kind (class / dict of class)
   654      2 100      576 100 140957737 24471829 dict of email.charset.CharsetPartition of a set of 2 objects. Total size = 576 bytes.
 Index  Count   %     Size   % Cumulative  % Kind (class / dict of class)
   655      2 100      576 100 140958313 24471929 dict of flask.cli.AppGroupPartition of a set of 2 objects. Total size = 576 bytes.
 Index  Count   %     Size   % Cumulative  % Kind (class / dict of class)
   656      2 100      576 100 140958889 24472029 dict of flask.cli.SeparatedPathTypePartition of a set of 2 objects. Total size = 576 bytes.
 Index  Count   %     Size   % Cumulative  % Kind (class / dict of class)
   657      2 100      576 100 140959465 24472129 dict of guppy.etc.Descriptor.property_nondataPartition of a set of 2 objects. Total size = 576 bytes.
 Index  Count   %     Size   % Cumulative  % Kind (class / dict of class)
   658      2 100      576 100 140960041 24472229 dict of importlib_metadata.ContextPartition of a set of 2 objects. Total size = 576 bytes.
 Index  Count   %     Size   % Cumulative  % Kind (class / dict of class)
   659      2 100      576 100 140960617 24472329 dict of matplotlib.axis._LazyTickListPartition of a set of 2 objects. Total size = 576 bytes.
 Index  Count   %     Size   % Cumulative  % Kind (class / dict of class)
   660      2 100      576 100 140961193 24472429 dict of matplotlib.legend_handler.HandlerPatchPartition of a set of 2 objects. Total size = 576 bytes.
 Index  Count   %     Size   % Cumulative  % Kind (class / dict of class)
   661      2 100      576 100 140961769 24472529 dict of numpy.__config__.DisplayModesPartition of a set of 2 objects. Total size = 576 bytes.
 Index  Count   %     Size   % Cumulative  % Kind (class / dict of class)
   662      2 100      576 100 140962345 24472629 dict of numpy.lib.index_tricks.IndexExpressionPartition of a set of 2 objects. Total size = 576 bytes.
 Index  Count   %     Size   % Cumulative  % Kind (class / dict of class)
   663      2 100      576 100 140962921 24472729 dict of numpy.ma.core._DomainGreaterEqualPartition of a set of 2 objects. Total size = 576 bytes.
 Index  Count   %     Size   % Cumulative  % Kind (class / dict of class)
   664      2 100      576 100 140963497 24472829 dict of numpy.ma.core._extrema_operationPartition of a set of 2 objects. Total size = 576 bytes.
 Index  Count   %     Size   % Cumulative  % Kind (class / dict of class)
   665      2 100      576 100 140964073 24472929 dict of numpy.ma.extras._fromnxfunction_singlePartition of a set of 2 objects. Total size = 576 bytes.
 Index  Count   %     Size   % Cumulative  % Kind (class / dict of class)
   666      2 100      576 100 140964649 24473029 dict of os._EnvironPartition of a set of 2 objects. Total size = 576 bytes.
 Index  Count   %     Size   % Cumulative  % Kind (class / dict of class)
   667      2 100      576 100 140965225 24473129 dict of plistlib.PlistFormatPartition of a set of 2 objects. Total size = 576 bytes.
 Index  Count   %     Size   % Cumulative  % Kind (class / dict of class)
   668      2 100      576 100 140965801 24473229 dict of prompt_toolkit.enums.EditingModePartition of a set of 2 objects. Total size = 576 bytes.
 Index  Count   %     Size   % Cumulative  % Kind (class / dict of class)
   669      2 100      576 100 140966377 24473329 dict of prompt_toolkit.filters.base.AlwaysPartition of a set of 2 objects. Total size = 576 bytes.
 Index  Count   %     Size   % Cumulative  % Kind (class / dict of class)
   670      2 100      576 100 140966953 24473429 dict of prompt_toolkit.filters.base.NeverPartition of a set of 2 objects. Total size = 576 bytes.
 Index  Count   %     Size   % Cumulative  % Kind (class / dict of class)
   671      2 100      576 100 140967529 24473529 dict of prompt_toolkit.filters.base._OrListPartition of a set of 2 objects. Total size = 576 bytes.
 Index  Count   %     Size   % Cumulative  % Kind (class / dict of class)
   672      2 100      576 100 140968105 24473629 dict of prompt_toolkit.output.vt100._16ColorCachePartition of a set of 2 objects. Total size = 576 bytes.
 Index  Count   %     Size   % Cumulative  % Kind (class / dict of class)
   673      2 100      576 100 140968681 24473729 dict of prompt_toolkit.search.SearchDirectionPartition of a set of 2 objects. Total size = 576 bytes.
 Index  Count   %     Size   % Cumulative  % Kind (class / dict of class)
   674      2 100      576 100 140969257 24473829 dict of prompt_toolkit.styles.style.PriorityPartition of a set of 2 objects. Total size = 576 bytes.
 Index  Count   %     Size   % Cumulative  % Kind (class / dict of class)
   675      2 100      576 100 140969833 24473929 dict of pyparsing.core.StringEndPartition of a set of 2 objects. Total size = 576 bytes.
 Index  Count   %     Size   % Cumulative  % Kind (class / dict of class)
   676      2 100      576 100 140970409 24474029 dict of pyparsing.helpers.OpAssocPartition of a set of 2 objects. Total size = 576 bytes.
 Index  Count   %     Size   % Cumulative  % Kind (class / dict of class)
   677      2 100      576 100 140970985 24474129 dict of scipy.__config__.DisplayModesPartition of a set of 2 objects. Total size = 576 bytes.
 Index  Count   %     Size   % Cumulative  % Kind (class / dict of class)
   678      2 100      576 100 140971561 24474229 dict of tornado.gen._NullFuturePartition of a set of 2 objects. Total size = 576 bytes.
 Index  Count   %     Size   % Cumulative  % Kind (class / dict of class)
   679      2 100      576 100 140972137 24474329 dict of traitlets.traitlets.CBytesPartition of a set of 2 objects. Total size = 576 bytes.
 Index  Count   %     Size   % Cumulative  % Kind (class / dict of class)
   680      2 100      576 100 140972713 24474429 dict of traitlets.traitlets.CRegExpPartition of a set of 2 objects. Total size = 576 bytes.
 Index  Count   %     Size   % Cumulative  % Kind (class / dict of class)
   681      2 100      576 100 140973289 24474529 dict of traitlets.traitlets.CUnicodePartition of a set of 2 objects. Total size = 576 bytes.
 Index  Count   %     Size   % Cumulative  % Kind (class / dict of class)
   682      2 100      576 100 140973865 24474629 dict of
                                                  traitlets.traitlets.ForwardDeclaredInstancePartition of a set of 2 objects. Total size = 576 bytes.
 Index  Count   %     Size   % Cumulative  % Kind (class / dict of class)
   683      2 100      576 100 140974441 24474729 dict of traitlets.utils.sentinel.SentinelPartition of a set of 2 objects. Total size = 576 bytes.
 Index  Count   %     Size   % Cumulative  % Kind (class / dict of class)
   684      2 100      576 100 140975017 24474829 dict of werkzeug.exceptions.AborterPartition of a set of 2 objects. Total size = 576 bytes.
 Index  Count   %     Size   % Cumulative  % Kind (class / dict of class)
   685      2 100      576 100 140975593 24474929 dict of werkzeug.http.COEPPartition of a set of 2 objects. Total size = 576 bytes.
 Index  Count   %     Size   % Cumulative  % Kind (class / dict of class)
   686      2 100      576 100 140976169 24475029 dict of xarray.backends.locks.CombinedLockPartition of a set of 2 objects. Total size = 576 bytes.
 Index  Count   %     Size   % Cumulative  % Kind (class / dict of class)
   687      2 100      576 100 140976745 24475129 dict of zmq.sugar.tracker.MessageTrackerPartition of a set of 8 objects. Total size = 576 bytes.
 Index  Count   %     Size   % Cumulative  % Kind (class / dict of class)
   688      8 100      576 100 140977321 24475229 pandas._libs.internals.BlockPlacementPartition of a set of 9 objects. Total size = 576 bytes.
 Index  Count   %     Size   % Cumulative  % Kind (class / dict of class)
   689      9 100      576 100 140977897 24475329 pyarrow._compute.MetaFunctionPartition of a set of 1 object. Total size = 565 bytes.
 Index  Count   %     Size   % Cumulative  % Kind (class / dict of class)
   690      1 100      565 100 140978462 24951940 pandas.core.indexes.base.IndexPartition of a set of 7 objects. Total size = 560 bytes.
 Index  Count   %     Size   % Cumulative  % Kind (class / dict of class)
   691      7 100      560 100 140979022 25174825 _contextvars.ContextVarPartition of a set of 10 objects. Total size = 560 bytes.
 Index  Count   %     Size   % Cumulative  % Kind (class / dict of class)
   692     10 100      560 100 140979582 25174925 ast.NamePartition of a set of 14 objects. Total size = 560 bytes.
 Index  Count   %     Size   % Cumulative  % Kind (class / dict of class)
   693     14 100      560 100 140980142 25175025 builtins.fortranPartition of a set of 2 objects. Total size = 560 bytes.
 Index  Count   %     Size   % Cumulative  % Kind (class / dict of class)
   694      2 100      560 100 140980702 25175125 dict of pyparsing.core.OneOrMorePartition of a set of 10 objects. Total size = 560 bytes.
 Index  Count   %     Size   % Cumulative  % Kind (class / dict of class)
   695     10 100      560 100 140981262 25175225 itertools.countPartition of a set of 10 objects. Total size = 560 bytes.
 Index  Count   %     Size   % Cumulative  % Kind (class / dict of class)
   696     10 100      560 100 140981822 25175325 slicePartition of a set of 5 objects. Total size = 552 bytes.
 Index  Count   %     Size   % Cumulative  % Kind (class / dict of class)
   697      5 100      552 100 140982374 25540285 prompt_toolkit.key_binding.vi_state.InputModePartition of a set of 2 objects. Total size = 552 bytes.
 Index  Count   %     Size   % Cumulative  % Kind (class / dict of class)
   698      2 100      552 100 140982926 25540385 types.FrameTypePartition of a set of 2 objects. Total size = 544 bytes.
 Index  Count   %     Size   % Cumulative  % Kind (class / dict of class)
   699      2 100      544 100 140983470 25916079 dict of typing._DeprecatedTypePartition of a set of 9 objects. Total size = 540 bytes.
 Index  Count   %     Size   % Cumulative  % Kind (class / dict of class)
   700      9 100      540 100 140984010 26108150 ssl.SSLErrorNumberPartition of a set of 9 objects. Total size = 540 bytes.
 Index  Count   %     Size   % Cumulative  % Kind (class / dict of class)
   701      9 100      540 100 140984550 26108250 zmq.constants.ContextOptionPartition of a set of 11 objects. Total size = 528 bytes.
 Index  Count   %     Size   % Cumulative  % Kind (class / dict of class)
   702     11 100      528 100 140985078 26701719 dash.dcc.Store.StorePartition of a set of 2 objects. Total size = 528 bytes.
 Index  Count   %     Size   % Cumulative  % Kind (class / dict of class)
   703      2 100      528 100 140985606 26701819 dict of numpy.errstatePartition of a set of 11 objects. Total size = 528 bytes.
 Index  Count   %     Size   % Cumulative  % Kind (class / dict of class)
   704     11 100      528 100 140986134 26701919 numpy._pytesttester.PytestTesterPartition of a set of 2 objects. Total size = 512 bytes.
 Index  Count   %     Size   % Cumulative  % Kind (class / dict of class)
   705      2 100      512 100 140986646 27536454 dict of matplotlib._api.classpropertyPartition of a set of 2 objects. Total size = 496 bytes.
 Index  Count   %     Size   % Cumulative  % Kind (class / dict of class)
   706      2 100      496 100 140987142 28424827 dict of importlib.metadata.ContextPartition of a set of 10 objects. Total size = 480 bytes.
 Index  Count   %     Size   % Cumulative  % Kind (class / dict of class)
   707     10 100      480 100 140987622 29372421 __future__._FeaturePartition of a set of 10 objects. Total size = 480 bytes.
 Index  Count   %     Size   % Cumulative  % Kind (class / dict of class)
   708     10 100      480 100 140988102 29372521 blinker.base.NamedSignalPartition of a set of 12 objects. Total size = 480 bytes.
 Index  Count   %     Size   % Cumulative  % Kind (class / dict of class)
   709     12 100      480 100 140988582 29372621 builtins.fortranPartition of a set of 1 object. Total size = 480 bytes.
 Index  Count   %     Size   % Cumulative  % Kind (class / dict of class)
   710      1 100      480 100 140989062 29372721 cftime._strptime.TimeREPartition of a set of 10 objects. Total size = 480 bytes.
 Index  Count   %     Size   % Cumulative  % Kind (class / dict of class)
   711     10 100      480 100 140989542 29372821 numcodecs.blosc.BloscPartition of a set of 5 objects. Total size = 480 bytes.
 Index  Count   %     Size   % Cumulative  % Kind (class / dict of class)
   712      5 100      480 100 140990022 29372921 numpy.dtypes.Float32DTypePartition of a set of 5 objects. Total size = 480 bytes.
 Index  Count   %     Size   % Cumulative  % Kind (class / dict of class)
   713      5 100      480 100 140990502 29373021 numpy.dtypes.Float64DTypePartition of a set of 5 objects. Total size = 480 bytes.
 Index  Count   %     Size   % Cumulative  % Kind (class / dict of class)
   714      5 100      480 100 140990982 29373121 numpy.dtypes.Int16DTypePartition of a set of 5 objects. Total size = 480 bytes.
 Index  Count   %     Size   % Cumulative  % Kind (class / dict of class)
   715      5 100      480 100 140991462 29373221 numpy.dtypes.Int32DTypePartition of a set of 5 objects. Total size = 480 bytes.
 Index  Count   %     Size   % Cumulative  % Kind (class / dict of class)
   716      5 100      480 100 140991942 29373321 numpy.dtypes.Int64DTypePartition of a set of 5 objects. Total size = 480 bytes.
 Index  Count   %     Size   % Cumulative  % Kind (class / dict of class)
   717      5 100      480 100 140992422 29373421 numpy.dtypes.Int8DTypePartition of a set of 5 objects. Total size = 480 bytes.
 Index  Count   %     Size   % Cumulative  % Kind (class / dict of class)
   718      5 100      480 100 140992902 29373521 numpy.dtypes.UInt64DTypePartition of a set of 10 objects. Total size = 480 bytes.
 Index  Count   %     Size   % Cumulative  % Kind (class / dict of class)
   719     10 100      480 100 140993382 29373621 pandas._libs.tslibs.dtypes.ResolutionPartition of a set of 20 objects. Total size = 480 bytes.
 Index  Count   %     Size   % Cumulative  % Kind (class / dict of class)
   720     20 100      480 100 140993862 29373721
                                                  pandas._libs.tslibs.nattype.__pyx_scope_struct___m
                                                  ake_error_funcPartition of a set of 8 objects. Total size = 480 bytes.
 Index  Count   %     Size   % Cumulative  % Kind (class / dict of class)
   721      8 100      480 100 140994342 29373821
                                                  pandas.core.interchange.dataframe_protocol.DlpackD
                                                  eviceTypePartition of a set of 10 objects. Total size = 480 bytes.
 Index  Count   %     Size   % Cumulative  % Kind (class / dict of class)
   722     10 100      480 100 140994822 29373921 werkzeug.routing.rules.RulePartition of a set of 1 object. Total size = 464 bytes.
 Index  Count   %     Size   % Cumulative  % Kind (class / dict of class)
   723      1 100      464 100 140995286 30386915 dict of dateutil.tz._factories._TzSingletonPartition of a set of 1 object. Total size = 464 bytes.
 Index  Count   %     Size   % Cumulative  % Kind (class / dict of class)
   724      1 100      464 100 140995750 30387015 dict of dateutil.tz._factories._TzStrFactoryPartition of a set of 1 object. Total size = 464 bytes.
 Index  Count   %     Size   % Cumulative  % Kind (class / dict of class)
   725      1 100      464 100 140996214 30387115 dict of typing_extensions._ProtocolMetaPartition of a set of 1 object. Total size = 464 bytes.
 Index  Count   %     Size   % Cumulative  % Kind (class / dict of class)
   726      1 100      464 100 140996678 30387215 dict of urllib3.request.RequestModulePartition of a set of 7 objects. Total size = 448 bytes.
 Index  Count   %     Size   % Cumulative  % Kind (class / dict of class)
   727      7 100      448 100 140997126 31472573 dateutil.rrule.weekdayPartition of a set of 5 objects. Total size = 440 bytes.
 Index  Count   %     Size   % Cumulative  % Kind (class / dict of class)
   728      5 100      440 100 140997566 32044901 dict of encodings.utf_8.IncrementalDecoderPartition of a set of 5 objects. Total size = 440 bytes.
 Index  Count   %     Size   % Cumulative  % Kind (class / dict of class)
   729      5 100      440 100 140998006 32045001 weakref.KeyedRefPartition of a set of 4 objects. Total size = 433 bytes.
 Index  Count   %     Size   % Cumulative  % Kind (class / dict of class)
   730      4 100      433 100 140998439 32563150 prompt_toolkit.output.color_depth.ColorDepthPartition of a set of 1 object. Total size = 432 bytes.
 Index  Count   %     Size   % Cumulative  % Kind (class / dict of class)
   731      1 100      432 100 140998871 32638628 _ctypes.PyCArrayTypePartition of a set of 1 object. Total size = 432 bytes.
 Index  Count   %     Size   % Cumulative  % Kind (class / dict of class)
   732      1 100      432 100 140999303 32638728 _ctypes.UnionTypePartition of a set of 9 objects. Total size = 432 bytes.
 Index  Count   %     Size   % Cumulative  % Kind (class / dict of class)
   733      9 100      432 100 140999735 32638828 pyparsing.core.LiteralPartition of a set of 9 objects. Total size = 432 bytes.
 Index  Count   %     Size   % Cumulative  % Kind (class / dict of class)
   734      9 100      432 100 141000167 32638928 pyparsing.core.WordPartition of a set of 7 objects. Total size = 420 bytes.
 Index  Count   %     Size   % Cumulative  % Kind (class / dict of class)
   735      7 100      420 100 141000587 33571568 PIL.Image.TransposePartition of a set of 7 objects. Total size = 420 bytes.
 Index  Count   %     Size   % Cumulative  % Kind (class / dict of class)
   736      7 100      420 100 141001007 33571668 calendar.DayPartition of a set of 7 objects. Total size = 420 bytes.
 Index  Count   %     Size   % Cumulative  % Kind (class / dict of class)
   737      7 100      420 100 141001427 33571768 matplotlib.backend_tools.CursorsPartition of a set of 7 objects. Total size = 420 bytes.
 Index  Count   %     Size   % Cumulative  % Kind (class / dict of class)
   738      7 100      420 100 141001847 33571868
                                                  pandas.core.interchange.dataframe_protocol.DtypeKi
                                                  ndPartition of a set of 7 objects. Total size = 420 bytes.
 Index  Count   %     Size   % Cumulative  % Kind (class / dict of class)
   739      7 100      420 100 141002267 33571968 ssl.TLSVersionPartition of a set of 7 objects. Total size = 420 bytes.
 Index  Count   %     Size   % Cumulative  % Kind (class / dict of class)
   740      7 100      420 100 141002687 33572068 ssl.VerifyFlagsPartition of a set of 2 objects. Total size = 416 bytes.
 Index  Count   %     Size   % Cumulative  % Kind (class / dict of class)
   741      2 100      416 100 141003103 33894977 _cython_3_0_7.cython_function_or_methodPartition of a set of 4 objects. Total size = 410 bytes.
 Index  Count   %     Size   % Cumulative  % Kind (class / dict of class)
   742      4 100      410 100 141003513 34391101 enum.FlagBoundaryPartition of a set of 8 objects. Total size = 384 bytes.
 Index  Count   %     Size   % Cumulative  % Kind (class / dict of class)
   743      8 100      384 100 141003897 36719765 dash.dcc.Dropdown.DropdownPartition of a set of 4 objects. Total size = 384 bytes.
 Index  Count   %     Size   % Cumulative  % Kind (class / dict of class)
   744      4 100      384 100 141004281 36719865 decimal.ContextPartition of a set of 8 objects. Total size = 384 bytes.
 Index  Count   %     Size   % Cumulative  % Kind (class / dict of class)
   745      8 100      384 100 141004665 36719965 pandas.core.accessor.CachedAccessorPartition of a set of 8 objects. Total size = 384 bytes.
 Index  Count   %     Size   % Cumulative  % Kind (class / dict of class)
   746      8 100      384 100 141005049 36720065 pandas.core.nanops.disallowPartition of a set of 8 objects. Total size = 384 bytes.
 Index  Count   %     Size   % Cumulative  % Kind (class / dict of class)
   747      8 100      384 100 141005433 36720165 pyparsing.core.DiagnosticsPartition of a set of 8 objects. Total size = 384 bytes.
 Index  Count   %     Size   % Cumulative  % Kind (class / dict of class)
   748      8 100      384 100 141005817 36720265 pyparsing.unicode._lazyclasspropertyPartition of a set of 8 objects. Total size = 384 bytes.
 Index  Count   %     Size   % Cumulative  % Kind (class / dict of class)
   749      8 100      384 100 141006201 36720365 traitlets.traitlets.EnumPartition of a set of 8 objects. Total size = 384 bytes.
 Index  Count   %     Size   % Cumulative  % Kind (class / dict of class)
   750      8 100      384 100 141006585 36720465 zarr.attrs.AttributesPartition of a set of 8 objects. Total size = 384 bytes.
 Index  Count   %     Size   % Cumulative  % Kind (class / dict of class)
   751      8 100      384 100 141006969 36720565 zarr.core.ArrayPartition of a set of 8 objects. Total size = 384 bytes.
 Index  Count   %     Size   % Cumulative  % Kind (class / dict of class)
   752      8 100      384 100 141007353 36720665 zarr.indexing.BlockIndexPartition of a set of 8 objects. Total size = 384 bytes.
 Index  Count   %     Size   % Cumulative  % Kind (class / dict of class)
   753      8 100      384 100 141007737 36720765 zarr.indexing.OIndexPartition of a set of 8 objects. Total size = 384 bytes.
 Index  Count   %     Size   % Cumulative  % Kind (class / dict of class)
   754      8 100      384 100 141008121 36720865 zarr.indexing.VIndexPartition of a set of 8 objects. Total size = 384 bytes.
 Index  Count   %     Size   % Cumulative  % Kind (class / dict of class)
   755      8 100      384 100 141008505 36720965 zarr.storage.DirectoryStorePartition of a set of 3 objects. Total size = 382 bytes.
 Index  Count   %     Size   % Cumulative  % Kind (class / dict of class)
   756      3 100      382 100 141008887 36913321 enum.EnumCheckPartition of a set of 2 objects. Total size = 368 bytes.
 Index  Count   %     Size   % Cumulative  % Kind (class / dict of class)
   757      2 100      368 100 141009255 38317732 blinker.base.NamespacePartition of a set of 2 objects. Total size = 368 bytes.
 Index  Count   %     Size   % Cumulative  % Kind (class / dict of class)
   758      2 100      368 100 141009623 38317832 dict of _cython_3_0_7.cython_function_or_methodPartition of a set of 1 object. Total size = 368 bytes.
 Index  Count   %     Size   % Cumulative  % Kind (class / dict of class)
   759      1 100      368 100 141009991 38317932 matplotlib.units.RegistryPartition of a set of 1 object. Total size = 368 bytes.
 Index  Count   %     Size   % Cumulative  % Kind (class / dict of class)
   760      1 100      368 100 141010359 38318032 pympler.asizeof._SeenPartition of a set of 6 objects. Total size = 360 bytes.
 Index  Count   %     Size   % Cumulative  % Kind (class / dict of class)
   761      6 100      360 100 141010719 39169644 PIL.Image.ResamplingPartition of a set of 6 objects. Total size = 360 bytes.
 Index  Count   %     Size   % Cumulative  % Kind (class / dict of class)
   762      6 100      360 100 141011079 39169744 ssl._SSLMethodPartition of a set of 6 objects. Total size = 360 bytes.
 Index  Count   %     Size   % Cumulative  % Kind (class / dict of class)
   763      6 100      360 100 141011439 39169844 ssl._TLSContentTypePartition of a set of 4 objects. Total size = 352 bytes.
 Index  Count   %     Size   % Cumulative  % Kind (class / dict of class)
   764      4 100      352 100 141011791 40060168 _ctypes.CFieldPartition of a set of 5 objects. Total size = 344 bytes.
 Index  Count   %     Size   % Cumulative  % Kind (class / dict of class)
   765      5 100      344 100 141012135 40991900 _sre.SRE_TemplatePartition of a set of 7 objects. Total size = 336 bytes.
 Index  Count   %     Size   % Cumulative  % Kind (class / dict of class)
   766      7 100      336 100 141012471 41967997 contextlib._GeneratorContextManagerPartition of a set of 7 objects. Total size = 336 bytes.
 Index  Count   %     Size   % Cumulative  % Kind (class / dict of class)
   767      7 100      336 100 141012807 41968097 dateutil._common.weekdayPartition of a set of 6 objects. Total size = 336 bytes.
 Index  Count   %     Size   % Cumulative  % Kind (class / dict of class)
   768      6 100      336 100 141013143 41968197 operator.methodcallerPartition of a set of 7 objects. Total size = 336 bytes.
 Index  Count   %     Size   % Cumulative  % Kind (class / dict of class)
   769      7 100      336 100 141013479 41968297 pandas.core.flags.FlagsPartition of a set of 7 objects. Total size = 336 bytes.
 Index  Count   %     Size   % Cumulative  % Kind (class / dict of class)
   770      7 100      336 100 141013815 41968397 prompt_toolkit.cursor_shapes.CursorShapePartition of a set of 7 objects. Total size = 336 bytes.
 Index  Count   %     Size   % Cumulative  % Kind (class / dict of class)
   771      7 100      336 100 141014151 41968497 traitlets.traitlets.CaselessStrEnumPartition of a set of 7 objects. Total size = 336 bytes.
 Index  Count   %     Size   % Cumulative  % Kind (class / dict of class)
   772      7 100      336 100 141014487 41968597 traitlets.traitlets.DottedObjectNamePartition of a set of 7 objects. Total size = 336 bytes.
 Index  Count   %     Size   % Cumulative  % Kind (class / dict of class)
   773      7 100      336 100 141014823 41968697 traitlets.traitlets.FloatPartition of a set of 7 objects. Total size = 336 bytes.
 Index  Count   %     Size   % Cumulative  % Kind (class / dict of class)
   774      7 100      336 100 141015159 41968797 werkzeug.local.LocalProxyPartition of a set of 3 objects. Total size = 322 bytes.
 Index  Count   %     Size   % Cumulative  % Kind (class / dict of class)
   775      3 100      322 100 141015481 43793628 prompt_toolkit.shortcuts.prompt.CompleteStylePartition of a set of 5 objects. Total size = 320 bytes.
 Index  Count   %     Size   % Cumulative  % Kind (class / dict of class)
   776      5 100      320 100 141015801 44067438 dict of _io.BufferedReaderPartition of a set of 4 objects. Total size = 320 bytes.
 Index  Count   %     Size   % Cumulative  % Kind (class / dict of class)
   777      4 100      320 100 141016121 44067538 h5py.h5t.TypeTimeIDPartition of a set of 5 objects. Total size = 320 bytes.
 Index  Count   %     Size   % Cumulative  % Kind (class / dict of class)
   778      5 100      320 100 141016441 44067638 operator.itemgetterPartition of a set of 8 objects. Total size = 320 bytes.
 Index  Count   %     Size   % Cumulative  % Kind (class / dict of class)
   779      8 100      320 100 141016761 44067738
                                                  pandas._libs.tslibs.offsets.__pyx_scope_struct__ap
                                                  ply_array_wrapsPartition of a set of 3 objects. Total size = 312 bytes.
 Index  Count   %     Size   % Cumulative  % Kind (class / dict of class)
   780      3 100      312 100 141017073 45197780 dict of numpy.iinfoPartition of a set of 3 objects. Total size = 310 bytes.
 Index  Count   %     Size   % Cumulative  % Kind (class / dict of class)
   781      3 100      310 100 141017383 45489478 matplotlib._enums.CapStylePartition of a set of 3 objects. Total size = 308 bytes.
 Index  Count   %     Size   % Cumulative  % Kind (class / dict of class)
   782      3 100      308 100 141017691 45784965 matplotlib.backend_bases._ModePartition of a set of 3 objects. Total size = 306 bytes.
 Index  Count   %     Size   % Cumulative  % Kind (class / dict of class)
   783      3 100      306 100 141017997 46084313 matplotlib._enums.JoinStylePartition of a set of 1 object. Total size = 304 bytes.
 Index  Count   %     Size   % Cumulative  % Kind (class / dict of class)
   784      1 100      304 100 141018301 46387599 dict of IPython.utils.coloransi.ColorSchemeTablePartition of a set of 1 object. Total size = 304 bytes.
 Index  Count   %     Size   % Cumulative  % Kind (class / dict of class)
   785      1 100      304 100 141018605 46387699 dict of _strptime.TimeREPartition of a set of 1 object. Total size = 304 bytes.
 Index  Count   %     Size   % Cumulative  % Kind (class / dict of class)
   786      1 100      304 100 141018909 46387799 dict of codecs.CodecInfoPartition of a set of 1 object. Total size = 304 bytes.
 Index  Count   %     Size   % Cumulative  % Kind (class / dict of class)
   787      1 100      304 100 141019213 46387899 dict of ctypes._FuncPtrPartition of a set of 1 object. Total size = 304 bytes.
 Index  Count   %     Size   % Cumulative  % Kind (class / dict of class)
   788      1 100      304 100 141019517 46387999 dict of dateutil.tz.tz.tzfilePartition of a set of 1 object. Total size = 304 bytes.
 Index  Count   %     Size   % Cumulative  % Kind (class / dict of class)
   789      1 100      304 100 141019821 46388099 dict of flask.config.ConfigPartition of a set of 1 object. Total size = 304 bytes.
 Index  Count   %     Size   % Cumulative  % Kind (class / dict of class)
   790      1 100      304 100 141020125 46388199 dict of
                                                  matplotlib._api.deprecation._deprecated_propertyPartition of a set of 1 object. Total size = 304 bytes.
 Index  Count   %     Size   % Cumulative  % Kind (class / dict of class)
   791      1 100      304 100 141020429 46388299 dict of
                                                  matplotlib._api.deprecation._deprecated_propertyPartition of a set of 1 object. Total size = 304 bytes.
 Index  Count   %     Size   % Cumulative  % Kind (class / dict of class)
   792      1 100      304 100 141020733 46388399 dict of
                                                  matplotlib._api.deprecation._deprecated_propertyPartition of a set of 1 object. Total size = 304 bytes.
 Index  Count   %     Size   % Cumulative  % Kind (class / dict of class)
   793      1 100      304 100 141021037 46388499 dict of
                                                  matplotlib._api.deprecation._deprecated_propertyPartition of a set of 1 object. Total size = 304 bytes.
 Index  Count   %     Size   % Cumulative  % Kind (class / dict of class)
   794      1 100      304 100 141021341 46388599 dict of
                                                  matplotlib._api.deprecation._deprecated_propertyPartition of a set of 1 object. Total size = 304 bytes.
 Index  Count   %     Size   % Cumulative  % Kind (class / dict of class)
   795      1 100      304 100 141021645 46388699 dict of
                                                  matplotlib._api.deprecation._deprecated_propertyPartition of a set of 1 object. Total size = 304 bytes.
 Index  Count   %     Size   % Cumulative  % Kind (class / dict of class)
   796      1 100      304 100 141021949 46388799 dict of
                                                  matplotlib._api.deprecation._deprecated_propertyPartition of a set of 1 object. Total size = 304 bytes.
 Index  Count   %     Size   % Cumulative  % Kind (class / dict of class)
   797      1 100      304 100 141022253 46388899 dict of
                                                  matplotlib._api.deprecation._deprecated_propertyPartition of a set of 1 object. Total size = 304 bytes.
 Index  Count   %     Size   % Cumulative  % Kind (class / dict of class)
   798      1 100      304 100 141022557 46388999 dict of
                                                  matplotlib._api.deprecation._deprecated_propertyPartition of a set of 1 object. Total size = 304 bytes.
 Index  Count   %     Size   % Cumulative  % Kind (class / dict of class)
   799      1 100      304 100 141022861 46389099 dict of
                                                  matplotlib._api.deprecation._deprecated_propertyPartition of a set of 1 object. Total size = 304 bytes.
 Index  Count   %     Size   % Cumulative  % Kind (class / dict of class)
   800      1 100      304 100 141023165 46389199 dict of
                                                  matplotlib._api.deprecation._deprecated_propertyPartition of a set of 1 object. Total size = 304 bytes.
 Index  Count   %     Size   % Cumulative  % Kind (class / dict of class)
   801      1 100      304 100 141023469 46389299 dict of
                                                  matplotlib._api.deprecation._deprecated_propertyPartition of a set of 1 object. Total size = 304 bytes.
 Index  Count   %     Size   % Cumulative  % Kind (class / dict of class)
   802      1 100      304 100 141023773 46389399 dict of
                                                  matplotlib._api.deprecation._deprecated_propertyPartition of a set of 1 object. Total size = 304 bytes.
 Index  Count   %     Size   % Cumulative  % Kind (class / dict of class)
   803      1 100      304 100 141024077 46389499 dict of
                                                  matplotlib._api.deprecation._deprecated_propertyPartition of a set of 1 object. Total size = 304 bytes.
 Index  Count   %     Size   % Cumulative  % Kind (class / dict of class)
   804      1 100      304 100 141024381 46389599 dict of
                                                  matplotlib._api.deprecation._deprecated_propertyPartition of a set of 1 object. Total size = 304 bytes.
 Index  Count   %     Size   % Cumulative  % Kind (class / dict of class)
   805      1 100      304 100 141024685 46389699 dict of
                                                  matplotlib._api.deprecation._deprecated_propertyPartition of a set of 1 object. Total size = 304 bytes.
 Index  Count   %     Size   % Cumulative  % Kind (class / dict of class)
   806      1 100      304 100 141024989 46389799 dict of
                                                  matplotlib._api.deprecation._deprecated_propertyPartition of a set of 1 object. Total size = 304 bytes.
 Index  Count   %     Size   % Cumulative  % Kind (class / dict of class)
   807      1 100      304 100 141025293 46389899 dict of
                                                  matplotlib._api.deprecation._deprecated_propertyPartition of a set of 1 object. Total size = 304 bytes.
 Index  Count   %     Size   % Cumulative  % Kind (class / dict of class)
   808      1 100      304 100 141025597 46389999 dict of
                                                  matplotlib._api.deprecation._deprecated_propertyPartition of a set of 1 object. Total size = 304 bytes.
 Index  Count   %     Size   % Cumulative  % Kind (class / dict of class)
   809      1 100      304 100 141025901 46390099 dict of
                                                  matplotlib._api.deprecation._deprecated_propertyPartition of a set of 1 object. Total size = 304 bytes.
 Index  Count   %     Size   % Cumulative  % Kind (class / dict of class)
   810      1 100      304 100 141026205 46390199 dict of
                                                  matplotlib._api.deprecation._deprecated_propertyPartition of a set of 1 object. Total size = 304 bytes.
 Index  Count   %     Size   % Cumulative  % Kind (class / dict of class)
   811      1 100      304 100 141026509 46390299 dict of
                                                  matplotlib._api.deprecation._deprecated_propertyPartition of a set of 1 object. Total size = 304 bytes.
 Index  Count   %     Size   % Cumulative  % Kind (class / dict of class)
   812      1 100      304 100 141026813 46390399 dict of
                                                  matplotlib._api.deprecation._deprecated_propertyPartition of a set of 1 object. Total size = 304 bytes.
 Index  Count   %     Size   % Cumulative  % Kind (class / dict of class)
   813      1 100      304 100 141027117 46390499 dict of matplotlib.colors._ColorMappingPartition of a set of 1 object. Total size = 304 bytes.
 Index  Count   %     Size   % Cumulative  % Kind (class / dict of class)
   814      1 100      304 100 141027421 46390599 dict of pandas._libs.tslibs.strptime.TimeREPartition of a set of 1 object. Total size = 304 bytes.
 Index  Count   %     Size   % Cumulative  % Kind (class / dict of class)
   815      1 100      304 100 141027725 46390699 dict of pandas.plotting._misc._OptionsPartition of a set of 1 object. Total size = 304 bytes.
 Index  Count   %     Size   % Cumulative  % Kind (class / dict of class)
   816      1 100      304 100 141028029 46390799 dict of prompt_toolkit.cache.FastDictCachePartition of a set of 1 object. Total size = 304 bytes.
 Index  Count   %     Size   % Cumulative  % Kind (class / dict of class)
   817      1 100      304 100 141028333 46390899 dict of prompt_toolkit.output.vt100._256ColorCachePartition of a set of 1 object. Total size = 304 bytes.
 Index  Count   %     Size   % Cumulative  % Kind (class / dict of class)
   818      1 100      304 100 141028637 46390999 dict of prompt_toolkit.utils._CharSizesCachePartition of a set of 1 object. Total size = 304 bytes.
 Index  Count   %     Size   % Cumulative  % Kind (class / dict of class)
   819      1 100      304 100 141028941 46391099 dict of random.SystemRandomPartition of a set of 5 objects. Total size = 300 bytes.
 Index  Count   %     Size   % Cumulative  % Kind (class / dict of class)
   820      5 100      300 100 141029241 47009747 PIL.ExifTags.IFDPartition of a set of 5 objects. Total size = 300 bytes.
 Index  Count   %     Size   % Cumulative  % Kind (class / dict of class)
   821      5 100      300 100 141029541 47009847 PIL.ExifTags.InteropPartition of a set of 5 objects. Total size = 300 bytes.
 Index  Count   %     Size   % Cumulative  % Kind (class / dict of class)
   822      5 100      300 100 141029841 47009947 PIL.Image.TransformPartition of a set of 5 objects. Total size = 300 bytes.
 Index  Count   %     Size   % Cumulative  % Kind (class / dict of class)
   823      5 100      300 100 141030141 47010047 inspect._ParameterKindPartition of a set of 5 objects. Total size = 300 bytes.
 Index  Count   %     Size   % Cumulative  % Kind (class / dict of class)
   824      5 100      300 100 141030441 47010147 matplotlib.backend_bases.MouseButtonPartition of a set of 5 objects. Total size = 300 bytes.
 Index  Count   %     Size   % Cumulative  % Kind (class / dict of class)
   825      5 100      300 100 141030741 47010247 packaging._elffile.EMachinePartition of a set of 5 objects. Total size = 300 bytes.
 Index  Count   %     Size   % Cumulative  % Kind (class / dict of class)
   826      5 100      300 100 141031041 47010347
                                                  pandas.core.interchange.dataframe_protocol.ColumnN
                                                  ullTypePartition of a set of 5 objects. Total size = 300 bytes.
 Index  Count   %     Size   % Cumulative  % Kind (class / dict of class)
   827      5 100      300 100 141031341 47010447 pyarrow.lib.MetadataVersionPartition of a set of 5 objects. Total size = 300 bytes.
 Index  Count   %     Size   % Cumulative  % Kind (class / dict of class)
   828      5 100      300 100 141031641 47010547 socket.SocketKindPartition of a set of 5 objects. Total size = 300 bytes.
 Index  Count   %     Size   % Cumulative  % Kind (class / dict of class)
   829      5 100      300 100 141031941 47010647 zmq.constants.PollEventPartition of a set of 1 object. Total size = 296 bytes.
 Index  Count   %     Size   % Cumulative  % Kind (class / dict of class)
   830      1 100      296 100 141032237 47646026 dict of IPython.core.async_helpers._AsyncIORunnerPartition of a set of 1 object. Total size = 296 bytes.
 Index  Count   %     Size   % Cumulative  % Kind (class / dict of class)
   831      1 100      296 100 141032533 47646126 dict of
                                                  IPython.core.builtin_trap.__BuiltinUndefinedPartition of a set of 1 object. Total size = 296 bytes.
 Index  Count   %     Size   % Cumulative  % Kind (class / dict of class)
   832      1 100      296 100 141032829 47646226 dict of IPython.core.builtin_trap.__HideBuiltinPartition of a set of 1 object. Total size = 296 bytes.
 Index  Count   %     Size   % Cumulative  % Kind (class / dict of class)
   833      1 100      296 100 141033125 47646326 dict of IPython.core.display_functions._SentinelPartition of a set of 1 object. Total size = 296 bytes.
 Index  Count   %     Size   % Cumulative  % Kind (class / dict of class)
   834      1 100      296 100 141033421 47646426 dict of IPython.core.guarded_eval.SelectivePolicyPartition of a set of 1 object. Total size = 296 bytes.
 Index  Count   %     Size   % Cumulative  % Kind (class / dict of class)
   835      1 100      296 100 141033717 47646526 dict of
                                                  IPython.core.guarded_eval._IdentitySubscriptPartition of a set of 1 object. Total size = 296 bytes.
 Index  Count   %     Size   % Cumulative  % Kind (class / dict of class)
   836      1 100      296 100 141034013 47646626 dict of
                                                  IPython.core.inputtransformer2.MaybeAsyncCommandCo
                                                  mpilerPartition of a set of 1 object. Total size = 296 bytes.
 Index  Count   %     Size   % Cumulative  % Kind (class / dict of class)
   837      1 100      296 100 141034309 47646726 dict of
                                                  IPython.core.inputtransformer2.MaybeAsyncCompilePartition of a set of 1 object. Total size = 296 bytes.
 Index  Count   %     Size   % Cumulative  % Kind (class / dict of class)
   838      1 100      296 100 141034605 47646826 dict of
                                                  IPython.terminal.shortcuts.filters.PassThroughPartition of a set of 1 object. Total size = 296 bytes.
 Index  Count   %     Size   % Cumulative  % Kind (class / dict of class)
   839      1 100      296 100 141034901 47646926 dict of
                                                  IPython.utils._process_posix.ProcessHandlerPartition of a set of 1 object. Total size = 296 bytes.
 Index  Count   %     Size   % Cumulative  % Kind (class / dict of class)
   840      1 100      296 100 141035197 47647026 dict of IPython.utils.sentinel.SentinelPartition of a set of 1 object. Total size = 296 bytes.
 Index  Count   %     Size   % Cumulative  % Kind (class / dict of class)
   841      1 100      296 100 141035493 47647126 dict of IPython.utils.text.DollarFormatterPartition of a set of 1 object. Total size = 296 bytes.
 Index  Count   %     Size   % Cumulative  % Kind (class / dict of class)
   842      1 100      296 100 141035789 47647226 dict of _distutils_hack.DistutilsMetaFinderPartition of a set of 1 object. Total size = 296 bytes.
 Index  Count   %     Size   % Cumulative  % Kind (class / dict of class)
   843      1 100      296 100 141036085 47647326 dict of _frozen_importlib._WeakValueDictionaryPartition of a set of 1 object. Total size = 296 bytes.
 Index  Count   %     Size   % Cumulative  % Kind (class / dict of class)
   844      1 100      296 100 141036381 47647426 dict of _sitebuiltins._HelperPartition of a set of 1 object. Total size = 296 bytes.
 Index  Count   %     Size   % Cumulative  % Kind (class / dict of class)
   845      1 100      296 100 141036677 47647526 dict of asciitree.drawing.BoxStylePartition of a set of 1 object. Total size = 296 bytes.
 Index  Count   %     Size   % Cumulative  % Kind (class / dict of class)
   846      1 100      296 100 141036973 47647626 dict of asciitree.traversal.DictTraversalPartition of a set of 1 object. Total size = 296 bytes.
 Index  Count   %     Size   % Cumulative  % Kind (class / dict of class)
   847      1 100      296 100 141037269 47647726 dict of blinker._utilities.symbolPartition of a set of 1 object. Total size = 296 bytes.
 Index  Count   %     Size   % Cumulative  % Kind (class / dict of class)
   848      1 100      296 100 141037565 47647826 dict of blinker.base.SignalPartition of a set of 1 object. Total size = 296 bytes.
 Index  Count   %     Size   % Cumulative  % Kind (class / dict of class)
   849      1 100      296 100 141037861 47647926 dict of calendar.TextCalendarPartition of a set of 1 object. Total size = 296 bytes.
 Index  Count   %     Size   % Cumulative  % Kind (class / dict of class)
   850      1 100      296 100 141038157 47648026 dict of cffi.model.ArrayTypePartition of a set of 1 object. Total size = 296 bytes.
 Index  Count   %     Size   % Cumulative  % Kind (class / dict of class)
   851      1 100      296 100 141038453 47648126 dict of cffi.model.PrimitiveTypePartition of a set of 1 object. Total size = 296 bytes.
 Index  Count   %     Size   % Cumulative  % Kind (class / dict of class)
   852      1 100      296 100 141038749 47648226 dict of cffi.model.VoidTypePartition of a set of 1 object. Total size = 296 bytes.
 Index  Count   %     Size   % Cumulative  % Kind (class / dict of class)
   853      1 100      296 100 141039045 47648326 dict of click.types.BoolParamTypePartition of a set of 1 object. Total size = 296 bytes.
 Index  Count   %     Size   % Cumulative  % Kind (class / dict of class)
   854      1 100      296 100 141039341 47648426 dict of click.types.ChoicePartition of a set of 1 object. Total size = 296 bytes.
 Index  Count   %     Size   % Cumulative  % Kind (class / dict of class)
   855      1 100      296 100 141039637 47648526 dict of click.types.FloatParamTypePartition of a set of 1 object. Total size = 296 bytes.
 Index  Count   %     Size   % Cumulative  % Kind (class / dict of class)
   856      1 100      296 100 141039933 47648626 dict of click.types.IntParamTypePartition of a set of 1 object. Total size = 296 bytes.
 Index  Count   %     Size   % Cumulative  % Kind (class / dict of class)
   857      1 100      296 100 141040229 47648726 dict of click.types.StringParamTypePartition of a set of 1 object. Total size = 296 bytes.
 Index  Count   %     Size   % Cumulative  % Kind (class / dict of class)
   858      1 100      296 100 141040525 47648826 dict of click.types.UUIDParameterTypePartition of a set of 1 object. Total size = 296 bytes.
 Index  Count   %     Size   % Cumulative  % Kind (class / dict of class)
   859      1 100      296 100 141040821 47648926 dict of click.types.UnprocessedParamTypePartition of a set of 1 object. Total size = 296 bytes.
 Index  Count   %     Size   % Cumulative  % Kind (class / dict of class)
   860      1 100      296 100 141041117 47649026 dict of cloudpickle.cloudpickle._empty_cell_valuePartition of a set of 1 object. Total size = 296 bytes.
 Index  Count   %     Size   % Cumulative  % Kind (class / dict of class)
   861      1 100      296 100 141041413 47649126 dict of collections.ChainMapPartition of a set of 1 object. Total size = 296 bytes.
 Index  Count   %     Size   % Cumulative  % Kind (class / dict of class)
   862      1 100      296 100 141041709 47649226 dict of comm.base_comm.CommManagerPartition of a set of 1 object. Total size = 296 bytes.
 Index  Count   %     Size   % Cumulative  % Kind (class / dict of class)
   863      1 100      296 100 141042005 47649326 dict of configparser.BasicInterpolationPartition of a set of 1 object. Total size = 296 bytes.
 Index  Count   %     Size   % Cumulative  % Kind (class / dict of class)
   864      1 100      296 100 141042301 47649426 dict of configparser.InterpolationPartition of a set of 1 object. Total size = 296 bytes.
 Index  Count   %     Size   % Cumulative  % Kind (class / dict of class)
   865      1 100      296 100 141042597 47649526 dict of ctypes.PyDLLPartition of a set of 1 object. Total size = 296 bytes.
 Index  Count   %     Size   % Cumulative  % Kind (class / dict of class)
   866      1 100      296 100 141042893 47649626 dict of dash._callback.NoUpdatePartition of a set of 1 object. Total size = 296 bytes.
 Index  Count   %     Size   % Cumulative  % Kind (class / dict of class)
   867      1 100      296 100 141043189 47649726 dict of dash._callback_context.CallbackContextPartition of a set of 1 object. Total size = 296 bytes.
 Index  Count   %     Size   % Cumulative  % Kind (class / dict of class)
   868      1 100      296 100 141043485 47649826 dict of dash._jupyter.JupyterDashPartition of a set of 1 object. Total size = 296 bytes.
 Index  Count   %     Size   % Cumulative  % Kind (class / dict of class)
   869      1 100      296 100 141043781 47649926 dict of dash._utils.OrderedSetPartition of a set of 1 object. Total size = 296 bytes.
 Index  Count   %     Size   % Cumulative  % Kind (class / dict of class)
   870      1 100      296 100 141044077 47650026 dict of dash.dash.DashPartition of a set of 1 object. Total size = 296 bytes.
 Index  Count   %     Size   % Cumulative  % Kind (class / dict of class)
   871      1 100      296 100 141044373 47650126 dict of dash.dcc.Checklist.ChecklistPartition of a set of 1 object. Total size = 296 bytes.
 Index  Count   %     Size   % Cumulative  % Kind (class / dict of class)
   872      1 100      296 100 141044669 47650226 dict of dash.dcc.Download.DownloadPartition of a set of 1 object. Total size = 296 bytes.
 Index  Count   %     Size   % Cumulative  % Kind (class / dict of class)
   873      1 100      296 100 141044965 47650326 dict of dash.dcc.Location.LocationPartition of a set of 1 object. Total size = 296 bytes.
 Index  Count   %     Size   % Cumulative  % Kind (class / dict of class)
   874      1 100      296 100 141045261 47650426 dict of dash.dcc.Markdown.MarkdownPartition of a set of 1 object. Total size = 296 bytes.
 Index  Count   %     Size   % Cumulative  % Kind (class / dict of class)
   875      1 100      296 100 141045557 47650526 dict of dash.dcc.Tabs.TabsPartition of a set of 1 object. Total size = 296 bytes.
 Index  Count   %     Size   % Cumulative  % Kind (class / dict of class)
   876      1 100      296 100 141045853 47650626 dict of dash.development.base_component._REQUIREDPartition of a set of 1 object. Total size = 296 bytes.
 Index  Count   %     Size   % Cumulative  % Kind (class / dict of class)
   877      1 100      296 100 141046149 47650726 dict of dash.development.base_component._UNDEFINEDPartition of a set of 1 object. Total size = 296 bytes.
 Index  Count   %     Size   % Cumulative  % Kind (class / dict of class)
   878      1 100      296 100 141046445 47650826 dict of dash.html.Label.LabelPartition of a set of 1 object. Total size = 296 bytes.
 Index  Count   %     Size   % Cumulative  % Kind (class / dict of class)
   879      1 100      296 100 141046741 47650926 dict of dash.resources.CssPartition of a set of 1 object. Total size = 296 bytes.
 Index  Count   %     Size   % Cumulative  % Kind (class / dict of class)
   880      1 100      296 100 141047037 47651026 dict of dash.resources.ScriptsPartition of a set of 1 object. Total size = 296 bytes.
 Index  Count   %     Size   % Cumulative  % Kind (class / dict of class)
   881      1 100      296 100 141047333 47651126 dict of
                                                  dash_bootstrap_components._components.Carousel.Car
                                                  ouselPartition of a set of 1 object. Total size = 296 bytes.
 Index  Count   %     Size   % Cumulative  % Kind (class / dict of class)
   882      1 100      296 100 141047629 47651226 dict of dataclasses._HAS_DEFAULT_FACTORY_CLASSPartition of a set of 1 object. Total size = 296 bytes.
 Index  Count   %     Size   % Cumulative  % Kind (class / dict of class)
   883      1 100      296 100 141047925 47651326 dict of dataclasses._KW_ONLY_TYPEPartition of a set of 1 object. Total size = 296 bytes.
 Index  Count   %     Size   % Cumulative  % Kind (class / dict of class)
   884      1 100      296 100 141048221 47651426 dict of dataclasses._MISSING_TYPEPartition of a set of 1 object. Total size = 296 bytes.
 Index  Count   %     Size   % Cumulative  % Kind (class / dict of class)
   885      1 100      296 100 141048517 47651526 dict of dateutil.parser._parser._tzparserPartition of a set of 1 object. Total size = 296 bytes.
 Index  Count   %     Size   % Cumulative  % Kind (class / dict of class)
   886      1 100      296 100 141048813 47651626 dict of dateutil.parser._parser.parserPartition of a set of 1 object. Total size = 296 bytes.
 Index  Count   %     Size   % Cumulative  % Kind (class / dict of class)
   887      1 100      296 100 141049109 47651726 dict of dateutil.parser._parser.parserinfoPartition of a set of 1 object. Total size = 296 bytes.
 Index  Count   %     Size   % Cumulative  % Kind (class / dict of class)
   888      1 100      296 100 141049405 47651826 dict of dateutil.parser.isoparser.isoparserPartition of a set of 1 object. Total size = 296 bytes.
 Index  Count   %     Size   % Cumulative  % Kind (class / dict of class)
   889      1 100      296 100 141049701 47651926 dict of dateutil.rrule._rrulestrPartition of a set of 1 object. Total size = 296 bytes.
 Index  Count   %     Size   % Cumulative  % Kind (class / dict of class)
   890      1 100      296 100 141049997 47652026 dict of dateutil.tz.tz.GettzFuncPartition of a set of 1 object. Total size = 296 bytes.
 Index  Count   %     Size   % Cumulative  % Kind (class / dict of class)
   891      1 100      296 100 141050293 47652126 dict of dis._UnknownPartition of a set of 1 object. Total size = 296 bytes.
 Index  Count   %     Size   % Cumulative  % Kind (class / dict of class)
   892      1 100      296 100 141050589 47652226 dict of email._policybase.Compat32Partition of a set of 1 object. Total size = 296 bytes.
 Index  Count   %     Size   % Cumulative  % Kind (class / dict of class)
   893      1 100      296 100 141050885 47652326 dict of enum._auto_nullPartition of a set of 1 object. Total size = 296 bytes.
 Index  Count   %     Size   % Cumulative  % Kind (class / dict of class)
   894      1 100      296 100 141051181 47652426 dict of flask.app.FlaskPartition of a set of 1 object. Total size = 296 bytes.
 Index  Count   %     Size   % Cumulative  % Kind (class / dict of class)
   895      1 100      296 100 141051477 47652526 dict of flask.blueprints.BlueprintPartition of a set of 1 object. Total size = 296 bytes.
 Index  Count   %     Size   % Cumulative  % Kind (class / dict of class)
   896      1 100      296 100 141051773 47652626 dict of flask.cli.CertParamTypePartition of a set of 1 object. Total size = 296 bytes.
 Index  Count   %     Size   % Cumulative  % Kind (class / dict of class)
   897      1 100      296 100 141052069 47652726 dict of flask.cli.FlaskGroupPartition of a set of 1 object. Total size = 296 bytes.
 Index  Count   %     Size   % Cumulative  % Kind (class / dict of class)
   898      1 100      296 100 141052365 47652826 dict of flask.json.provider.DefaultJSONProviderPartition of a set of 1 object. Total size = 296 bytes.
 Index  Count   %     Size   % Cumulative  % Kind (class / dict of class)
   899      1 100      296 100 141052661 47652926 dict of
                                                  flask.sessions.SecureCookieSessionInterfacePartition of a set of 1 object. Total size = 296 bytes.
 Index  Count   %     Size   % Cumulative  % Kind (class / dict of class)
   900      1 100      296 100 141052957 47653026 dict of fsspec.callbacks.NoOpCallbackPartition of a set of 1 object. Total size = 296 bytes.
 Index  Count   %     Size   % Cumulative  % Kind (class / dict of class)
   901      1 100      296 100 141053253 47653126 dict of h5py.h5.ByteStringContextPartition of a set of 1 object. Total size = 296 bytes.
 Index  Count   %     Size   % Cumulative  % Kind (class / dict of class)
   902      1 100      296 100 141053549 47653226 dict of importlib_metadata.MetadataPathFinderPartition of a set of 1 object. Total size = 296 bytes.
 Index  Count   %     Size   % Cumulative  % Kind (class / dict of class)
   903      1 100      296 100 141053845 47653326 dict of ipykernel.comm.comm.CommPartition of a set of 1 object. Total size = 296 bytes.
 Index  Count   %     Size   % Cumulative  % Kind (class / dict of class)
   904      1 100      296 100 141054141 47653426 dict of jedi.inference.base_value.ValueSetPartition of a set of 1 object. Total size = 296 bytes.
 Index  Count   %     Size   % Cumulative  % Kind (class / dict of class)
   905      1 100      296 100 141054437 47653526 dict of jedi.plugins._PluginManagerPartition of a set of 1 object. Total size = 296 bytes.
 Index  Count   %     Size   % Cumulative  % Kind (class / dict of class)
   906      1 100      296 100 141054733 47653626 dict of jinja2.utils.LRUCachePartition of a set of 1 object. Total size = 296 bytes.
 Index  Count   %     Size   % Cumulative  % Kind (class / dict of class)
   907      1 100      296 100 141055029 47653726 dict of jinja2.utils.MissingTypePartition of a set of 1 object. Total size = 296 bytes.
 Index  Count   %     Size   % Cumulative  % Kind (class / dict of class)
   908      1 100      296 100 141055325 47653826 dict of json.encoder.JSONEncoderPartition of a set of 1 object. Total size = 296 bytes.
 Index  Count   %     Size   % Cumulative  % Kind (class / dict of class)
   909      1 100      296 100 141055621 47653926 dict of jupyter_client.adapter.V4toV5Partition of a set of 1 object. Total size = 296 bytes.
 Index  Count   %     Size   % Cumulative  % Kind (class / dict of class)
   910      1 100      296 100 141055917 47654026 dict of jupyter_client.adapter.V5toV4Partition of a set of 1 object. Total size = 296 bytes.
 Index  Count   %     Size   % Cumulative  % Kind (class / dict of class)
   911      1 100      296 100 141056213 47654126 dict of logging.ManagerPartition of a set of 1 object. Total size = 296 bytes.
 Index  Count   %     Size   % Cumulative  % Kind (class / dict of class)
   912      1 100      296 100 141056509 47654226 dict of logging.RootLoggerPartition of a set of 1 object. Total size = 296 bytes.
 Index  Count   %     Size   % Cumulative  % Kind (class / dict of class)
   913      1 100      296 100 141056805 47654326 dict of logging._StderrHandlerPartition of a set of 1 object. Total size = 296 bytes.
 Index  Count   %     Size   % Cumulative  % Kind (class / dict of class)
   914      1 100      296 100 141057101 47654426 dict of matplotlib.__getattr__Partition of a set of 1 object. Total size = 296 bytes.
 Index  Count   %     Size   % Cumulative  % Kind (class / dict of class)
   915      1 100      296 100 141057397 47654526 dict of
                                                  matplotlib._api.deprecation._deprecated_parameter_
                                                  classPartition of a set of 1 object. Total size = 296 bytes.
 Index  Count   %     Size   % Cumulative  % Kind (class / dict of class)
   916      1 100      296 100 141057693 47654626 dict of
                                                  matplotlib._api.deprecation._deprecated_propertyPartition of a set of 1 object. Total size = 296 bytes.
 Index  Count   %     Size   % Cumulative  % Kind (class / dict of class)
   917      1 100      296 100 141057989 47654726 dict of
                                                  matplotlib._api.deprecation._deprecated_propertyPartition of a set of 1 object. Total size = 296 bytes.
 Index  Count   %     Size   % Cumulative  % Kind (class / dict of class)
   918      1 100      296 100 141058285 47654826 dict of
                                                  matplotlib._api.deprecation._deprecated_propertyPartition of a set of 1 object. Total size = 296 bytes.
 Index  Count   %     Size   % Cumulative  % Kind (class / dict of class)
   919      1 100      296 100 141058581 47654926 dict of
                                                  matplotlib._api.deprecation._deprecated_propertyPartition of a set of 1 object. Total size = 296 bytes.
 Index  Count   %     Size   % Cumulative  % Kind (class / dict of class)
   920      1 100      296 100 141058877 47655026 dict of
                                                  matplotlib._docstring._ArtistPropertiesSubstitutio
                                                  nPartition of a set of 1 object. Total size = 296 bytes.
 Index  Count   %     Size   % Cumulative  % Kind (class / dict of class)
   921      1 100      296 100 141059173 47655126 dict of matplotlib.artist._UnsetPartition of a set of 1 object. Total size = 296 bytes.
 Index  Count   %     Size   % Cumulative  % Kind (class / dict of class)
   922      1 100      296 100 141059469 47655226 dict of matplotlib.cm.ColormapRegistryPartition of a set of 1 object. Total size = 296 bytes.
 Index  Count   %     Size   % Cumulative  % Kind (class / dict of class)
   923      1 100      296 100 141059765 47655326 dict of matplotlib.colors.ColorConverterPartition of a set of 1 object. Total size = 296 bytes.
 Index  Count   %     Size   % Cumulative  % Kind (class / dict of class)
   924      1 100      296 100 141060061 47655426 dict of matplotlib.colors.ColorSequenceRegistryPartition of a set of 1 object. Total size = 296 bytes.
 Index  Count   %     Size   % Cumulative  % Kind (class / dict of class)
   925      1 100      296 100 141060357 47655526 dict of matplotlib.dates._SwitchableDateConverterPartition of a set of 1 object. Total size = 296 bytes.
 Index  Count   %     Size   % Cumulative  % Kind (class / dict of class)
   926      1 100      296 100 141060653 47655626 dict of matplotlib.dates.__getattr__Partition of a set of 1 object. Total size = 296 bytes.
 Index  Count   %     Size   % Cumulative  % Kind (class / dict of class)
   927      1 100      296 100 141060949 47655726 dict of matplotlib.font_manager.FontManagerPartition of a set of 1 object. Total size = 296 bytes.
 Index  Count   %     Size   % Cumulative  % Kind (class / dict of class)
   928      1 100      296 100 141061245 47655826 dict of
                                                  matplotlib.legend_handler.HandlerCircleCollectionPartition of a set of 1 object. Total size = 296 bytes.
 Index  Count   %     Size   % Cumulative  % Kind (class / dict of class)
   929      1 100      296 100 141061541 47655926 dict of matplotlib.legend_handler.HandlerErrorbarPartition of a set of 1 object. Total size = 296 bytes.
 Index  Count   %     Size   % Cumulative  % Kind (class / dict of class)
   930      1 100      296 100 141061837 47656026 dict of matplotlib.legend_handler.HandlerLine2DPartition of a set of 1 object. Total size = 296 bytes.
 Index  Count   %     Size   % Cumulative  % Kind (class / dict of class)
   931      1 100      296 100 141062133 47656126 dict of
                                                  matplotlib.legend_handler.HandlerLineCollectionPartition of a set of 1 object. Total size = 296 bytes.
 Index  Count   %     Size   % Cumulative  % Kind (class / dict of class)
   932      1 100      296 100 141062429 47656226 dict of
                                                  matplotlib.legend_handler.HandlerPathCollectionPartition of a set of 1 object. Total size = 296 bytes.
 Index  Count   %     Size   % Cumulative  % Kind (class / dict of class)
   933      1 100      296 100 141062725 47656326 dict of
                                                  matplotlib.legend_handler.HandlerPolyCollectionPartition of a set of 1 object. Total size = 296 bytes.
 Index  Count   %     Size   % Cumulative  % Kind (class / dict of class)
   934      1 100      296 100 141063021 47656426 dict of
                                                  matplotlib.legend_handler.HandlerRegularPolyCollec
                                                  tionPartition of a set of 1 object. Total size = 296 bytes.
 Index  Count   %     Size   % Cumulative  % Kind (class / dict of class)
   935      1 100      296 100 141063317 47656526 dict of matplotlib.legend_handler.HandlerStemPartition of a set of 1 object. Total size = 296 bytes.
 Index  Count   %     Size   % Cumulative  % Kind (class / dict of class)
   936      1 100      296 100 141063613 47656626 dict of matplotlib.legend_handler.HandlerStepPatchPartition of a set of 1 object. Total size = 296 bytes.
 Index  Count   %     Size   % Cumulative  % Kind (class / dict of class)
   937      1 100      296 100 141063909 47656726 dict of matplotlib.legend_handler.HandlerTuplePartition of a set of 1 object. Total size = 296 bytes.
 Index  Count   %     Size   % Cumulative  % Kind (class / dict of class)
   938      1 100      296 100 141064205 47656826 dict of matplotlib.mathtext.MathTextParserPartition of a set of 1 object. Total size = 296 bytes.
 Index  Count   %     Size   % Cumulative  % Kind (class / dict of class)
   939      1 100      296 100 141064501 47656926 dict of matplotlib.projections.ProjectionRegistryPartition of a set of 1 object. Total size = 296 bytes.
 Index  Count   %     Size   % Cumulative  % Kind (class / dict of class)
   940      1 100      296 100 141064797 47657026 dict of matplotlib.textpath.TextToPathPartition of a set of 1 object. Total size = 296 bytes.
 Index  Count   %     Size   % Cumulative  % Kind (class / dict of class)
   941      1 100      296 100 141065093 47657126 dict of matplotlib.units.DecimalConverterPartition of a set of 1 object. Total size = 296 bytes.
 Index  Count   %     Size   % Cumulative  % Kind (class / dict of class)
   942      1 100      296 100 141065389 47657226 dict of mimetypes.MimeTypesPartition of a set of 1 object. Total size = 296 bytes.
 Index  Count   %     Size   % Cumulative  % Kind (class / dict of class)
   943      1 100      296 100 141065685 47657326 dict of multiprocessing.context.DefaultContextPartition of a set of 1 object. Total size = 296 bytes.
 Index  Count   %     Size   % Cumulative  % Kind (class / dict of class)
   944      1 100      296 100 141065981 47657426 dict of multiprocessing.context.ForkContextPartition of a set of 1 object. Total size = 296 bytes.
 Index  Count   %     Size   % Cumulative  % Kind (class / dict of class)
   945      1 100      296 100 141066277 47657526 dict of multiprocessing.context.ForkServerContextPartition of a set of 1 object. Total size = 296 bytes.
 Index  Count   %     Size   % Cumulative  % Kind (class / dict of class)
   946      1 100      296 100 141066573 47657626 dict of multiprocessing.context.SpawnContextPartition of a set of 1 object. Total size = 296 bytes.
 Index  Count   %     Size   % Cumulative  % Kind (class / dict of class)
   947      1 100      296 100 141066869 47657726 dict of multiprocessing.process._MainProcessPartition of a set of 1 object. Total size = 296 bytes.
 Index  Count   %     Size   % Cumulative  % Kind (class / dict of class)
   948      1 100      296 100 141067165 47657826 dict of
                                                  multiprocessing.resource_tracker.ResourceTrackerPartition of a set of 1 object. Total size = 296 bytes.
 Index  Count   %     Size   % Cumulative  % Kind (class / dict of class)
   949      1 100      296 100 141067461 47657926 dict of multiprocessing.synchronize.LockPartition of a set of 1 object. Total size = 296 bytes.
 Index  Count   %     Size   % Cumulative  % Kind (class / dict of class)
   950      1 100      296 100 141067757 47658026 dict of multiprocessing.util.FinalizePartition of a set of 1 object. Total size = 296 bytes.
 Index  Count   %     Size   % Cumulative  % Kind (class / dict of class)
   951      1 100      296 100 141068053 47658126 dict of numexpr.expressions.ExpressionPartition of a set of 1 object. Total size = 296 bytes.
 Index  Count   %     Size   % Cumulative  % Kind (class / dict of class)
   952      1 100      296 100 141068349 47658226 dict of numpy._globals._NoValueTypePartition of a set of 1 object. Total size = 296 bytes.
 Index  Count   %     Size   % Cumulative  % Kind (class / dict of class)
   953      1 100      296 100 141068645 47658326 dict of numpy.core._ufunc_config._unspecifiedPartition of a set of 1 object. Total size = 296 bytes.
 Index  Count   %     Size   % Cumulative  % Kind (class / dict of class)
   954      1 100      296 100 141068941 47658426 dict of numpy.lib._datasource._FileOpenersPartition of a set of 1 object. Total size = 296 bytes.
 Index  Count   %     Size   % Cumulative  % Kind (class / dict of class)
   955      1 100      296 100 141069237 47658526 dict of numpy.lib.index_tricks.CClassPartition of a set of 1 object. Total size = 296 bytes.
 Index  Count   %     Size   % Cumulative  % Kind (class / dict of class)
   956      1 100      296 100 141069533 47658626 dict of numpy.lib.index_tricks.MGridClassPartition of a set of 1 object. Total size = 296 bytes.
 Index  Count   %     Size   % Cumulative  % Kind (class / dict of class)
   957      1 100      296 100 141069829 47658726 dict of numpy.lib.index_tricks.OGridClassPartition of a set of 1 object. Total size = 296 bytes.
 Index  Count   %     Size   % Cumulative  % Kind (class / dict of class)
   958      1 100      296 100 141070125 47658826 dict of numpy.lib.index_tricks.RClassPartition of a set of 1 object. Total size = 296 bytes.
 Index  Count   %     Size   % Cumulative  % Kind (class / dict of class)
   959      1 100      296 100 141070421 47658926 dict of numpy.ma.core._DomainTanPartition of a set of 1 object. Total size = 296 bytes.
 Index  Count   %     Size   % Cumulative  % Kind (class / dict of class)
   960      1 100      296 100 141070717 47659026 dict of numpy.ma.core._MaskedPrintOptionPartition of a set of 1 object. Total size = 296 bytes.
 Index  Count   %     Size   % Cumulative  % Kind (class / dict of class)
   961      1 100      296 100 141071013 47659126 dict of numpy.ma.extras.mr_classPartition of a set of 1 object. Total size = 296 bytes.
 Index  Count   %     Size   % Cumulative  % Kind (class / dict of class)
   962      1 100      296 100 141071309 47659226 dict of numpy.testing._private.utils._DummyPartition of a set of 1 object. Total size = 296 bytes.
 Index  Count   %     Size   % Cumulative  % Kind (class / dict of class)
   963      1 100      296 100 141071605 47659326 dict of packaging._structures.InfinityTypePartition of a set of 1 object. Total size = 296 bytes.
 Index  Count   %     Size   % Cumulative  % Kind (class / dict of class)
   964      1 100      296 100 141071901 47659426 dict of packaging._structures.NegativeInfinityTypePartition of a set of 1 object. Total size = 296 bytes.
 Index  Count   %     Size   % Cumulative  % Kind (class / dict of class)
   965      1 100      296 100 141072197 47659526 dict of pandas._config.config.DictWrapperPartition of a set of 1 object. Total size = 296 bytes.
 Index  Count   %     Size   % Cumulative  % Kind (class / dict of class)
   966      1 100      296 100 141072493 47659626 dict of pandas._libs.lib._NoDefaultPartition of a set of 1 object. Total size = 296 bytes.
 Index  Count   %     Size   % Cumulative  % Kind (class / dict of class)
   967      1 100      296 100 141072789 47659726 dict of pandas.core.arrays.floating.Float32Dtype